Archive member included to satisfy reference by file (symbol)

c:/program files (x86)/atmel/studio/7.0/toolchain/avr8/avr8-gnu-toolchain/bin/../lib/gcc/avr/4.9.2/../../../../avr/lib/avr51\libprintf_flt.a(vfprintf_flt.o)
                              (vfprintf)
c:/program files (x86)/atmel/studio/7.0/toolchain/avr8/avr8-gnu-toolchain/bin/../lib/gcc/avr/4.9.2/../../../../avr/lib/avr51\libm.a(addsf3.o)
                              Application/application.o (__subsf3)
c:/program files (x86)/atmel/studio/7.0/toolchain/avr8/avr8-gnu-toolchain/bin/../lib/gcc/avr/4.9.2/../../../../avr/lib/avr51\libm.a(addsf3x.o)
                              c:/program files (x86)/atmel/studio/7.0/toolchain/avr8/avr8-gnu-toolchain/bin/../lib/gcc/avr/4.9.2/../../../../avr/lib/avr51\libm.a(addsf3.o) (__addsf3x)
c:/program files (x86)/atmel/studio/7.0/toolchain/avr8/avr8-gnu-toolchain/bin/../lib/gcc/avr/4.9.2/../../../../avr/lib/avr51\libm.a(divsf3.o)
                              Application/BowComm.o (__divsf3)
c:/program files (x86)/atmel/studio/7.0/toolchain/avr8/avr8-gnu-toolchain/bin/../lib/gcc/avr/4.9.2/../../../../avr/lib/avr51\libm.a(divsf3x.o)
                              c:/program files (x86)/atmel/studio/7.0/toolchain/avr8/avr8-gnu-toolchain/bin/../lib/gcc/avr/4.9.2/../../../../avr/lib/avr51\libm.a(divsf3.o) (__divsf3x)
c:/program files (x86)/atmel/studio/7.0/toolchain/avr8/avr8-gnu-toolchain/bin/../lib/gcc/avr/4.9.2/../../../../avr/lib/avr51\libm.a(fixunssfsi.o)
                              Application/application.o (__fixunssfsi)
c:/program files (x86)/atmel/studio/7.0/toolchain/avr8/avr8-gnu-toolchain/bin/../lib/gcc/avr/4.9.2/../../../../avr/lib/avr51\libm.a(floatsisf.o)
                              Application/application.o (__floatunsisf)
c:/program files (x86)/atmel/studio/7.0/toolchain/avr8/avr8-gnu-toolchain/bin/../lib/gcc/avr/4.9.2/../../../../avr/lib/avr51\libm.a(fp_inf.o)
                              c:/program files (x86)/atmel/studio/7.0/toolchain/avr8/avr8-gnu-toolchain/bin/../lib/gcc/avr/4.9.2/../../../../avr/lib/avr51\libm.a(addsf3x.o) (__fp_inf)
c:/program files (x86)/atmel/studio/7.0/toolchain/avr8/avr8-gnu-toolchain/bin/../lib/gcc/avr/4.9.2/../../../../avr/lib/avr51\libm.a(fp_nan.o)
                              c:/program files (x86)/atmel/studio/7.0/toolchain/avr8/avr8-gnu-toolchain/bin/../lib/gcc/avr/4.9.2/../../../../avr/lib/avr51\libm.a(addsf3x.o) (__fp_nan)
c:/program files (x86)/atmel/studio/7.0/toolchain/avr8/avr8-gnu-toolchain/bin/../lib/gcc/avr/4.9.2/../../../../avr/lib/avr51\libm.a(fp_pscA.o)
                              c:/program files (x86)/atmel/studio/7.0/toolchain/avr8/avr8-gnu-toolchain/bin/../lib/gcc/avr/4.9.2/../../../../avr/lib/avr51\libm.a(addsf3x.o) (__fp_pscA)
c:/program files (x86)/atmel/studio/7.0/toolchain/avr8/avr8-gnu-toolchain/bin/../lib/gcc/avr/4.9.2/../../../../avr/lib/avr51\libm.a(fp_pscB.o)
                              c:/program files (x86)/atmel/studio/7.0/toolchain/avr8/avr8-gnu-toolchain/bin/../lib/gcc/avr/4.9.2/../../../../avr/lib/avr51\libm.a(addsf3x.o) (__fp_pscB)
c:/program files (x86)/atmel/studio/7.0/toolchain/avr8/avr8-gnu-toolchain/bin/../lib/gcc/avr/4.9.2/../../../../avr/lib/avr51\libm.a(fp_round.o)
                              c:/program files (x86)/atmel/studio/7.0/toolchain/avr8/avr8-gnu-toolchain/bin/../lib/gcc/avr/4.9.2/../../../../avr/lib/avr51\libm.a(addsf3.o) (__fp_round)
c:/program files (x86)/atmel/studio/7.0/toolchain/avr8/avr8-gnu-toolchain/bin/../lib/gcc/avr/4.9.2/../../../../avr/lib/avr51\libm.a(fp_split3.o)
                              c:/program files (x86)/atmel/studio/7.0/toolchain/avr8/avr8-gnu-toolchain/bin/../lib/gcc/avr/4.9.2/../../../../avr/lib/avr51\libm.a(addsf3x.o) (__fp_split3)
c:/program files (x86)/atmel/studio/7.0/toolchain/avr8/avr8-gnu-toolchain/bin/../lib/gcc/avr/4.9.2/../../../../avr/lib/avr51\libm.a(fp_zero.o)
                              c:/program files (x86)/atmel/studio/7.0/toolchain/avr8/avr8-gnu-toolchain/bin/../lib/gcc/avr/4.9.2/../../../../avr/lib/avr51\libm.a(addsf3x.o) (__fp_zero)
c:/program files (x86)/atmel/studio/7.0/toolchain/avr8/avr8-gnu-toolchain/bin/../lib/gcc/avr/4.9.2/../../../../avr/lib/avr51\libm.a(mulsf3.o)
                              Application/application.o (__mulsf3)
c:/program files (x86)/atmel/studio/7.0/toolchain/avr8/avr8-gnu-toolchain/bin/../lib/gcc/avr/4.9.2/../../../../avr/lib/avr51\libm.a(mulsf3x.o)
                              c:/program files (x86)/atmel/studio/7.0/toolchain/avr8/avr8-gnu-toolchain/bin/../lib/gcc/avr/4.9.2/../../../../avr/lib/avr51\libm.a(mulsf3.o) (__mulsf3x)
c:/program files (x86)/atmel/studio/7.0/toolchain/avr8/avr8-gnu-toolchain/bin/../lib/gcc/avr/4.9.2/avr51\libgcc.a(_udivmodhi4.o)
                              mifare/Mifare.o (__udivmodhi4)
c:/program files (x86)/atmel/studio/7.0/toolchain/avr8/avr8-gnu-toolchain/bin/../lib/gcc/avr/4.9.2/avr51\libgcc.a(_divmodhi4.o)
                              RUM/mac_event.o (__divmodhi4)
[...]
Memory Configuration

Name             Origin             Length             Attributes
text             0x00000000         0x00020000         xr
data             0x00800100         0x0000ff00         rw !x
eeprom           0x00810000         0x00010000         rw !x
fuse             0x00820000         0x00000003         rw !x
lock             0x00830000         0x00000400         rw !x
signature        0x00840000         0x00000400         rw !x
user_signatures  0x00850000         0x00000400         rw !x
*default*        0x00000000         0xffffffff

Linker script and memory map

Address of section .data set to 0x800200
LOAD C:/Program Files (x86)/Atmel/Studio/7.0/Packs/atmel/ATmega_DFP/1.1.130/gcc/dev/atmega128rfa1/avr51/crtatmega128rfa1.o
LOAD Application/application.o
LOAD Application/BowComm.o
LOAD Application/display.o
LOAD Application/SpeedQueen.o
LOAD Application/reader.o
LOAD Keypad/Keypad.o
LOAD mifare/Mifare.o
LOAD mifare/RegCtrl.o
LOAD Bill_Acceptor/mars_comm.o
LOAD SPI/spi.o
LOAD TWI/i2cbitbang.o
LOAD TWI/twi.o
LOAD main.o
LOAD Application/sleep.o
LOAD Radio/radio.o
LOAD Radio/hal_avr.o
LOAD RUM/mac_start.o
LOAD RUM/mac.o
LOAD RUM/mac_associate.o
LOAD RUM/mac_beacon.o
LOAD RUM/mac_data.o
LOAD RUM/mac_event.o
LOAD RUM/mac_route.o
LOAD RUM/mac_scan.o
LOAD Timer/avr_timer.o
LOAD Timer/timer_enddevice.o
LOAD Application/machine.o
LOAD UART/serial.o
LOAD RUM/sensors.o
LOAD RUM/sixlowpan_wake.o
START GROUP
LOAD c:/program files (x86)/atmel/studio/7.0/toolchain/avr8/avr8-gnu-toolchain/bin/../lib/gcc/avr/4.9.2/../../../../avr/lib/avr51\libprintf_flt.a
LOAD c:/program files (x86)/atmel/studio/7.0/toolchain/avr8/avr8-gnu-toolchain/bin/../lib/gcc/avr/4.9.2/../../../../avr/lib/avr51\libm.a
END GROUP
                0x00004000                __stack = 0x4000
Address of section .data set to 0x800200
START GROUP
LOAD c:/program files (x86)/atmel/studio/7.0/toolchain/avr8/avr8-gnu-toolchain/bin/../lib/gcc/avr/4.9.2/avr51\libgcc.a
LOAD c:/program files (x86)/atmel/studio/7.0/toolchain/avr8/avr8-gnu-toolchain/bin/../lib/gcc/avr/4.9.2/../../../../avr/lib/avr51\libm.a
LOAD c:/program files (x86)/atmel/studio/7.0/toolchain/avr8/avr8-gnu-toolchain/bin/../lib/gcc/avr/4.9.2/../../../../avr/lib/avr51\libc.a
LOAD C:/Program Files (x86)/Atmel/Studio/7.0/Packs/atmel/ATmega_DFP/1.1.130/gcc/dev/atmega128rfa1/avr51\libatmega128rfa1.a
END GROUP
                0x00020000                __TEXT_REGION_LENGTH__ = DEFINED (__TEXT_REGION_LENGTH__)?__TEXT_REGION_LENGTH__:0x20000
                0x0000ff00                __DATA_REGION_LENGTH__ = DEFINED (__DATA_REGION_LENGTH__)?__DATA_REGION_LENGTH__:0xff00
                0x00010000                __EEPROM_REGION_LENGTH__ = DEFINED (__EEPROM_REGION_LENGTH__)?__EEPROM_REGION_LENGTH__:0x10000
                [0x00000003]                __FUSE_REGION_LENGTH__ = DEFINED (__FUSE_REGION_LENGTH__)?__FUSE_REGION_LENGTH__:0x400
                0x00000400                __LOCK_REGION_LENGTH__ = DEFINED (__LOCK_REGION_LENGTH__)?__LOCK_REGION_LENGTH__:0x400
                0x00000400                __SIGNATURE_REGION_LENGTH__ = DEFINED (__SIGNATURE_REGION_LENGTH__)?__SIGNATURE_REGION_LENGTH__:0x400
                0x00000400                __USER_SIGNATURE_REGION_LENGTH__ = DEFINED (__USER_SIGNATURE_REGION_LENGTH__)?__USER_SIGNATURE_REGION_LENGTH__:0x400

.hash
 *(.hash)

.dynsym
 *(.dynsym)

.dynstr
 *(.dynstr)

.gnu.version
 *(.gnu.version)

.gnu.version_d
 *(.gnu.version_d)

.gnu.version_r
 *(.gnu.version_r)

.rel.init
 *(.rel.init)

.rela.init
 *(.rela.init)

.rel.text
 *(.rel.text)
 *(.rel.text.*)
 *(.rel.gnu.linkonce.t*)

.rela.text
 *(.rela.text)
 *(.rela.text.*)
 *(.rela.gnu.linkonce.t*)

.rel.fini
 *(.rel.fini)

.rela.fini
 *(.rela.fini)

.rel.rodata
 *(.rel.rodata)
 *(.rel.rodata.*)
 *(.rel.gnu.linkonce.r*)

.rela.rodata
 *(.rela.rodata)
 *(.rela.rodata.*)
 *(.rela.gnu.linkonce.r*)

.rel.data
 *(.rel.data)
 *(.rel.data.*)
 *(.rel.gnu.linkonce.d*)

.rela.data
 *(.rela.data)
 *(.rela.data.*)
 *(.rela.gnu.linkonce.d*)

.rel.ctors
 *(.rel.ctors)

.rela.ctors
 *(.rela.ctors)

.rel.dtors
 *(.rel.dtors)

.rela.dtors
 *(.rela.dtors)

.rel.got
 *(.rel.got)

.rela.got
 *(.rela.got)

.rel.bss
 *(.rel.bss)

.rela.bss
 *(.rela.bss)

.rel.plt
 *(.rel.plt)

.rela.plt
 *(.rela.plt)

.text           0x00000000     0x6a06
 *(.vectors)
 .vectors       0x00000000      0x120 C:/Program Files (x86)/Atmel/Studio/7.0/Packs/atmel/ATmega_DFP/1.1.130/gcc/dev/atmega128rfa1/avr51/crtatmega128rfa1.o
                0x00000000                __vector_default
                0x00000000                __vectors
 *(.vectors)
 *(.progmem.gcc*)
 .progmem.gcc_sw_table.appTask
                0x00000120       0x50 Application/application.o
 .progmem.gcc_sw_table.macTask
                0x00000170       0x14 RUM/mac_event.o
                0x00000184                . = ALIGN (0x2)
                0x00000184                __trampolines_start = .
 *(.trampolines)
 .trampolines   0x00000184        0x0 linker stubs
 *(.trampolines*)
                0x00000184                __trampolines_end = .
 *libprintf_flt.a:*(.progmem.data)
 .progmem.data  0x00000184        0x8 c:/program files (x86)/atmel/studio/7.0/toolchain/avr8/avr8-gnu-toolchain/bin/../lib/gcc/avr/4.9.2/../../../../avr/lib/avr51\libprintf_flt.a(vfprintf_flt.o)
 *libc.a:*(.progmem.data)
 .progmem.data  0x0000018c       0xfa c:/program files (x86)/atmel/studio/7.0/toolchain/avr8/avr8-gnu-toolchain/bin/../lib/gcc/avr/4.9.2/../../../../avr/lib/avr51\libc.a(ftoa_engine.o)
 .progmem.data  0x00000286       0x3b c:/program files (x86)/atmel/studio/7.0/toolchain/avr8/avr8-gnu-toolchain/bin/../lib/gcc/avr/4.9.2/../../../../avr/lib/avr51\libc.a(strtod.o)
 *(.progmem*)
                0x000002c2                . = ALIGN (0x2)
 *fill*         0x000002c1        0x1 
 *(.jumptables)
 *(.jumptables*)
 *(.lowtext)
 *(.lowtext*)
                0x000002c2                __ctors_start = .
 *(.ctors)
                0x000002c2                __ctors_end = .
                0x000002c2                __dtors_start = .
 *(.dtors)
                0x000002c2                __dtors_end = .
 SORT(*)(.ctors)
 SORT(*)(.dtors)
 *(.init0)
 .init0         0x000002c2        0x0 C:/Program Files (x86)/Atmel/Studio/7.0/Packs/atmel/ATmega_DFP/1.1.130/gcc/dev/atmega128rfa1/avr51/crtatmega128rfa1.o
                0x000002c2                __init
 *(.init0)
 *(.init1)
 *(.init1)
 *(.init2)
 .init2         0x000002c2        0xc C:/Program Files (x86)/Atmel/Studio/7.0/Packs/atmel/ATmega_DFP/1.1.130/gcc/dev/atmega128rfa1/avr51/crtatmega128rfa1.o
 *(.init2)
 *(.init3)
 *(.init3)
 *(.init4)
 .init4         0x000002ce       0x1a c:/program files (x86)/atmel/studio/7.0/toolchain/avr8/avr8-gnu-toolchain/bin/../lib/gcc/avr/4.9.2/avr51\libgcc.a(_copy_data.o)
                0x000002ce                __do_copy_data
 .init4         0x000002e8       0x10 c:/program files (x86)/atmel/studio/7.0/toolchain/avr8/avr8-gnu-toolchain/bin/../lib/gcc/avr/4.9.2/avr51\libgcc.a(_clear_bss.o)
                0x000002e8                __do_clear_bss
 *(.init4)
 *(.init5)
 *(.init5)
 *(.init6)
 *(.init6)
 *(.init7)
 *(.init7)
 *(.init8)
 *(.init8)
 *(.init9)
 .init9         0x000002f8        0x8 C:/Program Files (x86)/Atmel/Studio/7.0/Packs/atmel/ATmega_DFP/1.1.130/gcc/dev/atmega128rfa1/avr51/crtatmega128rfa1.o
 *(.init9)
 *(.text)
 .text          0x00000300        0x4 C:/Program Files (x86)/Atmel/Studio/7.0/Packs/atmel/ATmega_DFP/1.1.130/gcc/dev/atmega128rfa1/avr51/crtatmega128rfa1.o
                0x00000300                __vector_38
                0x00000300                __vector_22
                0x00000300                __vector_28
                0x00000300                __vector_67
                0x00000300                __vector_1
                0x00000300                __vector_71
                0x00000300                __vector_34
                0x00000300                __vector_62
                0x00000300                __vector_24
                0x00000300                __vector_55
                0x00000300                __vector_69
                0x00000300                __vector_46
                0x00000300                __bad_interrupt
                0x00000300                __vector_6
                0x00000300                __vector_31
                0x00000300                __vector_39
                0x00000300                __vector_3
                0x00000300                __vector_23
                0x00000300                __vector_68
                0x00000300                __vector_30
                0x00000300                __vector_45
                0x00000300                __vector_25
                0x00000300                __vector_11
                0x00000300                __vector_54
                0x00000300                __vector_13
                0x00000300                __vector_17
                0x00000300                __vector_19
                0x00000300                __vector_56
                0x00000300                __vector_7
                0x00000300                __vector_49
                0x00000300                __vector_41
                0x00000300                __vector_64
                0x00000300                __vector_43
                0x00000300                __vector_27
                0x00000300                __vector_5
                0x00000300                __vector_33
                0x00000300                __vector_47
                0x00000300                __vector_52
                0x00000300                __vector_4
                0x00000300                __vector_44
                0x00000300                __vector_51
                0x00000300                __vector_9
                0x00000300                __vector_2
                0x00000300                __vector_15
                0x00000300                __vector_66
                0x00000300                __vector_58
                0x00000300                __vector_70
                0x00000300                __vector_29
                0x00000300                __vector_40
                0x00000300                __vector_8
                0x00000300                __vector_26
                0x00000300                __vector_48
                0x00000300                __vector_14
                0x00000300                __vector_57
                0x00000300                __vector_53
                0x00000300                __vector_10
                0x00000300                __vector_50
                0x00000300                __vector_16
                0x00000300                __vector_18
                0x00000300                __vector_20
                0x00000300                __vector_42
                0x00000300                __vector_65
                0x00000304                . = ALIGN (0x2)
 *(.text.*)
 .text.ledoff1  0x00000304        0x4 Application/application.o
                0x00000304                ledoff1
 .text.ledoff2  0x00000308        0x4 Application/application.o
                0x00000308                ledoff2
 .text.ValidationTimeout
                0x0000030c        0x8 Application/application.o
                0x0000030c                ValidationTimeout
 .text.CommTimeOut
                0x00000314       0x12 Application/application.o
                0x00000314                CommTimeOut
 .text.KeypressTimeOut
                0x00000326        0x8 Application/application.o
                0x00000326                KeypressTimeOut
 .text.SetupTimeout
                0x0000032e        0x8 Application/application.o
                0x0000032e                SetupTimeout
 .text.SetDeviceState
                0x00000336        0x8 Application/application.o
                0x00000336                SetDeviceState
 .text.appStartScan
                0x0000033e        0xa Application/application.o
                0x0000033e                appStartScan
 .text.appAssociate
                0x00000348        0xe Application/application.o
                0x00000348                appAssociate
 .text.appPingReq
                0x00000356        0x8 Application/application.o
                0x00000356                appPingReq
 .text.appPingRsp
                0x0000035e       0x10 Application/application.o
                0x0000035e                appPingRsp
 .text.appPacketSendSucceed
                0x0000036e       0x1c Application/application.o
                0x0000036e                appPacketSendSucceed
 .text.appPacketSendAccessFail
                0x0000038a        0x2 Application/application.o
                0x0000038a                appPacketSendAccessFail
 .text.appPacketSendFailed
                0x0000038c       0x8e Application/application.o
                0x0000038c                appPacketSendFailed
 .text.appDataIndication
                0x0000041a       0x52 Application/application.o
                0x0000041a                appDataIndication
 .text.appChildAssociated
                0x0000046c        0xe Application/application.o
                0x0000046c                appChildAssociated
 .text.appAssociateConfirm
                0x0000047a       0x36 Application/application.o
                0x0000047a                appAssociateConfirm
 .text.appScanConfirm
                0x000004b0       0x2e Application/application.o
                0x000004b0                appScanConfirm
 .text.checkEeprom
                0x000004de      0x160 Application/application.o
                0x000004de                checkEeprom
 .text.appInit  0x0000063e      0x150 Application/application.o
                0x0000063e                appInit
 .text.GetParam
                0x0000078e       0x68 Application/application.o
                0x0000078e                GetParam
 .text.DevicePoll
                0x000007f6       0x10 Application/application.o
                0x000007f6                DevicePoll
 .text.padLeft  0x00000806       0xb0 Application/application.o
                0x00000806                padLeft
 .text.appTask  0x000008b6      0x6ce Application/application.o
                0x000008b6                appTask
 .text.timeoutWaitingForOLTReponse
                0x00000f84        0xc Application/BowComm.o
 .text.asciiStringToNibble
                0x00000f90       0x78 Application/BowComm.o
                0x00000f90                asciiStringToNibble
 .text.constructOutgoingString
                0x00001008      0x140 Application/BowComm.o
                0x00001008                constructOutgoingString
 .text.sendReaderFirmwareVersion
                0x00001148       0x5c Application/BowComm.o
                0x00001148                sendReaderFirmwareVersion
 .text.sendSetupRequest
                0x000011a4       0x52 Application/BowComm.o
                0x000011a4                sendSetupRequest
 .text.sendValidationRequest
                0x000011f6       0x4e Application/BowComm.o
                0x000011f6                sendValidationRequest
 .text.sendMachineLabel
                0x00001244       0x4e Application/BowComm.o
                0x00001244                sendMachineLabel
 .text.sendMachineDescription
                0x00001292       0x52 Application/BowComm.o
                0x00001292                sendMachineDescription
 .text.sendNumberOfOLT
                0x000012e4       0x4e Application/BowComm.o
                0x000012e4                sendNumberOfOLT
 .text.extractIncomingMessage
                0x00001332      0x472 Application/BowComm.o
                0x00001332                extractIncomingMessage
 .text.sendCCTransaction
                0x000017a4      0x114 Application/BowComm.o
                0x000017a4                sendCCTransaction
 .text.displayMsg
                0x000018b8       0x50 Application/display.o
                0x000018b8                displayMsg
 .text.displayVersion
                0x00001908        0x4 Application/display.o
                0x00001908                displayVersion
 .text.getSQSetupData
                0x0000190c      0x2ec Application/SpeedQueen.o
                0x0000190c                getSQSetupData
 .text.sendSQData
                0x00001bf8       0xc2 Application/SpeedQueen.o
                0x00001bf8                sendSQData
 .text.sendSQVendPrice
                0x00001cba       0xaa Application/SpeedQueen.o
                0x00001cba                sendSQVendPrice
 .text.getSQData
                0x00001d64       0x6e Application/SpeedQueen.o
                0x00001d64                getSQData
 .text.getSQStatusData
                0x00001dd2       0xf8 Application/SpeedQueen.o
                0x00001dd2                getSQStatusData
 .text.getSQMachineStatus
                0x00001eca       0x70 Application/SpeedQueen.o
                0x00001eca                getSQMachineStatus
 .text.getSQInitData
                0x00001f3a       0x4e Application/SpeedQueen.o
                0x00001f3a                getSQInitData
 .text.isQuantum
                0x00001f88       0x4e Application/SpeedQueen.o
                0x00001f88                isQuantum
 .text.waitSQStartKey
                0x00001fd6       0x34 Application/SpeedQueen.o
                0x00001fd6                waitSQStartKey
 .text.isSQCycleRunning
                0x0000200a       0x1c Application/SpeedQueen.o
                0x0000200a                isSQCycleRunning
 .text.sendSQCashCardInserted
                0x00002026       0x68 Application/SpeedQueen.o
                0x00002026                sendSQCashCardInserted
 .text.sendSQCashCardInsetedForTopoff
                0x0000208e       0x74 Application/SpeedQueen.o
                0x0000208e                sendSQCashCardInsetedForTopoff
 .text.sendSQCardRemoved
                0x00002102       0x24 Application/SpeedQueen.o
                0x00002102                sendSQCardRemoved
 .text.sendSQCashCardRemoved
                0x00002126       0x6e Application/SpeedQueen.o
                0x00002126                sendSQCashCardRemoved
 .text.sendSQDisplayCommand
                0x00002194       0x50 Application/SpeedQueen.o
                0x00002194                sendSQDisplayCommand
 .text.displaySQReaderVersion
                0x000021e4       0x30 Application/SpeedQueen.o
                0x000021e4                displaySQReaderVersion
 .text.displaySQCardError
                0x00002214       0x58 Application/SpeedQueen.o
                0x00002214                displaySQCardError
 .text.cardRemoved
                0x0000226c       0x1e Application/SpeedQueen.o
                0x0000226c                cardRemoved
 .text.cardInserted
                0x0000228a       0x24 Application/SpeedQueen.o
                0x0000228a                cardInserted
 .text.isMachineCycleRunning
                0x000022ae        0x4 Application/SpeedQueen.o
                0x000022ae                isMachineCycleRunning
 .text.waitForMachineStartKey
                0x000022b2        0x4 Application/SpeedQueen.o
                0x000022b2                waitForMachineStartKey
 .text.MachineStatus
                0x000022b6       0x10 Application/SpeedQueen.o
                0x000022b6                MachineStatus
 .text.initMachine
                0x000022c6       0x34 Application/SpeedQueen.o
                0x000022c6                initMachine
 .text.setupMachine
                0x000022fa      0x418 Application/SpeedQueen.o
                0x000022fa                setupMachine
 .text.startMachineCycle
                0x00002712       0x24 Application/SpeedQueen.o
                0x00002712                startMachineCycle
 .text.initReader
                0x00002736       0xe0 Application/reader.o
                0x00002736                initReader
 .text.storeOfflineTransaction
                0x00002816      0x158 Application/reader.o
                0x00002816                storeOfflineTransaction
 .text.sendStoredTransaction
                0x0000296e       0xc2 Application/reader.o
                0x0000296e                sendStoredTransaction
 .text.SetTimeOut
                0x00002a30       0x5c mifare/Mifare.o
                0x00002a30                SetTimeOut
 .text.Rc522Init
                0x00002a8c       0xc4 mifare/Mifare.o
                0x00002a8c                Rc522Init
 .text.M522PcdCmd
                0x00002b50      0x280 mifare/Mifare.o
                0x00002b50                M522PcdCmd
 .text.Request  0x00002dd0       0xb0 mifare/Mifare.o
                0x00002dd0                Request
 .text.CascAnticoll
                0x00002e80      0x1f2 mifare/Mifare.o
                0x00002e80                CascAnticoll
 .text.Select   0x00003072       0xbe mifare/Mifare.o
                0x00003072                Select
 .text.AnticollSelect
                0x00003130      0x156 mifare/Mifare.o
                0x00003130                AnticollSelect
 .text.Authentication
                0x00003286       0x90 mifare/Mifare.o
                0x00003286                Authentication
 .text.Read     0x00003316       0xb4 mifare/Mifare.o
                0x00003316                Read
 .text.readCardID
                0x000033ca        0xe mifare/Mifare.o
                0x000033ca                readCardID
 .text.RcSetReg
                0x000033d8       0x28 mifare/RegCtrl.o
                0x000033d8                RcSetReg
 .text.RcGetReg
                0x00003400       0x14 mifare/RegCtrl.o
                0x00003400                RcGetReg
 .text.RcModifyReg
                0x00003414       0x3a mifare/RegCtrl.o
                0x00003414                RcModifyReg
 .text.Spi_initialize
                0x0000344e       0x30 SPI/spi.o
                0x0000344e                Spi_initialize
 .text.Spi_send
                0x0000347e        0xa SPI/spi.o
                0x0000347e                Spi_send
 .text.Spi_receive
                0x00003488        0xe SPI/spi.o
                0x00003488                Spi_receive
 .text.mifareInit
                0x00003496        0x8 main.o
                0x00003496                mifareInit
 .text.startup.main
                0x0000349e       0x3e main.o
                0x0000349e                main
 .text.isSleeping
                0x000034dc        0xa Radio/radio.o
 .text.radioGetPartnum
                0x000034e6       0x16 Radio/radio.o
                0x000034e6                radioGetPartnum
 .text.radioRxStartEvent
                0x000034fc       0x10 Radio/radio.o
                0x000034fc                radioRxStartEvent
 .text.radioGetSavedRssiValue
                0x0000350c       0x12 Radio/radio.o
                0x0000350c                radioGetSavedRssiValue
 .text.radioGetSavedLqiValue
                0x0000351e        0x6 Radio/radio.o
                0x0000351e                radioGetSavedLqiValue
 .text.radioSetOperatingChannel
                0x00003524       0x62 Radio/radio.o
                0x00003524                radioSetOperatingChannel
 .text.radioSetClockSpeed
                0x00003586       0x2e Radio/radio.o
                0x00003586                radioSetClockSpeed
 .text.radioGetTrxState
                0x000035b4        0x8 Radio/radio.o
                0x000035b4                radioGetTrxState
 .text.radioResetStateMachine
                0x000035bc       0x28 Radio/radio.o
                0x000035bc                radioResetStateMachine
 .text.radioResetTrx
                0x000035e4       0x20 Radio/radio.o
                0x000035e4                radioResetTrx
 .text.radioInit
                0x00003604       0x58 Radio/radio.o
                0x00003604                radioInit
 .text.radioUseAutoTxCrc
                0x0000365c       0x3c Radio/radio.o
                0x0000365c                radioUseAutoTxCrc
 .text.radioIsBusy
                0x00003698       0x20 Radio/radio.o
                0x00003698                radioIsBusy
 .text.radioSetTrxState
                0x000036b8       0xd6 Radio/radio.o
                0x000036b8                radioSetTrxState
 .text.radioTrxEndEvent
                0x0000378e      0x168 Radio/radio.o
                0x0000378e                radioTrxEndEvent
 .text.radioSendData
                0x000038f6       0x6e Radio/radio.o
                0x000038f6                radioSendData
 .text.radioSetDeviceRole
                0x00003964        0xe Radio/radio.o
                0x00003964                radioSetDeviceRole
 .text.radioSetPanId
                0x00003972        0xa Radio/radio.o
                0x00003972                radioSetPanId
 .text.radioSetShortAddress
                0x0000397c        0xa Radio/radio.o
                0x0000397c                radioSetShortAddress
 .text.radioSetExtendedAddress
                0x00003986       0x16 Radio/radio.o
                0x00003986                radioSetExtendedAddress
 .text.radioRandom
                0x0000399c       0x5e Radio/radio.o
                0x0000399c                radioRandom
 .text.radioSetup900
                0x000039fa        0x2 Radio/radio.o
                0x000039fa                radioSetup900
 .text.__vector_59
                0x000039fc       0x50 Radio/hal_avr.o
                0x000039fc                __vector_59
 .text.__vector_60
                0x00003a4c       0x50 Radio/hal_avr.o
                0x00003a4c                __vector_60
 .text.__vector_63
                0x00003a9c       0x5a Radio/hal_avr.o
                0x00003a9c                __vector_63
 .text.__vector_61
                0x00003af6       0x50 Radio/hal_avr.o
                0x00003af6                __vector_61
 .text.calibrate_rc_osc
                0x00003b46       0xea Radio/hal_avr.o
                0x00003b46                calibrate_rc_osc
 .text.halGetEeprom
                0x00003c30       0x2a Radio/hal_avr.o
                0x00003c30                halGetEeprom
 .text.halPutEeprom
                0x00003c5a       0x2a Radio/hal_avr.o
                0x00003c5a                halPutEeprom
 .text.macInit  0x00003c84       0xf6 RUM/mac.o
                0x00003c84                macInit
 .text.macSetOperatingChannel
                0x00003d7a        0x8 RUM/mac.o
                0x00003d7a                macSetOperatingChannel
 .text.macAssociationConfirm
                0x00003d82       0x14 RUM/mac_associate.o
                0x00003d82                macAssociationConfirm
 .text.macAssociate
                0x00003d96       0xa4 RUM/mac_associate.o
                0x00003d96                macAssociate
 .text.macIsChild
                0x00003e3a       0x24 RUM/mac_associate.o
                0x00003e3a                macIsChild
 .text.macAddChild
                0x00003e5e       0x82 RUM/mac_associate.o
                0x00003e5e                macAddChild
 .text.macRemoveChild
                0x00003ee0       0x36 RUM/mac_associate.o
                0x00003ee0                macRemoveChild
 .text.macInitNodes
                0x00003f16        0x2 RUM/mac_associate.o
                0x00003f16                macInitNodes
 .text.macWakeChildNode
                0x00003f18        0x2 RUM/mac_associate.o
                0x00003f18                macWakeChildNode
 .text.macChildIsAwake
                0x00003f1a        0xa RUM/mac_associate.o
                0x00003f1a                macChildIsAwake
 .text.sendBeaconFrame
                0x00003f24       0x56 RUM/mac_beacon.o
                0x00003f24                sendBeaconFrame
 .text.mdr_timer
                0x00003f7a        0xc RUM/mac_data.o
                0x00003f7a                mdr_timer
 .text.macDataRequestInt
                0x00003f86      0x106 RUM/mac_data.o
 .text.macDataRequest
                0x0000408c        0x6 RUM/mac_data.o
                0x0000408c                macDataRequest
 .text.macDataIndication
                0x00004092       0x6e RUM/mac_data.o
                0x00004092                macDataIndication
 .text.mp       0x00004100       0x8e RUM/mac_data.o
                0x00004100                mp
 .text.macPing  0x0000418e       0x34 RUM/mac_data.o
                0x0000418e                macPing
 .text.mac_event_pending
                0x000041c2       0x12 RUM/mac_event.o
                0x000041c2                mac_event_pending
 .text.mac_put_event
                0x000041d4       0x58 RUM/mac_event.o
                0x000041d4                mac_put_event
 .text.mac_get_event
                0x0000422c       0x3e RUM/mac_event.o
                0x0000422c                mac_get_event
 .text.macTask  0x0000426a      0x114 RUM/mac_event.o
                0x0000426a                macTask
 .text.macForwardRoutingPacket
                0x0000437e       0x98 RUM/mac_route.o
                0x0000437e                macForwardRoutingPacket
 .text.macRouteAssociateResponse
                0x00004416      0x11e RUM/mac_route.o
                0x00004416                macRouteAssociateResponse
 .text.macRouteAssociateRequest
                0x00004534      0x142 RUM/mac_route.o
                0x00004534                macRouteAssociateRequest
 .text.macRouteData
                0x00004676       0xb2 RUM/mac_route.o
                0x00004676                macRouteData
 .text.macSendRoutingPacket
                0x00004728        0x4 RUM/mac_route.o
                0x00004728                macSendRoutingPacket
 .text.store_pandescriptors
                0x0000472c       0x4c RUM/mac_scan.o
 .text.macIsScanning
                0x00004778        0x6 RUM/mac_scan.o
                0x00004778                macIsScanning
 .text.mac_logPanDescriptors
                0x0000477e       0x72 RUM/mac_scan.o
                0x0000477e                mac_logPanDescriptors
 .text.mac_scanConfirm
                0x000047f0       0x4e RUM/mac_scan.o
                0x000047f0                mac_scanConfirm
 .text.macScan  0x0000483e       0xb6 RUM/mac_scan.o
                0x0000483e                macScan
 .text.macEdCallback
                0x000048f4        0x2 RUM/mac_scan.o
                0x000048f4                macEdCallback
 .text.getUniqueID
                0x000048f6       0x4e Timer/avr_timer.o
 .text.timerStart
                0x00004944       0x1e Timer/avr_timer.o
 .text.macSetAlarm
                0x00004962       0x92 Timer/avr_timer.o
                0x00004962                macSetAlarm
 .text.macSetLongAlarm
                0x000049f4       0x7a Timer/avr_timer.o
                0x000049f4                macSetLongAlarm
 .text.macTimerEnd
                0x00004a6e       0x60 Timer/avr_timer.o
                0x00004a6e                macTimerEnd
 .text.timerInit
                0x00004ace       0x22 Timer/avr_timer.o
                0x00004ace                timerInit
 .text.__vector_32
                0x00004af0      0x118 Timer/avr_timer.o
                0x00004af0                __vector_32
 .text.__vector_35
                0x00004c08       0x1e Timer/timer_enddevice.o
                0x00004c08                __vector_35
 .text.__vector_12
                0x00004c26       0x1e Timer/timer_enddevice.o
                0x00004c26                __vector_12
 .text.WaitForMachine
                0x00004c44        0x8 Application/machine.o
                0x00004c44                WaitForMachine
 .text.InitTimerZero
                0x00004c4c       0x10 Application/machine.o
                0x00004c4c                InitTimerZero
 .text.StopTimerZero
                0x00004c5c        0x4 Application/machine.o
                0x00004c5c                StopTimerZero
 .text.StartTimerZero
                0x00004c60        0xe Application/machine.o
                0x00004c60                StartTimerZero
 .text.__vector_21
                0x00004c6e       0x22 Application/machine.o
                0x00004c6e                __vector_21
 .text.SetDefaultMachineSetup
                0x00004c90       0x3c Application/machine.o
                0x00004c90                SetDefaultMachineSetup
 .text.get_from_circ_buf
                0x00004ccc       0x24 UART/serial.o
 .text.init_rx_buf
                0x00004cf0        0xa UART/serial.o
                0x00004cf0                init_rx_buf
 .text.serial_init
                0x00004cfa       0x30 UART/serial.o
                0x00004cfa                serial_init
 .text.serial_putchar
                0x00004d2a       0x5e UART/serial.o
                0x00004d2a                serial_putchar
 .text.rx_buf_count
                0x00004d88       0x18 UART/serial.o
                0x00004d88                rx_buf_count
 .text.serial_getchar
                0x00004da0       0x22 UART/serial.o
                0x00004da0                serial_getchar
 .text.__vector_36
                0x00004dc2       0x8a UART/serial.o
                0x00004dc2                __vector_36
 .text.__vector_37
                0x00004e4c       0x70 UART/serial.o
                0x00004e4c                __vector_37
 .text.Ascii_to_nible
                0x00004ebc       0x28 UART/serial.o
                0x00004ebc                Ascii_to_nible
 .text.avr-libc
                0x00004ee4      0x74a c:/program files (x86)/atmel/studio/7.0/toolchain/avr8/avr8-gnu-toolchain/bin/../lib/gcc/avr/4.9.2/../../../../avr/lib/avr51\libprintf_flt.a(vfprintf_flt.o)
                0x00004ee4                vfprintf
 .text.avr-libc.fplib
                0x0000562e        0xe c:/program files (x86)/atmel/studio/7.0/toolchain/avr8/avr8-gnu-toolchain/bin/../lib/gcc/avr/4.9.2/../../../../avr/lib/avr51\libm.a(addsf3.o)
                0x0000562e                __subsf3
                0x00005630                __addsf3
 .text.avr-libc.fplib
                0x0000563c       0xcc c:/program files (x86)/atmel/studio/7.0/toolchain/avr8/avr8-gnu-toolchain/bin/../lib/gcc/avr/4.9.2/../../../../avr/lib/avr51\libm.a(addsf3x.o)
                0x0000565e                __addsf3x
 .text.avr-libc.fplib
                0x00005708        0x8 c:/program files (x86)/atmel/studio/7.0/toolchain/avr8/avr8-gnu-toolchain/bin/../lib/gcc/avr/4.9.2/../../../../avr/lib/avr51\libm.a(divsf3.o)
                0x00005708                __divsf3
 .text.avr-libc.fplib
                0x00005710       0xdc c:/program files (x86)/atmel/studio/7.0/toolchain/avr8/avr8-gnu-toolchain/bin/../lib/gcc/avr/4.9.2/../../../../avr/lib/avr51\libm.a(divsf3x.o)
                0x00005730                __divsf3x
                0x00005736                __divsf3_pse
 .text.avr-libc.fplib
                0x000057ec       0x5e c:/program files (x86)/atmel/studio/7.0/toolchain/avr8/avr8-gnu-toolchain/bin/../lib/gcc/avr/4.9.2/../../../../avr/lib/avr51\libm.a(fixunssfsi.o)
                0x000057ec                __fixunssfsi
 .text.avr-libc.fplib
                0x0000584a       0x7a c:/program files (x86)/atmel/studio/7.0/toolchain/avr8/avr8-gnu-toolchain/bin/../lib/gcc/avr/4.9.2/../../../../avr/lib/avr51\libm.a(floatsisf.o)
                0x0000584a                __floatunsisf
                0x0000584e                __floatsisf
 .text.avr-libc.fplib
                0x000058c4        0xc c:/program files (x86)/atmel/studio/7.0/toolchain/avr8/avr8-gnu-toolchain/bin/../lib/gcc/avr/4.9.2/../../../../avr/lib/avr51\libm.a(fp_inf.o)
                0x000058c4                __fp_inf
 .text.avr-libc.fplib
                0x000058d0        0x6 c:/program files (x86)/atmel/studio/7.0/toolchain/avr8/avr8-gnu-toolchain/bin/../lib/gcc/avr/4.9.2/../../../../avr/lib/avr51\libm.a(fp_nan.o)
                0x000058d0                __fp_nan
 .text.avr-libc.fplib
                0x000058d6        0xe c:/program files (x86)/atmel/studio/7.0/toolchain/avr8/avr8-gnu-toolchain/bin/../lib/gcc/avr/4.9.2/../../../../avr/lib/avr51\libm.a(fp_pscA.o)
                0x000058d6                __fp_pscA
 .text.avr-libc.fplib
                0x000058e4        0xe c:/program files (x86)/atmel/studio/7.0/toolchain/avr8/avr8-gnu-toolchain/bin/../lib/gcc/avr/4.9.2/../../../../avr/lib/avr51\libm.a(fp_pscB.o)
                0x000058e4                __fp_pscB
 .text.avr-libc.fplib
                0x000058f2       0x22 c:/program files (x86)/atmel/studio/7.0/toolchain/avr8/avr8-gnu-toolchain/bin/../lib/gcc/avr/4.9.2/../../../../avr/lib/avr51\libm.a(fp_round.o)
                0x000058f2                __fp_round
 .text.avr-libc.fplib
                0x00005914       0x44 c:/program files (x86)/atmel/studio/7.0/toolchain/avr8/avr8-gnu-toolchain/bin/../lib/gcc/avr/4.9.2/../../../../avr/lib/avr51\libm.a(fp_split3.o)
                0x00005914                __fp_split3
                0x00005924                __fp_splitA
 .text.avr-libc.fplib
                0x00005958        0xe c:/program files (x86)/atmel/studio/7.0/toolchain/avr8/avr8-gnu-toolchain/bin/../lib/gcc/avr/4.9.2/../../../../avr/lib/avr51\libm.a(fp_zero.o)
                0x00005958                __fp_zero
                0x0000595a                __fp_szero
 .text.avr-libc.fplib
                0x00005966        0x8 c:/program files (x86)/atmel/studio/7.0/toolchain/avr8/avr8-gnu-toolchain/bin/../lib/gcc/avr/4.9.2/../../../../avr/lib/avr51\libm.a(mulsf3.o)
                0x00005966                __mulsf3
 .text.avr-libc.fplib
                0x0000596e       0xd2 c:/program files (x86)/atmel/studio/7.0/toolchain/avr8/avr8-gnu-toolchain/bin/../lib/gcc/avr/4.9.2/../../../../avr/lib/avr51\libm.a(mulsf3x.o)
                0x0000598c                __mulsf3x
                0x00005992                __mulsf3_pse
 .text.libgcc.div
                0x00005a40       0x28 c:/program files (x86)/atmel/studio/7.0/toolchain/avr8/avr8-gnu-toolchain/bin/../lib/gcc/avr/4.9.2/avr51\libgcc.a(_udivmodhi4.o)
                0x00005a40                __udivmodhi4
 .text.libgcc.div
                0x00005a68       0x28 c:/program files (x86)/atmel/studio/7.0/toolchain/avr8/avr8-gnu-toolchain/bin/../lib/gcc/avr/4.9.2/avr51\libgcc.a(_divmodhi4.o)
                0x00005a68                _div
                0x00005a68                __divmodhi4
 .text.libgcc.div
                0x00005a90       0x44 c:/program files (x86)/atmel/studio/7.0/toolchain/avr8/avr8-gnu-toolchain/bin/../lib/gcc/avr/4.9.2/avr51\libgcc.a(_udivmodsi4.o)
                0x00005a90                __udivmodsi4
 .text.libgcc   0x00005ad4       0x12 c:/program files (x86)/atmel/studio/7.0/toolchain/avr8/avr8-gnu-toolchain/bin/../lib/gcc/avr/4.9.2/avr51\libgcc.a(_tablejump2.o)
                0x00005ad4                __tablejump2__
 .text.libgcc.builtins
                0x00005ae6       0x3c c:/program files (x86)/atmel/studio/7.0/toolchain/avr8/avr8-gnu-toolchain/bin/../lib/gcc/avr/4.9.2/avr51\libgcc.a(_ashrdi3.o)
                0x00005ae6                __ashrdi3
                0x00005aea                __lshrdi3
 .text.avr-libc
                0x00005b22      0x25a c:/program files (x86)/atmel/studio/7.0/toolchain/avr8/avr8-gnu-toolchain/bin/../lib/gcc/avr/4.9.2/../../../../avr/lib/avr51\libc.a(malloc.o)
                0x00005b22                malloc
                0x00005c4c                free
 .text.avr-libc
                0x00005d7c       0xb4 c:/program files (x86)/atmel/studio/7.0/toolchain/avr8/avr8-gnu-toolchain/bin/../lib/gcc/avr/4.9.2/../../../../avr/lib/avr51\libc.a(rand.o)
                0x00005e0e                rand_r
                0x00005e12                rand
                0x00005e1a                srand
 .text.avr-libc
                0x00005e30      0x270 c:/program files (x86)/atmel/studio/7.0/toolchain/avr8/avr8-gnu-toolchain/bin/../lib/gcc/avr/4.9.2/../../../../avr/lib/avr51\libc.a(strtoul.o)
                0x00005e30                strtoul
 .text.avr-libc
                0x000060a0        0x8 c:/program files (x86)/atmel/studio/7.0/toolchain/avr8/avr8-gnu-toolchain/bin/../lib/gcc/avr/4.9.2/../../../../avr/lib/avr51\libc.a(atof.o)
                0x000060a0                atof
 .text.avr-libc
                0x000060a8       0x3c c:/program files (x86)/atmel/studio/7.0/toolchain/avr8/avr8-gnu-toolchain/bin/../lib/gcc/avr/4.9.2/../../../../avr/lib/avr51\libc.a(atoi.o)
                0x000060a8                atoi
 .text.avr-libc
                0x000060e4      0x1b0 c:/program files (x86)/atmel/studio/7.0/toolchain/avr8/avr8-gnu-toolchain/bin/../lib/gcc/avr/4.9.2/../../../../avr/lib/avr51\libc.a(ftoa_engine.o)
                0x000060e4                __ftoa_engine
 .text.avr-libc
                0x00006294       0x12 c:/program files (x86)/atmel/studio/7.0/toolchain/avr8/avr8-gnu-toolchain/bin/../lib/gcc/avr/4.9.2/../../../../avr/lib/avr51\libc.a(isspace.o)
                0x00006294                isspace
 .text.avr-libc
                0x000062a6       0x16 c:/program files (x86)/atmel/studio/7.0/toolchain/avr8/avr8-gnu-toolchain/bin/../lib/gcc/avr/4.9.2/../../../../avr/lib/avr51\libc.a(strnlen_P.o)
                0x000062a6                strnlen_P
 .text.avr-libc
                0x000062bc       0x1a c:/program files (x86)/atmel/studio/7.0/toolchain/avr8/avr8-gnu-toolchain/bin/../lib/gcc/avr/4.9.2/../../../../avr/lib/avr51\libc.a(memcmp.o)
                0x000062bc                memcmp
 .text.avr-libc
                0x000062d6       0x12 c:/program files (x86)/atmel/studio/7.0/toolchain/avr8/avr8-gnu-toolchain/bin/../lib/gcc/avr/4.9.2/../../../../avr/lib/avr51\libc.a(memcpy.o)
                0x000062d6                memcpy
 .text.avr-libc
                0x000062e8       0x16 c:/program files (x86)/atmel/studio/7.0/toolchain/avr8/avr8-gnu-toolchain/bin/../lib/gcc/avr/4.9.2/../../../../avr/lib/avr51\libc.a(strchr.o)
                0x000062e8                strchr
 .text.avr-libc
                0x000062fe       0x12 c:/program files (x86)/atmel/studio/7.0/toolchain/avr8/avr8-gnu-toolchain/bin/../lib/gcc/avr/4.9.2/../../../../avr/lib/avr51\libc.a(strcmp.o)
                0x000062fe                strcmp
 .text.avr-libc
                0x00006310        0xe c:/program files (x86)/atmel/studio/7.0/toolchain/avr8/avr8-gnu-toolchain/bin/../lib/gcc/avr/4.9.2/../../../../avr/lib/avr51\libc.a(strcpy.o)
                0x00006310                strcpy
 .text.avr-libc
                0x0000631e       0x1e c:/program files (x86)/atmel/studio/7.0/toolchain/avr8/avr8-gnu-toolchain/bin/../lib/gcc/avr/4.9.2/../../../../avr/lib/avr51\libc.a(strncpy.o)
                0x0000631e                strncpy
 .text.avr-libc
                0x0000633c       0x16 c:/program files (x86)/atmel/studio/7.0/toolchain/avr8/avr8-gnu-toolchain/bin/../lib/gcc/avr/4.9.2/../../../../avr/lib/avr51\libc.a(strnlen.o)
                0x0000633c                strnlen
 .text.avr-libc
                0x00006352       0x34 c:/program files (x86)/atmel/studio/7.0/toolchain/avr8/avr8-gnu-toolchain/bin/../lib/gcc/avr/4.9.2/../../../../avr/lib/avr51\libc.a(strstr.o)
                0x00006352                strstr
 .text.avr-libc
                0x00006386       0x10 c:/program files (x86)/atmel/studio/7.0/toolchain/avr8/avr8-gnu-toolchain/bin/../lib/gcc/avr/4.9.2/../../../../avr/lib/avr51\libc.a(mul10.o)
                0x00006386                __mulhi_const_10
 .text.avr-libc
                0x00006396       0x44 c:/program files (x86)/atmel/studio/7.0/toolchain/avr8/avr8-gnu-toolchain/bin/../lib/gcc/avr/4.9.2/../../../../avr/lib/avr51\libc.a(ultoa_ncheck.o)
                0x00006396                __ultoa_ncheck
                0x00006398                __ultoa_common
 .text.avr-libc
                0x000063da       0x70 c:/program files (x86)/atmel/studio/7.0/toolchain/avr8/avr8-gnu-toolchain/bin/../lib/gcc/avr/4.9.2/../../../../avr/lib/avr51\libc.a(fputc.o)
                0x000063da                fputc
 .text.avr-libc
                0x0000644a       0x60 c:/program files (x86)/atmel/studio/7.0/toolchain/avr8/avr8-gnu-toolchain/bin/../lib/gcc/avr/4.9.2/../../../../avr/lib/avr51\libc.a(sprintf.o)
                0x0000644a                sprintf
 .text.avr-libc
                0x000064aa       0xbc c:/program files (x86)/atmel/studio/7.0/toolchain/avr8/avr8-gnu-toolchain/bin/../lib/gcc/avr/4.9.2/../../../../avr/lib/avr51\libc.a(ultoa_invert.o)
                0x000064aa                __ultoa_invert
 .text.avr-libc
                0x00006566      0x2de c:/program files (x86)/atmel/studio/7.0/toolchain/avr8/avr8-gnu-toolchain/bin/../lib/gcc/avr/4.9.2/../../../../avr/lib/avr51\libc.a(strtod.o)
                0x00006566                strtod
 .text.avr-libc
                0x00006844        0x6 c:/program files (x86)/atmel/studio/7.0/toolchain/avr8/avr8-gnu-toolchain/bin/../lib/gcc/avr/4.9.2/../../../../avr/lib/avr51\libc.a(cty_isfalse.o)
                0x00006844                __ctype_isfalse
                0x00006848                __ctype_istrue
 .text.avr-libc
                0x0000684a       0x30 c:/program files (x86)/atmel/studio/7.0/toolchain/avr8/avr8-gnu-toolchain/bin/../lib/gcc/avr/4.9.2/../../../../avr/lib/avr51\libc.a(strncasecmp_P.o)
                0x0000684a                strncasecmp_P
 .text.avr-libc
                0x0000687a       0x20 c:/program files (x86)/atmel/studio/7.0/toolchain/avr8/avr8-gnu-toolchain/bin/../lib/gcc/avr/4.9.2/../../../../avr/lib/avr51\libc.a(strrev.o)
                0x0000687a                strrev
 .text.avr-libc.fplib
                0x0000689a        0xa c:/program files (x86)/atmel/studio/7.0/toolchain/avr8/avr8-gnu-toolchain/bin/../lib/gcc/avr/4.9.2/../../../../avr/lib/avr51\libc.a(cmpsf2.o)
                0x0000689a                __nesf2
                0x0000689a                __eqsf2
                0x0000689a                __cmpsf2
                0x0000689a                __ltsf2
                0x0000689a                __lesf2
 .text.avr-libc.fplib
                0x000068a4       0x48 c:/program files (x86)/atmel/studio/7.0/toolchain/avr8/avr8-gnu-toolchain/bin/../lib/gcc/avr/4.9.2/../../../../avr/lib/avr51\libc.a(fp_cmp.o)
                0x000068a4                __fp_cmp
 .text.avr-libc
                0x000068ec       0x20 C:/Program Files (x86)/Atmel/Studio/7.0/Packs/atmel/ATmega_DFP/1.1.130/gcc/dev/atmega128rfa1/avr51\libatmega128rfa1.a(eerd_block.o)
                0x000068ec                eeprom_read_block
                0x000068f0                eeprom_read_blraw
 .text.avr-libc
                0x0000690c       0x24 C:/Program Files (x86)/Atmel/Studio/7.0/Packs/atmel/ATmega_DFP/1.1.130/gcc/dev/atmega128rfa1/avr51\libatmega128rfa1.a(eeupd_byte.o)
                0x0000690c                eeprom_update_byte
                0x0000690e                eeprom_update_r18
 .text.avr-libc
                0x00006930       0x14 C:/Program Files (x86)/Atmel/Studio/7.0/Packs/atmel/ATmega_DFP/1.1.130/gcc/dev/atmega128rfa1/avr51\libatmega128rfa1.a(eewr_block.o)
                0x00006930                eeprom_write_block
 .text.avr-libc
                0x00006944       0x1c C:/Program Files (x86)/Atmel/Studio/7.0/Packs/atmel/ATmega_DFP/1.1.130/gcc/dev/atmega128rfa1/avr51\libatmega128rfa1.a(eewr_byte.o)
                0x00006944                eeprom_write_byte
                0x00006946                eeprom_write_r18
 .text.libgcc.mul
                0x00006960       0x20 c:/program files (x86)/atmel/studio/7.0/toolchain/avr8/avr8-gnu-toolchain/bin/../lib/gcc/avr/4.9.2/avr51\libgcc.a(_mulsi3.o)
                0x00006960                __mulsi3
 .text.libgcc.div
                0x00006980       0x2e c:/program files (x86)/atmel/studio/7.0/toolchain/avr8/avr8-gnu-toolchain/bin/../lib/gcc/avr/4.9.2/avr51\libgcc.a(_divmodsi4.o)
                0x00006980                __divmodsi4
 .text.libgcc.div
                0x000069ae       0x10 c:/program files (x86)/atmel/studio/7.0/toolchain/avr8/avr8-gnu-toolchain/bin/../lib/gcc/avr/4.9.2/avr51\libgcc.a(_negsi2.o)
                0x000069ae                __negsi2
 .text.libgcc.mul
                0x000069be       0x16 c:/program files (x86)/atmel/studio/7.0/toolchain/avr8/avr8-gnu-toolchain/bin/../lib/gcc/avr/4.9.2/avr51\libgcc.a(_muluhisi3.o)
                0x000069be                __muluhisi3
 .text.libgcc.mul
                0x000069d4       0x10 c:/program files (x86)/atmel/studio/7.0/toolchain/avr8/avr8-gnu-toolchain/bin/../lib/gcc/avr/4.9.2/avr51\libgcc.a(_mulshisi3.o)
                0x000069d4                __mulshisi3
                0x000069da                __mulohisi3
 .text.libgcc.mul
                0x000069e4       0x1e c:/program files (x86)/atmel/studio/7.0/toolchain/avr8/avr8-gnu-toolchain/bin/../lib/gcc/avr/4.9.2/avr51\libgcc.a(_umulhisi3.o)
                0x000069e4                __umulhisi3
                0x00006a02                . = ALIGN (0x2)
 *(.fini9)
 .fini9         0x00006a02        0x0 c:/program files (x86)/atmel/studio/7.0/toolchain/avr8/avr8-gnu-toolchain/bin/../lib/gcc/avr/4.9.2/avr51\libgcc.a(_exit.o)
                0x00006a02                _exit
                0x00006a02                exit
 *(.fini9)
 *(.fini8)
 *(.fini8)
 *(.fini7)
 *(.fini7)
 *(.fini6)
 *(.fini6)
 *(.fini5)
 *(.fini5)
 *(.fini4)
 *(.fini4)
 *(.fini3)
 *(.fini3)
 *(.fini2)
 *(.fini2)
 *(.fini1)
 *(.fini1)
 *(.fini0)
 .fini0         0x00006a02        0x4 c:/program files (x86)/atmel/studio/7.0/toolchain/avr8/avr8-gnu-toolchain/bin/../lib/gcc/avr/4.9.2/avr51\libgcc.a(_exit.o)
 *(.fini0)
                0x00006a06                _etext = .

.data           0x00800200      0x374 load address 0x00006a06
                0x00800200                PROVIDE (__data_start, .)
 *(.data)
 .data          0x00800200        0x6 c:/program files (x86)/atmel/studio/7.0/toolchain/avr8/avr8-gnu-toolchain/bin/../lib/gcc/avr/4.9.2/../../../../avr/lib/avr51\libc.a(malloc.o)
                0x00800200                __malloc_heap_end
                0x00800202                __malloc_heap_start
                0x00800204                __malloc_margin
 .data          0x00800206        0x4 c:/program files (x86)/atmel/studio/7.0/toolchain/avr8/avr8-gnu-toolchain/bin/../lib/gcc/avr/4.9.2/../../../../avr/lib/avr51\libc.a(rand.o)
 *(.data*)
 .data.uiFunctionEntered
                0x0080020a        0x2 Application/application.o
                0x0080020a                uiFunctionEntered
 .data.SETUP_TIMEOUT
                0x0080020c        0x1 Application/application.o
                0x0080020c                SETUP_TIMEOUT
 .data.msgNumber
                0x0080020d       0x11 Application/display.o
                0x0080020d                msgNumber
 .data.scanChannel
                0x0080021e        0x1 RUM/mac_scan.o
                0x0080021e                scanChannel
 .data.secondTimer
                0x0080021f        0x2 Timer/avr_timer.o
 *(.rodata)
 .rodata        0x00800221        0x6 Application/application.o
 .rodata        0x00800227        0x8 Application/BowComm.o
 .rodata        0x0080022f        0x8 Application/SpeedQueen.o
 *(.rodata*)
 .rodata.str1.1
                0x00800237       0x47 Application/application.o
                                 0x4c (size before relaxing)
 .rodata.str1.1
                0x0080027e      0x2a5 Application/BowComm.o
                                0x2a9 (size before relaxing)
 .rodata.CSWTCH.23
                0x00800523       0x10 mifare/Mifare.o
 .rodata.CSWTCH.22
                0x00800533       0x10 mifare/Mifare.o
 .rodata.CSWTCH.21
                0x00800543       0x10 mifare/Mifare.o
 .rodata.CSWTCH.20
                0x00800553       0x20 mifare/Mifare.o
 *(.gnu.linkonce.d*)
                0x00800574                . = ALIGN (0x2)
 *fill*         0x00800573        0x1 
                0x00800574                _edata = .
                0x00800574                PROVIDE (__data_end, .)

.bss            0x00800574      0x77d
                0x00800574                PROVIDE (__bss_start, .)
 *(.bss)
 *(.bss*)
 .bss.Len.4537  0x00800574        0x1 Application/application.o
 .bss.ucDataLength.4437
                0x00800575        0x1 Application/application.o
 .bss.failCount
                0x00800576        0x1 Application/application.o
 .bss.VALIDATION_TIMEOUT
                0x00800577        0x1 Application/application.o
                0x00800577                VALIDATION_TIMEOUT
 .bss.KPTOFlag  0x00800578        0x1 Application/application.o
                0x00800578                KPTOFlag
 .bss.TOFlag    0x00800579        0x1 Application/application.o
                0x00800579                TOFlag
 .bss.oLTTimerId.3901
                0x0080057a        0x1 Application/BowComm.o
 .bss.MpIsrInfo
                0x0080057b        0x2 mifare/Mifare.o
                0x0080057b                MpIsrInfo
 .bss.radio_part_number.3584
                0x0080057d        0x1 Radio/radio.o
 .bss.rssi_val  0x0080057e        0x1 Radio/radio.o
 .bss.once.3484
                0x0080057f        0x1 Radio/hal_avr.o
 .bss.childNodes
                0x00800580      0x12c RUM/mac_associate.o
 .bss.associationTimer
                0x008006ac        0x1 RUM/mac_associate.o
 .bss.pingType  0x008006ad        0x2 RUM/mac_data.o
 .bss.pingAddr  0x008006af        0x2 RUM/mac_data.o
 .bss.scanInProcess
                0x008006b1        0x1 RUM/mac_scan.o
 .bss.currentTimerID.3607
                0x008006b2        0x1 Timer/avr_timer.o
 .bss.tickTimer
                0x008006b3        0x2 Timer/avr_timer.o
 .bss.timerRunning
                0x008006b5        0x1 Timer/avr_timer.o
 .bss.longTimerEvents
                0x008006b6       0x64 Timer/avr_timer.o
 .bss.timerEvents
                0x0080071a       0x64 Timer/avr_timer.o
 .bss.WDTFlag   0x0080077e        0x1 Timer/timer_enddevice.o
                0x0080077e                WDTFlag
 .bss.GenericTimerFlag
                0x0080077f        0x1 Timer/timer_enddevice.o
                0x0080077f                GenericTimerFlag
 .bss.pause     0x00800780        0x1 UART/serial.o
 .bss.rx        0x00800781        0x1 UART/serial.o
 .bss.rx_handler
                0x00800782        0x2 UART/serial.o
 .bss.rxbuf     0x00800784       0x82 UART/serial.o
 .bss.txbuf     0x00800806       0x82 UART/serial.o
 *(COMMON)
 COMMON         0x00800888      0x2ad Application/application.o
                0x00800888                ParamStr
                0x008008ec                INSUFFCIENT_FUNDS
                0x008008ed                MdcAuditData
                0x00800912                CurrentAccount
                0x0080091c                MarsStatus
                0x00800923                ucNumberOfRetry
                0x00800924                ReaderStateFlag
                0x00800926                DataBuffer
                0x008009a6                MachineSetupData
                0x008009ea                OP
                0x008009eb                MarsSetup
                0x008009ee                ucMachineWait
                0x008009ef                ucDeviceStateFlag
                0x008009f0                ReaderSetup
                0x00800a38                timeout
                0x00800a39                ucCardStatus
                0x00800a3a                ucSendDataBuffer
                0x00800afa                deviceStatus
                0x00800afd                MdcStatus
                0x00800b0b                Mars
                0x00800b31                gotPanCoordPing
                0x00800b32                ucSendDataSize
                0x00800b33                t_response
                0x00800b34                deviceFlag
 COMMON         0x00800b35       0x1c mifare/Mifare.o
                0x00800b35                SerBuffer
                0x00800b49                MInfo
 COMMON         0x00800b51      0x11d RUM/mac.o
                0x00800b51                mac_buffer_rx
                0x00800bd3                mac_buffer_tx
                0x00800c55                macConfig
 COMMON         0x00800c6e       0x5c RUM/mac_event.o
                0x00800c6e                event_queue
 COMMON         0x00800cca       0x16 RUM/mac_scan.o
                0x00800cca                panDescriptor
 COMMON         0x00800ce0        0xb Application/machine.o
                0x00800ce0                cardId
                0x00800ce2                ucTopOffTime
                0x00800ce3                ucCardErrorCode
                0x00800ce4                ucTimerCount
                0x00800ce5                vendPrice
                0x00800ce9                ucCardBalance
 COMMON         0x00800ceb        0x4 c:/program files (x86)/atmel/studio/7.0/toolchain/avr8/avr8-gnu-toolchain/bin/../lib/gcc/avr/4.9.2/../../../../avr/lib/avr51\libc.a(malloc.o)
                0x00800ceb                __brkval
                0x00800ced                __flp
 COMMON         0x00800cef        0x2 c:/program files (x86)/atmel/studio/7.0/toolchain/avr8/avr8-gnu-toolchain/bin/../lib/gcc/avr/4.9.2/../../../../avr/lib/avr51\libc.a(errno.o)
                0x00800cef                errno
                0x00800cf1                PROVIDE (__bss_end, .)
                0x00006a06                __data_load_start = LOADADDR (.data)
                0x00006d7a                __data_load_end = (__data_load_start + SIZEOF (.data))

.noinit         0x00800cf1        0x0
                [!provide]                PROVIDE (__noinit_start, .)
 *(.noinit*)
                [!provide]                PROVIDE (__noinit_end, .)
                0x00800cf1                _end = .
                0x00800cf1                PROVIDE (__heap_start, .)

.eeprom         0x00810000        0x0
 *(.eeprom*)
                0x00810000                __eeprom_end = .

.fuse
 *(.fuse)
 *(.lfuse)
 *(.hfuse)
 *(.efuse)

.lock
 *(.lock*)

.signature
 *(.signature*)

.user_signatures
 *(.user_signatures*)

.stab
 *(.stab)

.stabstr
 *(.stabstr)

.stab.excl
 *(.stab.excl)

.stab.exclstr
 *(.stab.exclstr)

.stab.index
 *(.stab.index)

.stab.indexstr
 *(.stab.indexstr)

.comment        0x00000000       0x5c
 *(.comment)
 .comment       0x00000000       0x30 Application/application.o
                                 0x31 (size before relaxing)
 .comment       0x00000030       0x31 Application/BowComm.o
 .comment       0x00000030       0x31 Application/display.o
 .comment       0x00000030       0x31 Application/SpeedQueen.o
 .comment       0x00000030       0x31 Application/reader.o
 .comment       0x00000030       0x31 mifare/Mifare.o
 .comment       0x00000030       0x31 mifare/RegCtrl.o
 .comment       0x00000030       0x31 SPI/spi.o
 .comment       0x00000030       0x31 main.o
 .comment       0x00000030       0x31 Radio/radio.o
 .comment       0x00000030       0x31 Radio/hal_avr.o
 .comment       0x00000030       0x31 RUM/mac.o
 .comment       0x00000030       0x31 RUM/mac_associate.o
 .comment       0x00000030       0x31 RUM/mac_beacon.o
 .comment       0x00000030       0x31 RUM/mac_data.o
 .comment       0x00000030       0x31 RUM/mac_event.o
 .comment       0x00000030       0x31 RUM/mac_route.o
 .comment       0x00000030       0x31 RUM/mac_scan.o
 .comment       0x00000030       0x31 Timer/avr_timer.o
 .comment       0x00000030       0x31 Timer/timer_enddevice.o
 .comment       0x00000030       0x31 Application/machine.o
 .comment       0x00000030       0x31 UART/serial.o
 .comment       0x00000030       0x2c c:/program files (x86)/atmel/studio/7.0/toolchain/avr8/avr8-gnu-toolchain/bin/../lib/gcc/avr/4.9.2/../../../../avr/lib/avr51\libprintf_flt.a(vfprintf_flt.o)
                                 0x2d (size before relaxing)
 .comment       0x0000005c       0x31 c:/program files (x86)/atmel/studio/7.0/toolchain/avr8/avr8-gnu-toolchain/bin/../lib/gcc/avr/4.9.2/../../../../avr/lib/avr51\libc.a(malloc.o)
 .comment       0x0000005c       0x31 c:/program files (x86)/atmel/studio/7.0/toolchain/avr8/avr8-gnu-toolchain/bin/../lib/gcc/avr/4.9.2/../../../../avr/lib/avr51\libc.a(rand.o)
 .comment       0x0000005c       0x31 c:/program files (x86)/atmel/studio/7.0/toolchain/avr8/avr8-gnu-toolchain/bin/../lib/gcc/avr/4.9.2/../../../../avr/lib/avr51\libc.a(strtoul.o)
 .comment       0x0000005c       0x31 c:/program files (x86)/atmel/studio/7.0/toolchain/avr8/avr8-gnu-toolchain/bin/../lib/gcc/avr/4.9.2/../../../../avr/lib/avr51\libc.a(fputc.o)
 .comment       0x0000005c       0x31 c:/program files (x86)/atmel/studio/7.0/toolchain/avr8/avr8-gnu-toolchain/bin/../lib/gcc/avr/4.9.2/../../../../avr/lib/avr51\libc.a(sprintf.o)
 .comment       0x0000005c       0x2d c:/program files (x86)/atmel/studio/7.0/toolchain/avr8/avr8-gnu-toolchain/bin/../lib/gcc/avr/4.9.2/../../../../avr/lib/avr51\libc.a(errno.o)
 .comment       0x0000005c       0x31 c:/program files (x86)/atmel/studio/7.0/toolchain/avr8/avr8-gnu-toolchain/bin/../lib/gcc/avr/4.9.2/../../../../avr/lib/avr51\libc.a(strtod.o)

.note.gnu.avr.deviceinfo
                0x00000000       0x40
 .note.gnu.avr.deviceinfo
                0x00000000       0x40 C:/Program Files (x86)/Atmel/Studio/7.0/Packs/atmel/ATmega_DFP/1.1.130/gcc/dev/atmega128rfa1/avr51/crtatmega128rfa1.o

.note.gnu.build-id
 *(.note.gnu.build-id)

.debug
 *(.debug)

.line
 *(.line)

.debug_srcinfo
 *(.debug_srcinfo)

.debug_sfnames
 *(.debug_sfnames)

.debug_aranges  0x00000000      0xb08
 *(.debug_aranges)
 .debug_aranges
                0x00000000      0x150 Application/application.o
 .debug_aranges
                0x00000150       0x88 Application/BowComm.o
 .debug_aranges
                0x000001d8       0x28 Application/display.o
 .debug_aranges
                0x00000200      0x110 Application/SpeedQueen.o
 .debug_aranges
                0x00000310       0x40 Application/reader.o
 .debug_aranges
                0x00000350       0x98 mifare/Mifare.o
 .debug_aranges
                0x000003e8       0x40 mifare/RegCtrl.o
 .debug_aranges
                0x00000428       0x48 SPI/spi.o
 .debug_aranges
                0x00000470       0x28 main.o
 .debug_aranges
                0x00000498      0x100 Radio/radio.o
 .debug_aranges
                0x00000598       0x60 Radio/hal_avr.o
 .debug_aranges
                0x000005f8       0x28 RUM/mac.o
 .debug_aranges
                0x00000620       0xf0 RUM/mac_associate.o
 .debug_aranges
                0x00000710       0x20 RUM/mac_beacon.o
 .debug_aranges
                0x00000730       0x70 RUM/mac_data.o
 .debug_aranges
                0x000007a0       0x38 RUM/mac_event.o
 .debug_aranges
                0x000007d8       0x48 RUM/mac_route.o
 .debug_aranges
                0x00000820       0x60 RUM/mac_scan.o
 .debug_aranges
                0x00000880       0x58 Timer/avr_timer.o
 .debug_aranges
                0x000008d8       0x68 Timer/timer_enddevice.o
 .debug_aranges
                0x00000940       0x70 Application/machine.o
 .debug_aranges
                0x000009b0       0xd8 UART/serial.o
 .debug_aranges
                0x00000a88       0x20 C:/Program Files (x86)/Atmel/Studio/7.0/Packs/atmel/ATmega_DFP/1.1.130/gcc/dev/atmega128rfa1/avr51\libatmega128rfa1.a(eerd_block.o)
 .debug_aranges
                0x00000aa8       0x20 C:/Program Files (x86)/Atmel/Studio/7.0/Packs/atmel/ATmega_DFP/1.1.130/gcc/dev/atmega128rfa1/avr51\libatmega128rfa1.a(eeupd_byte.o)
 .debug_aranges
                0x00000ac8       0x20 C:/Program Files (x86)/Atmel/Studio/7.0/Packs/atmel/ATmega_DFP/1.1.130/gcc/dev/atmega128rfa1/avr51\libatmega128rfa1.a(eewr_block.o)
 .debug_aranges
                0x00000ae8       0x20 C:/Program Files (x86)/Atmel/Studio/7.0/Packs/atmel/ATmega_DFP/1.1.130/gcc/dev/atmega128rfa1/avr51\libatmega128rfa1.a(eewr_byte.o)

.debug_pubnames
 *(.debug_pubnames)

.debug_info     0x00000000    0x11088
 *(.debug_info .gnu.linkonce.wi.*)
 .debug_info    0x00000000     0x1160 C:/Program Files (x86)/Atmel/Studio/7.0/Packs/atmel/ATmega_DFP/1.1.130/gcc/dev/atmega128rfa1/avr51/crtatmega128rfa1.o
 .debug_info    0x00001160     0x2b19 Application/application.o
 .debug_info    0x00003c79     0x1709 Application/BowComm.o
 .debug_info    0x00005382      0x743 Application/display.o
 .debug_info    0x00005ac5     0x160a Application/SpeedQueen.o
 .debug_info    0x000070cf      0xf90 Application/reader.o
 .debug_info    0x0000805f     0x12ab mifare/Mifare.o
 .debug_info    0x0000930a      0x28d mifare/RegCtrl.o
 .debug_info    0x00009597      0x1aa SPI/spi.o
 .debug_info    0x00009741      0x7ba main.o
 .debug_info    0x00009efb      0xfb8 Radio/radio.o
 .debug_info    0x0000aeb3      0x515 Radio/hal_avr.o
 .debug_info    0x0000b3c8      0x534 RUM/mac.o
 .debug_info    0x0000b8fc      0xd3c RUM/mac_associate.o
 .debug_info    0x0000c638      0x339 RUM/mac_beacon.o
 .debug_info    0x0000c971      0xa04 RUM/mac_data.o
 .debug_info    0x0000d375      0x88d RUM/mac_event.o
 .debug_info    0x0000dc02      0x8d9 RUM/mac_route.o
 .debug_info    0x0000e4db      0x8c8 RUM/mac_scan.o
 .debug_info    0x0000eda3      0x4aa Timer/avr_timer.o
 .debug_info    0x0000f24d      0x29d Timer/timer_enddevice.o
 .debug_info    0x0000f4ea      0xdeb Application/machine.o
 .debug_info    0x000102d5      0xaf0 UART/serial.o
 .debug_info    0x00010dc5       0xb1 C:/Program Files (x86)/Atmel/Studio/7.0/Packs/atmel/ATmega_DFP/1.1.130/gcc/dev/atmega128rfa1/avr51\libatmega128rfa1.a(eerd_block.o)
 .debug_info    0x00010e76       0xb1 C:/Program Files (x86)/Atmel/Studio/7.0/Packs/atmel/ATmega_DFP/1.1.130/gcc/dev/atmega128rfa1/avr51\libatmega128rfa1.a(eeupd_byte.o)
 .debug_info    0x00010f27       0xb1 C:/Program Files (x86)/Atmel/Studio/7.0/Packs/atmel/ATmega_DFP/1.1.130/gcc/dev/atmega128rfa1/avr51\libatmega128rfa1.a(eewr_block.o)
 .debug_info    0x00010fd8       0xb0 C:/Program Files (x86)/Atmel/Studio/7.0/Packs/atmel/ATmega_DFP/1.1.130/gcc/dev/atmega128rfa1/avr51\libatmega128rfa1.a(eewr_byte.o)

.debug_abbrev   0x00000000     0x4846
 *(.debug_abbrev)
 .debug_abbrev  0x00000000     0x1072 C:/Program Files (x86)/Atmel/Studio/7.0/Packs/atmel/ATmega_DFP/1.1.130/gcc/dev/atmega128rfa1/avr51/crtatmega128rfa1.o
 .debug_abbrev  0x00001072      0x4e7 Application/application.o
 .debug_abbrev  0x00001559      0x39f Application/BowComm.o
 .debug_abbrev  0x000018f8      0x151 Application/display.o
 .debug_abbrev  0x00001a49      0x40c Application/SpeedQueen.o
 .debug_abbrev  0x00001e55      0x22d Application/reader.o
 .debug_abbrev  0x00002082      0x296 mifare/Mifare.o
 .debug_abbrev  0x00002318      0x16c mifare/RegCtrl.o
 .debug_abbrev  0x00002484       0xfb SPI/spi.o
 .debug_abbrev  0x0000257f      0x1d6 main.o
 .debug_abbrev  0x00002755      0x464 Radio/radio.o
 .debug_abbrev  0x00002bb9      0x1ef Radio/hal_avr.o
 .debug_abbrev  0x00002da8      0x1bd RUM/mac.o
 .debug_abbrev  0x00002f65      0x2d6 RUM/mac_associate.o
 .debug_abbrev  0x0000323b      0x129 RUM/mac_beacon.o
 .debug_abbrev  0x00003364      0x319 RUM/mac_data.o
 .debug_abbrev  0x0000367d      0x22f RUM/mac_event.o
 .debug_abbrev  0x000038ac      0x208 RUM/mac_route.o
 .debug_abbrev  0x00003ab4      0x2f2 RUM/mac_scan.o
 .debug_abbrev  0x00003da6      0x238 Timer/avr_timer.o
 .debug_abbrev  0x00003fde      0x164 Timer/timer_enddevice.o
 .debug_abbrev  0x00004142      0x2fc Application/machine.o
 .debug_abbrev  0x0000443e      0x3b8 UART/serial.o
 .debug_abbrev  0x000047f6       0x14 C:/Program Files (x86)/Atmel/Studio/7.0/Packs/atmel/ATmega_DFP/1.1.130/gcc/dev/atmega128rfa1/avr51\libatmega128rfa1.a(eerd_block.o)
 .debug_abbrev  0x0000480a       0x14 C:/Program Files (x86)/Atmel/Studio/7.0/Packs/atmel/ATmega_DFP/1.1.130/gcc/dev/atmega128rfa1/avr51\libatmega128rfa1.a(eeupd_byte.o)
 .debug_abbrev  0x0000481e       0x14 C:/Program Files (x86)/Atmel/Studio/7.0/Packs/atmel/ATmega_DFP/1.1.130/gcc/dev/atmega128rfa1/avr51\libatmega128rfa1.a(eewr_block.o)
 .debug_abbrev  0x00004832       0x14 C:/Program Files (x86)/Atmel/Studio/7.0/Packs/atmel/ATmega_DFP/1.1.130/gcc/dev/atmega128rfa1/avr51\libatmega128rfa1.a(eewr_byte.o)

.debug_line     0x00000000     0xaa1a
 *(.debug_line .debug_line.* .debug_line_end)
 .debug_line    0x00000000      0x247 C:/Program Files (x86)/Atmel/Studio/7.0/Packs/atmel/ATmega_DFP/1.1.130/gcc/dev/atmega128rfa1/avr51/crtatmega128rfa1.o
 .debug_line    0x00000247     0x1154 Application/application.o
 .debug_line    0x0000139b      0x948 Application/BowComm.o
 .debug_line    0x00001ce3      0x426 Application/display.o
 .debug_line    0x00002109     0x1372 Application/SpeedQueen.o
 .debug_line    0x0000347b      0x625 Application/reader.o
 .debug_line    0x00003aa0      0xb6a mifare/Mifare.o
 .debug_line    0x0000460a      0x333 mifare/RegCtrl.o
 .debug_line    0x0000493d      0x31b SPI/spi.o
 .debug_line    0x00004c58      0x58e main.o
 .debug_line    0x000051e6      0xb59 Radio/radio.o
 .debug_line    0x00005d3f      0x5d7 Radio/hal_avr.o
 .debug_line    0x00006316      0x4a2 RUM/mac.o
 .debug_line    0x000067b8      0x76a RUM/mac_associate.o
 .debug_line    0x00006f22      0x417 RUM/mac_beacon.o
 .debug_line    0x00007339      0x5df RUM/mac_data.o
 .debug_line    0x00007918      0x59a RUM/mac_event.o
 .debug_line    0x00007eb2      0x5ea RUM/mac_route.o
 .debug_line    0x0000849c      0x5e0 RUM/mac_scan.o
 .debug_line    0x00008a7c      0x667 Timer/avr_timer.o
 .debug_line    0x000090e3      0x571 Timer/timer_enddevice.o
 .debug_line    0x00009654      0x8f2 Application/machine.o
 .debug_line    0x00009f46      0x855 UART/serial.o
 .debug_line    0x0000a79b       0xab C:/Program Files (x86)/Atmel/Studio/7.0/Packs/atmel/ATmega_DFP/1.1.130/gcc/dev/atmega128rfa1/avr51\libatmega128rfa1.a(eerd_block.o)
 .debug_line    0x0000a846       0xb6 C:/Program Files (x86)/Atmel/Studio/7.0/Packs/atmel/ATmega_DFP/1.1.130/gcc/dev/atmega128rfa1/avr51\libatmega128rfa1.a(eeupd_byte.o)
 .debug_line    0x0000a8fc       0x80 C:/Program Files (x86)/Atmel/Studio/7.0/Packs/atmel/ATmega_DFP/1.1.130/gcc/dev/atmega128rfa1/avr51\libatmega128rfa1.a(eewr_block.o)
 .debug_line    0x0000a97c       0x9e C:/Program Files (x86)/Atmel/Studio/7.0/Packs/atmel/ATmega_DFP/1.1.130/gcc/dev/atmega128rfa1/avr51\libatmega128rfa1.a(eewr_byte.o)

.debug_frame    0x00000000     0x1e00
 *(.debug_frame)
 .debug_frame   0x00000000      0x3c4 Application/application.o
 .debug_frame   0x000003c4      0x2c4 Application/BowComm.o
 .debug_frame   0x00000688       0x3c Application/display.o
 .debug_frame   0x000006c4      0x3bc Application/SpeedQueen.o
 .debug_frame   0x00000a80       0x84 Application/reader.o
 .debug_frame   0x00000b04      0x280 mifare/Mifare.o
 .debug_frame   0x00000d84       0x98 mifare/RegCtrl.o
 .debug_frame   0x00000e1c       0x84 SPI/spi.o
 .debug_frame   0x00000ea0       0x34 main.o
 .debug_frame   0x00000ed4      0x24c Radio/radio.o
 .debug_frame   0x00001120      0x214 Radio/hal_avr.o
 .debug_frame   0x00001334       0x4c RUM/mac.o
 .debug_frame   0x00001380      0x1d0 RUM/mac_associate.o
 .debug_frame   0x00001550       0x24 RUM/mac_beacon.o
 .debug_frame   0x00001574      0x110 RUM/mac_data.o
 .debug_frame   0x00001684       0x78 RUM/mac_event.o
 .debug_frame   0x000016fc       0x84 RUM/mac_route.o
 .debug_frame   0x00001780       0xc0 RUM/mac_scan.o
 .debug_frame   0x00001840      0x144 Timer/avr_timer.o
 .debug_frame   0x00001984       0xe8 Timer/timer_enddevice.o
 .debug_frame   0x00001a6c      0x12c Application/machine.o
 .debug_frame   0x00001b98      0x268 UART/serial.o

.debug_str      0x00000000    0x21e5f
 *(.debug_str)
 .debug_str     0x00000000      0x6de C:/Program Files (x86)/Atmel/Studio/7.0/Packs/atmel/ATmega_DFP/1.1.130/gcc/dev/atmega128rfa1/avr51/crtatmega128rfa1.o
 .debug_str     0x000006de    0x1f0f2 Application/application.o
                              0x1f4ce (size before relaxing)
 .debug_str     0x0001f7d0      0x25d Application/BowComm.o
                              0x19d99 (size before relaxing)
 .debug_str     0x0001fa2d       0x6b Application/display.o
                              0x171c7 (size before relaxing)
 .debug_str     0x0001fa98      0x208 Application/SpeedQueen.o
                              0x1a74b (size before relaxing)
 .debug_str     0x0001fca0       0x52 Application/reader.o
                              0x17c2c (size before relaxing)
 .debug_str     0x0001fcf2      0x2d6 mifare/Mifare.o
                               0x5000 (size before relaxing)
 .debug_str     0x0001ffc8       0x7f mifare/RegCtrl.o
                               0xe48b (size before relaxing)
 .debug_str     0x00020047       0x7c SPI/spi.o
                               0xd550 (size before relaxing)
 .debug_str     0x000200c3       0x9c main.o
                              0x1c17f (size before relaxing)
 .debug_str     0x0002015f      0x5c1 Radio/radio.o
                              0x16666 (size before relaxing)
 .debug_str     0x00020720      0x206 Radio/hal_avr.o
                              0x16182 (size before relaxing)
 .debug_str     0x00020926       0x3f RUM/mac.o
                              0x16293 (size before relaxing)
 .debug_str     0x00020965      0x2d7 RUM/mac_associate.o
                              0x163c6 (size before relaxing)
 .debug_str     0x00020c3c       0x88 RUM/mac_beacon.o
                              0x16056 (size before relaxing)
 .debug_str     0x00020cc4      0x14e RUM/mac_data.o
                              0x1624a (size before relaxing)
 .debug_str     0x00020e12       0xee RUM/mac_event.o
                              0x163be (size before relaxing)
 .debug_str     0x00020f00       0x57 RUM/mac_route.o
                              0x161bb (size before relaxing)
 .debug_str     0x00020f57      0x15a RUM/mac_scan.o
                              0x163a7 (size before relaxing)
 .debug_str     0x000210b1      0x124 Timer/avr_timer.o
                              0x161fd (size before relaxing)
 .debug_str     0x000211d5      0x871 Timer/timer_enddevice.o
                              0x18aed (size before relaxing)
 .debug_str     0x00021a46      0x101 Application/machine.o
                              0x1b088 (size before relaxing)
 .debug_str     0x00021b47      0x318 UART/serial.o
                              0x18efd (size before relaxing)

.debug_loc      0x00000000     0x6839
 *(.debug_loc)
 .debug_loc     0x00000000      0xc38 Application/application.o
 .debug_loc     0x00000c38      0x9b3 Application/BowComm.o
 .debug_loc     0x000015eb       0x8e Application/display.o
 .debug_loc     0x00001679      0xbb8 Application/SpeedQueen.o
 .debug_loc     0x00002231       0xfd Application/reader.o
 .debug_loc     0x0000232e     0x1553 mifare/Mifare.o
 .debug_loc     0x00003881      0x2b6 mifare/RegCtrl.o
 .debug_loc     0x00003b37       0xae SPI/spi.o
 .debug_loc     0x00003be5      0x826 Radio/radio.o
 .debug_loc     0x0000440b      0x6be Radio/hal_avr.o
 .debug_loc     0x00004ac9       0xa1 RUM/mac.o
 .debug_loc     0x00004b6a      0x3dd RUM/mac_associate.o
 .debug_loc     0x00004f47       0x18 RUM/mac_beacon.o
 .debug_loc     0x00004f5f      0x3e5 RUM/mac_data.o
 .debug_loc     0x00005344      0x24d RUM/mac_event.o
 .debug_loc     0x00005591      0x113 RUM/mac_route.o
 .debug_loc     0x000056a4       0xe4 RUM/mac_scan.o
 .debug_loc     0x00005788      0x57e Timer/avr_timer.o
 .debug_loc     0x00005d06      0x141 Timer/timer_enddevice.o
 .debug_loc     0x00005e47      0x34e Application/machine.o
 .debug_loc     0x00006195      0x6a4 UART/serial.o

.debug_macinfo
 *(.debug_macinfo)

.debug_weaknames
 *(.debug_weaknames)

.debug_funcnames
 *(.debug_funcnames)

.debug_typenames
 *(.debug_typenames)

.debug_varnames
 *(.debug_varnames)

.debug_pubtypes
 *(.debug_pubtypes)

.debug_ranges   0x00000000      0x988
 *(.debug_ranges)
 .debug_ranges  0x00000000      0x140 Application/application.o
 .debug_ranges  0x00000140       0x78 Application/BowComm.o
 .debug_ranges  0x000001b8       0x18 Application/display.o
 .debug_ranges  0x000001d0      0x100 Application/SpeedQueen.o
 .debug_ranges  0x000002d0       0x30 Application/reader.o
 .debug_ranges  0x00000300       0x88 mifare/Mifare.o
 .debug_ranges  0x00000388       0x30 mifare/RegCtrl.o
 .debug_ranges  0x000003b8       0x38 SPI/spi.o
 .debug_ranges  0x000003f0       0x18 main.o
 .debug_ranges  0x00000408      0x120 Radio/radio.o
 .debug_ranges  0x00000528       0x50 Radio/hal_avr.o
 .debug_ranges  0x00000578       0x18 RUM/mac.o
 .debug_ranges  0x00000590       0xe0 RUM/mac_associate.o
 .debug_ranges  0x00000670       0x10 RUM/mac_beacon.o
 .debug_ranges  0x00000680       0x60 RUM/mac_data.o
 .debug_ranges  0x000006e0       0x28 RUM/mac_event.o
 .debug_ranges  0x00000708       0x38 RUM/mac_route.o
 .debug_ranges  0x00000740       0x68 RUM/mac_scan.o
 .debug_ranges  0x000007a8       0x60 Timer/avr_timer.o
 .debug_ranges  0x00000808       0x58 Timer/timer_enddevice.o
 .debug_ranges  0x00000860       0x60 Application/machine.o
 .debug_ranges  0x000008c0       0xc8 UART/serial.o

.debug_macro    0x00000000     0xbe9b
 *(.debug_macro)
 .debug_macro   0x00000000      0x340 Application/application.o
 .debug_macro   0x00000340      0xb08 Application/application.o
 .debug_macro   0x00000e48      0x1c9 Application/application.o
 .debug_macro   0x00001011      0x2fc Application/application.o
 .debug_macro   0x0000130d       0x58 Application/application.o
 .debug_macro   0x00001365       0x10 Application/application.o
 .debug_macro   0x00001375       0x97 Application/application.o
 .debug_macro   0x0000140c       0xf2 Application/application.o
 .debug_macro   0x000014fe       0x1c Application/application.o
 .debug_macro   0x0000151a       0x97 Application/application.o
 .debug_macro   0x000015b1       0x66 Application/application.o
 .debug_macro   0x00001617       0x16 Application/application.o
 .debug_macro   0x0000162d       0x20 Application/application.o
 .debug_macro   0x0000164d       0x22 Application/application.o
 .debug_macro   0x0000166f       0x2e Application/application.o
 .debug_macro   0x0000169d       0x82 Application/application.o
 .debug_macro   0x0000171f       0x3b Application/application.o
 .debug_macro   0x0000175a       0xaa Application/application.o
 .debug_macro   0x00001804     0x3aaf Application/application.o
 .debug_macro   0x000052b3       0x9a Application/application.o
 .debug_macro   0x0000534d       0x81 Application/application.o
 .debug_macro   0x000053ce       0x34 Application/application.o
 .debug_macro   0x00005402       0x18 Application/application.o
 .debug_macro   0x0000541a       0x6c Application/application.o
 .debug_macro   0x00005486       0x69 Application/application.o
 .debug_macro   0x000054ef       0x10 Application/application.o
 .debug_macro   0x000054ff      0x160 Application/application.o
 .debug_macro   0x0000565f       0x7f Application/application.o
 .debug_macro   0x000056de       0x33 Application/application.o
 .debug_macro   0x00005711      0x1bd Application/application.o
 .debug_macro   0x000058ce     0x1b5a Application/application.o
 .debug_macro   0x00007428      0x265 Application/application.o
 .debug_macro   0x0000768d       0x43 Application/application.o
 .debug_macro   0x000076d0       0x83 Application/application.o
 .debug_macro   0x00007753      0x10e Application/application.o
 .debug_macro   0x00007861       0x43 Application/application.o
 .debug_macro   0x000078a4       0x28 Application/application.o
 .debug_macro   0x000078cc       0x10 Application/application.o
 .debug_macro   0x000078dc       0x10 Application/application.o
 .debug_macro   0x000078ec      0x1a0 Application/application.o
 .debug_macro   0x00007a8c      0x10c Application/application.o
 .debug_macro   0x00007b98      0x160 Application/application.o
 .debug_macro   0x00007cf8       0x68 Application/application.o
 .debug_macro   0x00007d60       0x1c Application/application.o
 .debug_macro   0x00007d7c      0x112 Application/application.o
 .debug_macro   0x00007e8e       0x4c Application/application.o
 .debug_macro   0x00007eda      0x22f Application/application.o
 .debug_macro   0x00008109       0xdc Application/application.o
 .debug_macro   0x000081e5      0x100 Application/application.o
 .debug_macro   0x000082e5       0x87 Application/application.o
 .debug_macro   0x0000836c       0x10 Application/application.o
 .debug_macro   0x0000837c       0x35 Application/application.o
 .debug_macro   0x000083b1      0x175 Application/application.o
 .debug_macro   0x00008526       0x4a Application/application.o
 .debug_macro   0x00008570       0x1c Application/application.o
 .debug_macro   0x0000858c       0x8e Application/application.o
 .debug_macro   0x0000861a       0xd6 Application/application.o
 .debug_macro   0x000086f0      0x3d8 Application/application.o
 .debug_macro   0x00008ac8      0x269 Application/application.o
 .debug_macro   0x00008d31       0xea Application/application.o
 .debug_macro   0x00008e1b       0x28 Application/application.o
 .debug_macro   0x00008e43      0x225 Application/BowComm.o
 .debug_macro   0x00009068       0x35 Application/BowComm.o
 .debug_macro   0x0000909d       0x16 Application/BowComm.o
 .debug_macro   0x000090b3       0x10 Application/BowComm.o
 .debug_macro   0x000090c3      0x302 Application/BowComm.o
 .debug_macro   0x000093c5       0x9e Application/BowComm.o
 .debug_macro   0x00009463       0xef Application/BowComm.o
 .debug_macro   0x00009552       0x4a Application/BowComm.o
 .debug_macro   0x0000959c       0x5a Application/BowComm.o
 .debug_macro   0x000095f6      0x1a4 Application/display.o
 .debug_macro   0x0000979a      0x1fb Application/SpeedQueen.o
 .debug_macro   0x00009995      0x1e5 Application/reader.o
 .debug_macro   0x00009b7a      0x10e Application/reader.o
 .debug_macro   0x00009c88       0x5c mifare/Mifare.o
 .debug_macro   0x00009ce4       0xb2 mifare/RegCtrl.o
 .debug_macro   0x00009d96       0x22 mifare/RegCtrl.o
 .debug_macro   0x00009db8       0x96 SPI/spi.o
 .debug_macro   0x00009e4e      0x2b6 main.o
 .debug_macro   0x0000a104       0x63 main.o
 .debug_macro   0x0000a167      0x1c4 Radio/radio.o
 .debug_macro   0x0000a32b      0x1da Radio/hal_avr.o
 .debug_macro   0x0000a505      0x1e0 RUM/mac.o
 .debug_macro   0x0000a6e5      0x1d4 RUM/mac_associate.o
 .debug_macro   0x0000a8b9      0x1be RUM/mac_beacon.o
 .debug_macro   0x0000aa77       0x16 RUM/mac_beacon.o
 .debug_macro   0x0000aa8d      0x1d7 RUM/mac_data.o
 .debug_macro   0x0000ac64      0x166 RUM/mac_data.o
 .debug_macro   0x0000adca       0x2e RUM/mac_data.o
 .debug_macro   0x0000adf8      0x1ff RUM/mac_event.o
 .debug_macro   0x0000aff7      0x1cd RUM/mac_route.o
 .debug_macro   0x0000b1c4      0x1d9 RUM/mac_scan.o
 .debug_macro   0x0000b39d      0x1f8 Timer/avr_timer.o
 .debug_macro   0x0000b595      0x1c2 Timer/timer_enddevice.o
 .debug_macro   0x0000b757      0x256 Application/machine.o
 .debug_macro   0x0000b9ad      0x183 Application/machine.o
 .debug_macro   0x0000bb30      0x1e0 UART/serial.o
 .debug_macro   0x0000bd10      0x18b UART/serial.o
OUTPUT(RDR_MDC_20150129_V0.3.6.elf elf32-avr)
LOAD linker stubs
