Archive member included to satisfy reference by file (symbol)

c:/program files (x86)/atmel/studio/7.0/toolchain/avr8/avr8-gnu-toolchain/bin/../lib/gcc/avr/4.9.2/../../../../avr/lib/avr51\libprintf_flt.a(vfprintf_flt.o)
                              (vfprintf)
c:/program files (x86)/atmel/studio/7.0/toolchain/avr8/avr8-gnu-toolchain/bin/../lib/gcc/avr/4.9.2/../../../../avr/lib/avr51\libm.a(addsf3.o)
                              Application/application.o (__subsf3)
c:/program files (x86)/atmel/studio/7.0/toolchain/avr8/avr8-gnu-toolchain/bin/../lib/gcc/avr/4.9.2/../../../../avr/lib/avr51\libm.a(addsf3x.o)
                              c:/program files (x86)/atmel/studio/7.0/toolchain/avr8/avr8-gnu-toolchain/bin/../lib/gcc/avr/4.9.2/../../../../avr/lib/avr51\libm.a(addsf3.o) (__addsf3x)
c:/program files (x86)/atmel/studio/7.0/toolchain/avr8/avr8-gnu-toolchain/bin/../lib/gcc/avr/4.9.2/../../../../avr/lib/avr51\libm.a(divsf3.o)
                              Application/BowComm.o (__divsf3)
c:/program files (x86)/atmel/studio/7.0/toolchain/avr8/avr8-gnu-toolchain/bin/../lib/gcc/avr/4.9.2/../../../../avr/lib/avr51\libm.a(divsf3x.o)
                              c:/program files (x86)/atmel/studio/7.0/toolchain/avr8/avr8-gnu-toolchain/bin/../lib/gcc/avr/4.9.2/../../../../avr/lib/avr51\libm.a(divsf3.o) (__divsf3x)
c:/program files (x86)/atmel/studio/7.0/toolchain/avr8/avr8-gnu-toolchain/bin/../lib/gcc/avr/4.9.2/../../../../avr/lib/avr51\libm.a(fixunssfsi.o)
                              Application/application.o (__fixunssfsi)
c:/program files (x86)/atmel/studio/7.0/toolchain/avr8/avr8-gnu-toolchain/bin/../lib/gcc/avr/4.9.2/../../../../avr/lib/avr51\libm.a(floatsisf.o)
                              Application/BowComm.o (__floatunsisf)
c:/program files (x86)/atmel/studio/7.0/toolchain/avr8/avr8-gnu-toolchain/bin/../lib/gcc/avr/4.9.2/../../../../avr/lib/avr51\libm.a(fp_inf.o)
                              c:/program files (x86)/atmel/studio/7.0/toolchain/avr8/avr8-gnu-toolchain/bin/../lib/gcc/avr/4.9.2/../../../../avr/lib/avr51\libm.a(addsf3x.o) (__fp_inf)
c:/program files (x86)/atmel/studio/7.0/toolchain/avr8/avr8-gnu-toolchain/bin/../lib/gcc/avr/4.9.2/../../../../avr/lib/avr51\libm.a(fp_nan.o)
                              c:/program files (x86)/atmel/studio/7.0/toolchain/avr8/avr8-gnu-toolchain/bin/../lib/gcc/avr/4.9.2/../../../../avr/lib/avr51\libm.a(addsf3x.o) (__fp_nan)
c:/program files (x86)/atmel/studio/7.0/toolchain/avr8/avr8-gnu-toolchain/bin/../lib/gcc/avr/4.9.2/../../../../avr/lib/avr51\libm.a(fp_pscA.o)
                              c:/program files (x86)/atmel/studio/7.0/toolchain/avr8/avr8-gnu-toolchain/bin/../lib/gcc/avr/4.9.2/../../../../avr/lib/avr51\libm.a(addsf3x.o) (__fp_pscA)
c:/program files (x86)/atmel/studio/7.0/toolchain/avr8/avr8-gnu-toolchain/bin/../lib/gcc/avr/4.9.2/../../../../avr/lib/avr51\libm.a(fp_pscB.o)
                              c:/program files (x86)/atmel/studio/7.0/toolchain/avr8/avr8-gnu-toolchain/bin/../lib/gcc/avr/4.9.2/../../../../avr/lib/avr51\libm.a(addsf3x.o) (__fp_pscB)
c:/program files (x86)/atmel/studio/7.0/toolchain/avr8/avr8-gnu-toolchain/bin/../lib/gcc/avr/4.9.2/../../../../avr/lib/avr51\libm.a(fp_round.o)
                              c:/program files (x86)/atmel/studio/7.0/toolchain/avr8/avr8-gnu-toolchain/bin/../lib/gcc/avr/4.9.2/../../../../avr/lib/avr51\libm.a(addsf3.o) (__fp_round)
c:/program files (x86)/atmel/studio/7.0/toolchain/avr8/avr8-gnu-toolchain/bin/../lib/gcc/avr/4.9.2/../../../../avr/lib/avr51\libm.a(fp_split3.o)
                              c:/program files (x86)/atmel/studio/7.0/toolchain/avr8/avr8-gnu-toolchain/bin/../lib/gcc/avr/4.9.2/../../../../avr/lib/avr51\libm.a(addsf3x.o) (__fp_split3)
c:/program files (x86)/atmel/studio/7.0/toolchain/avr8/avr8-gnu-toolchain/bin/../lib/gcc/avr/4.9.2/../../../../avr/lib/avr51\libm.a(fp_zero.o)
                              c:/program files (x86)/atmel/studio/7.0/toolchain/avr8/avr8-gnu-toolchain/bin/../lib/gcc/avr/4.9.2/../../../../avr/lib/avr51\libm.a(addsf3x.o) (__fp_zero)
c:/program files (x86)/atmel/studio/7.0/toolchain/avr8/avr8-gnu-toolchain/bin/../lib/gcc/avr/4.9.2/../../../../avr/lib/avr51\libm.a(mulsf3.o)
                              Application/application.o (__mulsf3)
c:/program files (x86)/atmel/studio/7.0/toolchain/avr8/avr8-gnu-toolchain/bin/../lib/gcc/avr/4.9.2/../../../../avr/lib/avr51\libm.a(mulsf3x.o)
                              c:/program files (x86)/atmel/studio/7.0/toolchain/avr8/avr8-gnu-toolchain/bin/../lib/gcc/avr/4.9.2/../../../../avr/lib/avr51\libm.a(mulsf3.o) (__mulsf3x)
c:/program files (x86)/atmel/studio/7.0/toolchain/avr8/avr8-gnu-toolchain/bin/../lib/gcc/avr/4.9.2/avr51\libgcc.a(_udivmodhi4.o)
                              mifare/Mifare.o (__udivmodhi4)
c:/program files (x86)/atmel/studio/7.0/toolchain/avr8/avr8-gnu-toolchain/bin/../lib/gcc/avr/4.9.2/avr51\libgcc.a(_divmodhi4.o)
                              RUM/mac_event.o (__divmodhi4)
[...]
Memory Configuration

Name             Origin             Length             Attributes
text             0x00000000         0x00020000         xr
data             0x00800100         0x0000ff00         rw !x
eeprom           0x00810000         0x00010000         rw !x
fuse             0x00820000         0x00000003         rw !x
lock             0x00830000         0x00000400         rw !x
signature        0x00840000         0x00000400         rw !x
user_signatures  0x00850000         0x00000400         rw !x
*default*        0x00000000         0xffffffff

Linker script and memory map

Address of section .data set to 0x800200
LOAD C:/Program Files (x86)/Atmel/Studio/7.0/Packs/atmel/ATmega_DFP/1.1.130/gcc/dev/atmega128rfa1/avr51/crtatmega128rfa1.o
LOAD Application/BowComm.o
LOAD Application/display.o
LOAD Application/reader.o
LOAD Application/SpeedQueen.o
LOAD mifare/Mifare.o
LOAD mifare/RegCtrl.o
LOAD SPI/spi.o
LOAD TWI/i2cbitbang.o
LOAD TWI/twi.o
LOAD main.o
LOAD Application/sleep.o
LOAD Radio/radio.o
LOAD Radio/hal_avr.o
LOAD RUM/mac_start.o
LOAD RUM/mac.o
LOAD RUM/mac_associate.o
LOAD RUM/mac_beacon.o
LOAD RUM/mac_data.o
LOAD RUM/mac_event.o
LOAD RUM/mac_route.o
LOAD RUM/mac_scan.o
LOAD Timer/avr_timer.o
LOAD Timer/timer_enddevice.o
LOAD Application/machine.o
LOAD UART/serial.o
LOAD Application/application.o
LOAD RUM/sensors.o
LOAD RUM/sixlowpan_wake.o
START GROUP
LOAD c:/program files (x86)/atmel/studio/7.0/toolchain/avr8/avr8-gnu-toolchain/bin/../lib/gcc/avr/4.9.2/../../../../avr/lib/avr51\libprintf_flt.a
LOAD c:/program files (x86)/atmel/studio/7.0/toolchain/avr8/avr8-gnu-toolchain/bin/../lib/gcc/avr/4.9.2/../../../../avr/lib/avr51\libm.a
END GROUP
Address of section .data set to 0x800200
START GROUP
LOAD c:/program files (x86)/atmel/studio/7.0/toolchain/avr8/avr8-gnu-toolchain/bin/../lib/gcc/avr/4.9.2/avr51\libgcc.a
LOAD c:/program files (x86)/atmel/studio/7.0/toolchain/avr8/avr8-gnu-toolchain/bin/../lib/gcc/avr/4.9.2/../../../../avr/lib/avr51\libm.a
LOAD c:/program files (x86)/atmel/studio/7.0/toolchain/avr8/avr8-gnu-toolchain/bin/../lib/gcc/avr/4.9.2/../../../../avr/lib/avr51\libc.a
LOAD C:/Program Files (x86)/Atmel/Studio/7.0/Packs/atmel/ATmega_DFP/1.1.130/gcc/dev/atmega128rfa1/avr51\libatmega128rfa1.a
END GROUP
                0x00020000                __TEXT_REGION_LENGTH__ = DEFINED (__TEXT_REGION_LENGTH__)?__TEXT_REGION_LENGTH__:0x20000
                0x0000ff00                __DATA_REGION_LENGTH__ = DEFINED (__DATA_REGION_LENGTH__)?__DATA_REGION_LENGTH__:0xff00
                0x00010000                __EEPROM_REGION_LENGTH__ = DEFINED (__EEPROM_REGION_LENGTH__)?__EEPROM_REGION_LENGTH__:0x10000
                [0x00000003]                __FUSE_REGION_LENGTH__ = DEFINED (__FUSE_REGION_LENGTH__)?__FUSE_REGION_LENGTH__:0x400
                0x00000400                __LOCK_REGION_LENGTH__ = DEFINED (__LOCK_REGION_LENGTH__)?__LOCK_REGION_LENGTH__:0x400
                0x00000400                __SIGNATURE_REGION_LENGTH__ = DEFINED (__SIGNATURE_REGION_LENGTH__)?__SIGNATURE_REGION_LENGTH__:0x400
                0x00000400                __USER_SIGNATURE_REGION_LENGTH__ = DEFINED (__USER_SIGNATURE_REGION_LENGTH__)?__USER_SIGNATURE_REGION_LENGTH__:0x400

.hash
 *(.hash)

.dynsym
 *(.dynsym)

.dynstr
 *(.dynstr)

.gnu.version
 *(.gnu.version)

.gnu.version_d
 *(.gnu.version_d)

.gnu.version_r
 *(.gnu.version_r)

.rel.init
 *(.rel.init)

.rela.init
 *(.rela.init)

.rel.text
 *(.rel.text)
 *(.rel.text.*)
 *(.rel.gnu.linkonce.t*)

.rela.text
 *(.rela.text)
 *(.rela.text.*)
 *(.rela.gnu.linkonce.t*)

.rel.fini
 *(.rel.fini)

.rela.fini
 *(.rela.fini)

.rel.rodata
 *(.rel.rodata)
 *(.rel.rodata.*)
 *(.rel.gnu.linkonce.r*)

.rela.rodata
 *(.rela.rodata)
 *(.rela.rodata.*)
 *(.rela.gnu.linkonce.r*)

.rel.data
 *(.rel.data)
 *(.rel.data.*)
 *(.rel.gnu.linkonce.d*)

.rela.data
 *(.rela.data)
 *(.rela.data.*)
 *(.rela.gnu.linkonce.d*)

.rel.ctors
 *(.rel.ctors)

.rela.ctors
 *(.rela.ctors)

.rel.dtors
 *(.rel.dtors)

.rela.dtors
 *(.rela.dtors)

.rel.got
 *(.rel.got)

.rela.got
 *(.rela.got)

.rel.bss
 *(.rel.bss)

.rela.bss
 *(.rela.bss)

.rel.plt
 *(.rel.plt)

.rela.plt
 *(.rela.plt)

.text           0x00000000     0x69c4
 *(.vectors)
 .vectors       0x00000000      0x120 C:/Program Files (x86)/Atmel/Studio/7.0/Packs/atmel/ATmega_DFP/1.1.130/gcc/dev/atmega128rfa1/avr51/crtatmega128rfa1.o
                0x00000000                __vector_default
                0x00000000                __vectors
 *(.vectors)
 *(.progmem.gcc*)
 .progmem.gcc_sw_table.macTask
                0x00000120       0x14 RUM/mac_event.o
 .progmem.gcc_sw_table.APP_TaskHandler
                0x00000134       0x50 Application/application.o
                0x00000184                . = ALIGN (0x2)
                0x00000184                __trampolines_start = .
 *(.trampolines)
 .trampolines   0x00000184        0x0 linker stubs
 *(.trampolines*)
                0x00000184                __trampolines_end = .
 *libprintf_flt.a:*(.progmem.data)
 .progmem.data  0x00000184        0x8 c:/program files (x86)/atmel/studio/7.0/toolchain/avr8/avr8-gnu-toolchain/bin/../lib/gcc/avr/4.9.2/../../../../avr/lib/avr51\libprintf_flt.a(vfprintf_flt.o)
 *libc.a:*(.progmem.data)
 .progmem.data  0x0000018c       0xfa c:/program files (x86)/atmel/studio/7.0/toolchain/avr8/avr8-gnu-toolchain/bin/../lib/gcc/avr/4.9.2/../../../../avr/lib/avr51\libc.a(ftoa_engine.o)
 .progmem.data  0x00000286       0x3b c:/program files (x86)/atmel/studio/7.0/toolchain/avr8/avr8-gnu-toolchain/bin/../lib/gcc/avr/4.9.2/../../../../avr/lib/avr51\libc.a(strtod.o)
 *(.progmem*)
                0x000002c2                . = ALIGN (0x2)
 *fill*         0x000002c1        0x1 
 *(.jumptables)
 *(.jumptables*)
 *(.lowtext)
 *(.lowtext*)
                0x000002c2                __ctors_start = .
 *(.ctors)
                0x000002c2                __ctors_end = .
                0x000002c2                __dtors_start = .
 *(.dtors)
                0x000002c2                __dtors_end = .
 SORT(*)(.ctors)
 SORT(*)(.dtors)
 *(.init0)
 .init0         0x000002c2        0x0 C:/Program Files (x86)/Atmel/Studio/7.0/Packs/atmel/ATmega_DFP/1.1.130/gcc/dev/atmega128rfa1/avr51/crtatmega128rfa1.o
                0x000002c2                __init
 *(.init0)
 *(.init1)
 *(.init1)
 *(.init2)
 .init2         0x000002c2        0xc C:/Program Files (x86)/Atmel/Studio/7.0/Packs/atmel/ATmega_DFP/1.1.130/gcc/dev/atmega128rfa1/avr51/crtatmega128rfa1.o
 *(.init2)
 *(.init3)
 *(.init3)
 *(.init4)
 .init4         0x000002ce       0x1a c:/program files (x86)/atmel/studio/7.0/toolchain/avr8/avr8-gnu-toolchain/bin/../lib/gcc/avr/4.9.2/avr51\libgcc.a(_copy_data.o)
                0x000002ce                __do_copy_data
 .init4         0x000002e8       0x10 c:/program files (x86)/atmel/studio/7.0/toolchain/avr8/avr8-gnu-toolchain/bin/../lib/gcc/avr/4.9.2/avr51\libgcc.a(_clear_bss.o)
                0x000002e8                __do_clear_bss
 *(.init4)
 *(.init5)
 *(.init5)
 *(.init6)
 *(.init6)
 *(.init7)
 *(.init7)
 *(.init8)
 *(.init8)
 *(.init9)
 .init9         0x000002f8        0x8 C:/Program Files (x86)/Atmel/Studio/7.0/Packs/atmel/ATmega_DFP/1.1.130/gcc/dev/atmega128rfa1/avr51/crtatmega128rfa1.o
 *(.init9)
 *(.text)
 .text          0x00000300        0x4 C:/Program Files (x86)/Atmel/Studio/7.0/Packs/atmel/ATmega_DFP/1.1.130/gcc/dev/atmega128rfa1/avr51/crtatmega128rfa1.o
                0x00000300                __vector_38
                0x00000300                __vector_22
                0x00000300                __vector_28
                0x00000300                __vector_67
                0x00000300                __vector_1
                0x00000300                __vector_71
                0x00000300                __vector_34
                0x00000300                __vector_62
                0x00000300                __vector_24
                0x00000300                __vector_55
                0x00000300                __vector_69
                0x00000300                __vector_46
                0x00000300                __bad_interrupt
                0x00000300                __vector_6
                0x00000300                __vector_31
                0x00000300                __vector_39
                0x00000300                __vector_3
                0x00000300                __vector_23
                0x00000300                __vector_68
                0x00000300                __vector_30
                0x00000300                __vector_45
                0x00000300                __vector_25
                0x00000300                __vector_11
                0x00000300                __vector_54
                0x00000300                __vector_13
                0x00000300                __vector_17
                0x00000300                __vector_19
                0x00000300                __vector_56
                0x00000300                __vector_7
                0x00000300                __vector_49
                0x00000300                __vector_41
                0x00000300                __vector_64
                0x00000300                __vector_43
                0x00000300                __vector_27
                0x00000300                __vector_5
                0x00000300                __vector_33
                0x00000300                __vector_47
                0x00000300                __vector_52
                0x00000300                __vector_4
                0x00000300                __vector_44
                0x00000300                __vector_51
                0x00000300                __vector_9
                0x00000300                __vector_2
                0x00000300                __vector_15
                0x00000300                __vector_66
                0x00000300                __vector_58
                0x00000300                __vector_70
                0x00000300                __vector_29
                0x00000300                __vector_40
                0x00000300                __vector_8
                0x00000300                __vector_26
                0x00000300                __vector_48
                0x00000300                __vector_14
                0x00000300                __vector_57
                0x00000300                __vector_53
                0x00000300                __vector_10
                0x00000300                __vector_50
                0x00000300                __vector_16
                0x00000300                __vector_18
                0x00000300                __vector_20
                0x00000300                __vector_42
                0x00000300                __vector_65
                0x00000304                . = ALIGN (0x2)
 *(.text.*)
 .text.timeoutWaitingForOLTReponse
                0x00000304        0xc Application/BowComm.o
 .text.asciiStringToNibble
                0x00000310       0x78 Application/BowComm.o
                0x00000310                asciiStringToNibble
 .text.constructOutgoingString
                0x00000388      0x140 Application/BowComm.o
                0x00000388                constructOutgoingString
 .text.sendReaderFirmwareVersion
                0x000004c8       0x5c Application/BowComm.o
                0x000004c8                sendReaderFirmwareVersion
 .text.sendSetupRequest
                0x00000524       0x52 Application/BowComm.o
                0x00000524                sendSetupRequest
 .text.sendValidationRequest
                0x00000576       0x4e Application/BowComm.o
                0x00000576                sendValidationRequest
 .text.sendMachineLabel
                0x000005c4       0x4e Application/BowComm.o
                0x000005c4                sendMachineLabel
 .text.sendMachineDescription
                0x00000612       0x52 Application/BowComm.o
                0x00000612                sendMachineDescription
 .text.sendNumberOfOLT
                0x00000664       0x4e Application/BowComm.o
                0x00000664                sendNumberOfOLT
 .text.extractIncomingMessage
                0x000006b2      0x472 Application/BowComm.o
                0x000006b2                extractIncomingMessage
 .text.sendCCTransaction
                0x00000b24      0x114 Application/BowComm.o
                0x00000b24                sendCCTransaction
 .text.displayMsg
                0x00000c38       0x50 Application/display.o
                0x00000c38                displayMsg
 .text.displayVersion
                0x00000c88        0x4 Application/display.o
                0x00000c88                displayVersion
 .text.initReader
                0x00000c8c       0xe0 Application/reader.o
                0x00000c8c                initReader
 .text.storeOfflineTransaction
                0x00000d6c      0x158 Application/reader.o
                0x00000d6c                storeOfflineTransaction
 .text.sendStoredTransaction
                0x00000ec4       0xc2 Application/reader.o
                0x00000ec4                sendStoredTransaction
 .text.getSQSetupData
                0x00000f86      0x2ec Application/SpeedQueen.o
                0x00000f86                getSQSetupData
 .text.sendSQData
                0x00001272       0xc2 Application/SpeedQueen.o
                0x00001272                sendSQData
 .text.sendSQVendPrice
                0x00001334       0xaa Application/SpeedQueen.o
                0x00001334                sendSQVendPrice
 .text.getSQData
                0x000013de       0x6e Application/SpeedQueen.o
                0x000013de                getSQData
 .text.getSQStatusData
                0x0000144c       0xe6 Application/SpeedQueen.o
                0x0000144c                getSQStatusData
 .text.getSQMachineStatus
                0x00001532       0x70 Application/SpeedQueen.o
                0x00001532                getSQMachineStatus
 .text.getSQInitData
                0x000015a2       0x4e Application/SpeedQueen.o
                0x000015a2                getSQInitData
 .text.isQuantum
                0x000015f0       0x4c Application/SpeedQueen.o
                0x000015f0                isQuantum
 .text.waitSQStartKey
                0x0000163c       0x34 Application/SpeedQueen.o
                0x0000163c                waitSQStartKey
 .text.isSQCycleRunning
                0x00001670       0x1c Application/SpeedQueen.o
                0x00001670                isSQCycleRunning
 .text.sendSQCashCardInserted
                0x0000168c       0x68 Application/SpeedQueen.o
                0x0000168c                sendSQCashCardInserted
 .text.sendSQCashCardInsetedForTopoff
                0x000016f4       0x74 Application/SpeedQueen.o
                0x000016f4                sendSQCashCardInsetedForTopoff
 .text.sendSQCardRemoved
                0x00001768       0x24 Application/SpeedQueen.o
                0x00001768                sendSQCardRemoved
 .text.sendSQCashCardRemoved
                0x0000178c       0x6e Application/SpeedQueen.o
                0x0000178c                sendSQCashCardRemoved
 .text.sendSQDisplayCommand
                0x000017fa       0x50 Application/SpeedQueen.o
                0x000017fa                sendSQDisplayCommand
 .text.displaySQReaderVersion
                0x0000184a       0x2e Application/SpeedQueen.o
                0x0000184a                displaySQReaderVersion
 .text.displaySQCardError
                0x00001878       0x58 Application/SpeedQueen.o
                0x00001878                displaySQCardError
 .text.cardRemoved
                0x000018d0       0x1e Application/SpeedQueen.o
                0x000018d0                cardRemoved
 .text.cardInserted
                0x000018ee       0x24 Application/SpeedQueen.o
                0x000018ee                cardInserted
 .text.isMachineCycleRunning
                0x00001912        0x4 Application/SpeedQueen.o
                0x00001912                isMachineCycleRunning
 .text.waitForMachineStartKey
                0x00001916        0x4 Application/SpeedQueen.o
                0x00001916                waitForMachineStartKey
 .text.MachineStatus
                0x0000191a       0x10 Application/SpeedQueen.o
                0x0000191a                MachineStatus
 .text.initMachine
                0x0000192a       0x34 Application/SpeedQueen.o
                0x0000192a                initMachine
 .text.setupMachine
                0x0000195e      0x418 Application/SpeedQueen.o
                0x0000195e                setupMachine
 .text.startMachineCycle
                0x00001d76       0x24 Application/SpeedQueen.o
                0x00001d76                startMachineCycle
 .text.SetTimeOut
                0x00001d9a       0x5c mifare/Mifare.o
                0x00001d9a                SetTimeOut
 .text.Rc522Init
                0x00001df6       0xc4 mifare/Mifare.o
                0x00001df6                Rc522Init
 .text.M522PcdCmd
                0x00001eba      0x280 mifare/Mifare.o
                0x00001eba                M522PcdCmd
 .text.Request  0x0000213a       0xb0 mifare/Mifare.o
                0x0000213a                Request
 .text.CascAnticoll
                0x000021ea      0x1f2 mifare/Mifare.o
                0x000021ea                CascAnticoll
 .text.Select   0x000023dc       0xbe mifare/Mifare.o
                0x000023dc                Select
 .text.AnticollSelect
                0x0000249a      0x156 mifare/Mifare.o
                0x0000249a                AnticollSelect
 .text.Authentication
                0x000025f0       0x90 mifare/Mifare.o
                0x000025f0                Authentication
 .text.Read     0x00002680       0xb4 mifare/Mifare.o
                0x00002680                Read
 .text.readCardID
                0x00002734        0xe mifare/Mifare.o
                0x00002734                readCardID
 .text.RcSetReg
                0x00002742       0x28 mifare/RegCtrl.o
                0x00002742                RcSetReg
 .text.RcGetReg
                0x0000276a       0x14 mifare/RegCtrl.o
                0x0000276a                RcGetReg
 .text.RcModifyReg
                0x0000277e       0x3a mifare/RegCtrl.o
                0x0000277e                RcModifyReg
 .text.Spi_initialize
                0x000027b8       0x30 SPI/spi.o
                0x000027b8                Spi_initialize
 .text.Spi_send
                0x000027e8        0xa SPI/spi.o
                0x000027e8                Spi_send
 .text.Spi_receive
                0x000027f2        0xe SPI/spi.o
                0x000027f2                Spi_receive
 .text.mifareInit
                0x00002800        0x8 main.o
                0x00002800                mifareInit
 .text.startup.main
                0x00002808       0x3e main.o
                0x00002808                main
 .text.nodeSleep
                0x00002846        0x2 Application/sleep.o
                0x00002846                nodeSleep
 .text.isSleeping
                0x00002848        0xa Radio/radio.o
 .text.radioGetPartnum
                0x00002852       0x16 Radio/radio.o
                0x00002852                radioGetPartnum
 .text.radioRxStartEvent
                0x00002868       0x10 Radio/radio.o
                0x00002868                radioRxStartEvent
 .text.radioGetSavedRssiValue
                0x00002878       0x12 Radio/radio.o
                0x00002878                radioGetSavedRssiValue
 .text.radioGetSavedLqiValue
                0x0000288a        0x6 Radio/radio.o
                0x0000288a                radioGetSavedLqiValue
 .text.radioSetOperatingChannel
                0x00002890       0x62 Radio/radio.o
                0x00002890                radioSetOperatingChannel
 .text.radioSetClockSpeed
                0x000028f2       0x2e Radio/radio.o
                0x000028f2                radioSetClockSpeed
 .text.radioGetTrxState
                0x00002920        0x8 Radio/radio.o
                0x00002920                radioGetTrxState
 .text.radioResetStateMachine
                0x00002928       0x28 Radio/radio.o
                0x00002928                radioResetStateMachine
 .text.radioResetTrx
                0x00002950       0x20 Radio/radio.o
                0x00002950                radioResetTrx
 .text.radioInit
                0x00002970       0x58 Radio/radio.o
                0x00002970                radioInit
 .text.radioUseAutoTxCrc
                0x000029c8       0x3c Radio/radio.o
                0x000029c8                radioUseAutoTxCrc
 .text.radioIsBusy
                0x00002a04       0x20 Radio/radio.o
                0x00002a04                radioIsBusy
 .text.radioSetTrxState
                0x00002a24       0xd6 Radio/radio.o
                0x00002a24                radioSetTrxState
 .text.radioTrxEndEvent
                0x00002afa      0x168 Radio/radio.o
                0x00002afa                radioTrxEndEvent
 .text.radioSendData
                0x00002c62       0x6e Radio/radio.o
                0x00002c62                radioSendData
 .text.radioSetDeviceRole
                0x00002cd0        0xe Radio/radio.o
                0x00002cd0                radioSetDeviceRole
 .text.radioSetPanId
                0x00002cde        0xa Radio/radio.o
                0x00002cde                radioSetPanId
 .text.radioSetShortAddress
                0x00002ce8        0xa Radio/radio.o
                0x00002ce8                radioSetShortAddress
 .text.radioSetExtendedAddress
                0x00002cf2       0x16 Radio/radio.o
                0x00002cf2                radioSetExtendedAddress
 .text.radioRandom
                0x00002d08       0x5e Radio/radio.o
                0x00002d08                radioRandom
 .text.radioSetup900
                0x00002d66        0x2 Radio/radio.o
                0x00002d66                radioSetup900
 .text.__vector_59
                0x00002d68       0x50 Radio/hal_avr.o
                0x00002d68                __vector_59
 .text.__vector_60
                0x00002db8       0x50 Radio/hal_avr.o
                0x00002db8                __vector_60
 .text.__vector_63
                0x00002e08       0x5a Radio/hal_avr.o
                0x00002e08                __vector_63
 .text.__vector_61
                0x00002e62       0x50 Radio/hal_avr.o
                0x00002e62                __vector_61
 .text.calibrate_rc_osc
                0x00002eb2       0xea Radio/hal_avr.o
                0x00002eb2                calibrate_rc_osc
 .text.halGetEeprom
                0x00002f9c       0x2a Radio/hal_avr.o
                0x00002f9c                halGetEeprom
 .text.halPutEeprom
                0x00002fc6       0x2a Radio/hal_avr.o
                0x00002fc6                halPutEeprom
 .text.macInit  0x00002ff0       0xf6 RUM/mac.o
                0x00002ff0                macInit
 .text.macSetOperatingChannel
                0x000030e6        0x8 RUM/mac.o
                0x000030e6                macSetOperatingChannel
 .text.macAssociationConfirm
                0x000030ee       0x14 RUM/mac_associate.o
                0x000030ee                macAssociationConfirm
 .text.macAssociate
                0x00003102       0xa4 RUM/mac_associate.o
                0x00003102                macAssociate
 .text.macIsChild
                0x000031a6       0x24 RUM/mac_associate.o
                0x000031a6                macIsChild
 .text.macAddChild
                0x000031ca       0x82 RUM/mac_associate.o
                0x000031ca                macAddChild
 .text.macRemoveChild
                0x0000324c       0x36 RUM/mac_associate.o
                0x0000324c                macRemoveChild
 .text.macInitNodes
                0x00003282        0x2 RUM/mac_associate.o
                0x00003282                macInitNodes
 .text.macWakeChildNode
                0x00003284        0x2 RUM/mac_associate.o
                0x00003284                macWakeChildNode
 .text.macChildIsAwake
                0x00003286        0xa RUM/mac_associate.o
                0x00003286                macChildIsAwake
 .text.sendBeaconFrame
                0x00003290       0x56 RUM/mac_beacon.o
                0x00003290                sendBeaconFrame
 .text.mdr_timer
                0x000032e6        0xc RUM/mac_data.o
                0x000032e6                mdr_timer
 .text.macDataRequestInt
                0x000032f2      0x106 RUM/mac_data.o
 .text.macDataRequest
                0x000033f8        0x6 RUM/mac_data.o
                0x000033f8                macDataRequest
 .text.macDataIndication
                0x000033fe       0x6e RUM/mac_data.o
                0x000033fe                macDataIndication
 .text.mp       0x0000346c       0x8e RUM/mac_data.o
                0x0000346c                mp
 .text.macPing  0x000034fa       0x34 RUM/mac_data.o
                0x000034fa                macPing
 .text.mac_event_pending
                0x0000352e       0x12 RUM/mac_event.o
                0x0000352e                mac_event_pending
 .text.mac_put_event
                0x00003540       0x58 RUM/mac_event.o
                0x00003540                mac_put_event
 .text.mac_get_event
                0x00003598       0x3e RUM/mac_event.o
                0x00003598                mac_get_event
 .text.macTask  0x000035d6      0x114 RUM/mac_event.o
                0x000035d6                macTask
 .text.macForwardRoutingPacket
                0x000036ea       0x98 RUM/mac_route.o
                0x000036ea                macForwardRoutingPacket
 .text.macRouteAssociateResponse
                0x00003782      0x11e RUM/mac_route.o
                0x00003782                macRouteAssociateResponse
 .text.macRouteAssociateRequest
                0x000038a0      0x142 RUM/mac_route.o
                0x000038a0                macRouteAssociateRequest
 .text.macRouteData
                0x000039e2       0xb2 RUM/mac_route.o
                0x000039e2                macRouteData
 .text.macSendRoutingPacket
                0x00003a94        0x4 RUM/mac_route.o
                0x00003a94                macSendRoutingPacket
 .text.store_pandescriptors
                0x00003a98       0x4c RUM/mac_scan.o
 .text.macIsScanning
                0x00003ae4        0x6 RUM/mac_scan.o
                0x00003ae4                macIsScanning
 .text.mac_logPanDescriptors
                0x00003aea       0x72 RUM/mac_scan.o
                0x00003aea                mac_logPanDescriptors
 .text.mac_scanConfirm
                0x00003b5c       0x4e RUM/mac_scan.o
                0x00003b5c                mac_scanConfirm
 .text.macScan  0x00003baa       0xb6 RUM/mac_scan.o
                0x00003baa                macScan
 .text.macEdCallback
                0x00003c60        0x2 RUM/mac_scan.o
                0x00003c60                macEdCallback
 .text.getUniqueID
                0x00003c62       0x4e Timer/avr_timer.o
 .text.timerStart
                0x00003cb0       0x1e Timer/avr_timer.o
 .text.macSetAlarm
                0x00003cce       0x92 Timer/avr_timer.o
                0x00003cce                macSetAlarm
 .text.macSetLongAlarm
                0x00003d60       0x7a Timer/avr_timer.o
                0x00003d60                macSetLongAlarm
 .text.macTimerEnd
                0x00003dda       0x60 Timer/avr_timer.o
                0x00003dda                macTimerEnd
 .text.timerInit
                0x00003e3a       0x22 Timer/avr_timer.o
                0x00003e3a                timerInit
 .text.__vector_32
                0x00003e5c      0x118 Timer/avr_timer.o
                0x00003e5c                __vector_32
 .text.__vector_35
                0x00003f74       0x1e Timer/timer_enddevice.o
                0x00003f74                __vector_35
 .text.__vector_12
                0x00003f92       0x1e Timer/timer_enddevice.o
                0x00003f92                __vector_12
 .text.WaitForMachine
                0x00003fb0        0x8 Application/machine.o
                0x00003fb0                WaitForMachine
 .text.InitTimerZero
                0x00003fb8       0x10 Application/machine.o
                0x00003fb8                InitTimerZero
 .text.StopTimerZero
                0x00003fc8        0x4 Application/machine.o
                0x00003fc8                StopTimerZero
 .text.StartTimerZero
                0x00003fcc        0xe Application/machine.o
                0x00003fcc                StartTimerZero
 .text.__vector_21
                0x00003fda       0x22 Application/machine.o
                0x00003fda                __vector_21
 .text.SetDefaultMachineSetup
                0x00003ffc       0x3c Application/machine.o
                0x00003ffc                SetDefaultMachineSetup
 .text.get_from_circ_buf
                0x00004038       0x24 UART/serial.o
 .text.init_rx_buf
                0x0000405c        0xa UART/serial.o
                0x0000405c                init_rx_buf
 .text.serial_init
                0x00004066       0x30 UART/serial.o
                0x00004066                serial_init
 .text.serial_putchar
                0x00004096       0x5e UART/serial.o
                0x00004096                serial_putchar
 .text.rx_buf_count
                0x000040f4       0x18 UART/serial.o
                0x000040f4                rx_buf_count
 .text.serial_getchar
                0x0000410c       0x22 UART/serial.o
                0x0000410c                serial_getchar
 .text.__vector_36
                0x0000412e       0x8a UART/serial.o
                0x0000412e                __vector_36
 .text.__vector_37
                0x000041b8       0x70 UART/serial.o
                0x000041b8                __vector_37
 .text.Ascii_to_nible
                0x00004228       0x28 UART/serial.o
                0x00004228                Ascii_to_nible
 .text.ledoff1  0x00004250        0x4 Application/application.o
                0x00004250                ledoff1
 .text.ledoff2  0x00004254        0x4 Application/application.o
                0x00004254                ledoff2
 .text.ValidationTimeout
                0x00004258        0x8 Application/application.o
                0x00004258                ValidationTimeout
 .text.CommTimeOut
                0x00004260       0x12 Application/application.o
                0x00004260                CommTimeOut
 .text.KeypressTimeOut
                0x00004272        0x8 Application/application.o
                0x00004272                KeypressTimeOut
 .text.SetupTimeout
                0x0000427a        0x8 Application/application.o
                0x0000427a                SetupTimeout
 .text.SetDeviceState
                0x00004282        0x8 Application/application.o
                0x00004282                SetDeviceState
 .text.appStartScan
                0x0000428a        0xa Application/application.o
                0x0000428a                appStartScan
 .text.appAssociate
                0x00004294        0xe Application/application.o
                0x00004294                appAssociate
 .text.appPingReq
                0x000042a2        0x8 Application/application.o
                0x000042a2                appPingReq
 .text.appPingRsp
                0x000042aa       0x10 Application/application.o
                0x000042aa                appPingRsp
 .text.appPacketSendSucceed
                0x000042ba       0x1c Application/application.o
                0x000042ba                appPacketSendSucceed
 .text.appPacketSendAccessFail
                0x000042d6        0x2 Application/application.o
                0x000042d6                appPacketSendAccessFail
 .text.appPacketSendFailed
                0x000042d8       0x8e Application/application.o
                0x000042d8                appPacketSendFailed
 .text.appDataIndication
                0x00004366       0x52 Application/application.o
                0x00004366                appDataIndication
 .text.appChildAssociated
                0x000043b8        0xe Application/application.o
                0x000043b8                appChildAssociated
 .text.appAssociateConfirm
                0x000043c6       0x1e Application/application.o
                0x000043c6                appAssociateConfirm
 .text.appScanConfirm
                0x000043e4       0x1a Application/application.o
                0x000043e4                appScanConfirm
 .text.checkEeprom
                0x000043fe      0x160 Application/application.o
                0x000043fe                checkEeprom
 .text.appInit  0x0000455e      0x150 Application/application.o
                0x0000455e                appInit
 .text.GetParam
                0x000046ae       0x68 Application/application.o
                0x000046ae                GetParam
 .text.DevicePoll
                0x00004716       0x10 Application/application.o
                0x00004716                DevicePoll
 .text.padLeft  0x00004726       0xb0 Application/application.o
                0x00004726                padLeft
 .text.APP_TaskHandler
                0x000047d6      0x6cc Application/application.o
                0x000047d6                APP_TaskHandler
 .text.avr-libc
                0x00004ea2      0x74a c:/program files (x86)/atmel/studio/7.0/toolchain/avr8/avr8-gnu-toolchain/bin/../lib/gcc/avr/4.9.2/../../../../avr/lib/avr51\libprintf_flt.a(vfprintf_flt.o)
                0x00004ea2                vfprintf
 .text.avr-libc.fplib
                0x000055ec        0xe c:/program files (x86)/atmel/studio/7.0/toolchain/avr8/avr8-gnu-toolchain/bin/../lib/gcc/avr/4.9.2/../../../../avr/lib/avr51\libm.a(addsf3.o)
                0x000055ec                __subsf3
                0x000055ee                __addsf3
 .text.avr-libc.fplib
                0x000055fa       0xcc c:/program files (x86)/atmel/studio/7.0/toolchain/avr8/avr8-gnu-toolchain/bin/../lib/gcc/avr/4.9.2/../../../../avr/lib/avr51\libm.a(addsf3x.o)
                0x0000561c                __addsf3x
 .text.avr-libc.fplib
                0x000056c6        0x8 c:/program files (x86)/atmel/studio/7.0/toolchain/avr8/avr8-gnu-toolchain/bin/../lib/gcc/avr/4.9.2/../../../../avr/lib/avr51\libm.a(divsf3.o)
                0x000056c6                __divsf3
 .text.avr-libc.fplib
                0x000056ce       0xdc c:/program files (x86)/atmel/studio/7.0/toolchain/avr8/avr8-gnu-toolchain/bin/../lib/gcc/avr/4.9.2/../../../../avr/lib/avr51\libm.a(divsf3x.o)
                0x000056ee                __divsf3x
                0x000056f4                __divsf3_pse
 .text.avr-libc.fplib
                0x000057aa       0x5e c:/program files (x86)/atmel/studio/7.0/toolchain/avr8/avr8-gnu-toolchain/bin/../lib/gcc/avr/4.9.2/../../../../avr/lib/avr51\libm.a(fixunssfsi.o)
                0x000057aa                __fixunssfsi
 .text.avr-libc.fplib
                0x00005808       0x7a c:/program files (x86)/atmel/studio/7.0/toolchain/avr8/avr8-gnu-toolchain/bin/../lib/gcc/avr/4.9.2/../../../../avr/lib/avr51\libm.a(floatsisf.o)
                0x00005808                __floatunsisf
                0x0000580c                __floatsisf
 .text.avr-libc.fplib
                0x00005882        0xc c:/program files (x86)/atmel/studio/7.0/toolchain/avr8/avr8-gnu-toolchain/bin/../lib/gcc/avr/4.9.2/../../../../avr/lib/avr51\libm.a(fp_inf.o)
                0x00005882                __fp_inf
 .text.avr-libc.fplib
                0x0000588e        0x6 c:/program files (x86)/atmel/studio/7.0/toolchain/avr8/avr8-gnu-toolchain/bin/../lib/gcc/avr/4.9.2/../../../../avr/lib/avr51\libm.a(fp_nan.o)
                0x0000588e                __fp_nan
 .text.avr-libc.fplib
                0x00005894        0xe c:/program files (x86)/atmel/studio/7.0/toolchain/avr8/avr8-gnu-toolchain/bin/../lib/gcc/avr/4.9.2/../../../../avr/lib/avr51\libm.a(fp_pscA.o)
                0x00005894                __fp_pscA
 .text.avr-libc.fplib
                0x000058a2        0xe c:/program files (x86)/atmel/studio/7.0/toolchain/avr8/avr8-gnu-toolchain/bin/../lib/gcc/avr/4.9.2/../../../../avr/lib/avr51\libm.a(fp_pscB.o)
                0x000058a2                __fp_pscB
 .text.avr-libc.fplib
                0x000058b0       0x22 c:/program files (x86)/atmel/studio/7.0/toolchain/avr8/avr8-gnu-toolchain/bin/../lib/gcc/avr/4.9.2/../../../../avr/lib/avr51\libm.a(fp_round.o)
                0x000058b0                __fp_round
 .text.avr-libc.fplib
                0x000058d2       0x44 c:/program files (x86)/atmel/studio/7.0/toolchain/avr8/avr8-gnu-toolchain/bin/../lib/gcc/avr/4.9.2/../../../../avr/lib/avr51\libm.a(fp_split3.o)
                0x000058d2                __fp_split3
                0x000058e2                __fp_splitA
 .text.avr-libc.fplib
                0x00005916        0xe c:/program files (x86)/atmel/studio/7.0/toolchain/avr8/avr8-gnu-toolchain/bin/../lib/gcc/avr/4.9.2/../../../../avr/lib/avr51\libm.a(fp_zero.o)
                0x00005916                __fp_zero
                0x00005918                __fp_szero
 .text.avr-libc.fplib
                0x00005924        0x8 c:/program files (x86)/atmel/studio/7.0/toolchain/avr8/avr8-gnu-toolchain/bin/../lib/gcc/avr/4.9.2/../../../../avr/lib/avr51\libm.a(mulsf3.o)
                0x00005924                __mulsf3
 .text.avr-libc.fplib
                0x0000592c       0xd2 c:/program files (x86)/atmel/studio/7.0/toolchain/avr8/avr8-gnu-toolchain/bin/../lib/gcc/avr/4.9.2/../../../../avr/lib/avr51\libm.a(mulsf3x.o)
                0x0000594a                __mulsf3x
                0x00005950                __mulsf3_pse
 .text.libgcc.div
                0x000059fe       0x28 c:/program files (x86)/atmel/studio/7.0/toolchain/avr8/avr8-gnu-toolchain/bin/../lib/gcc/avr/4.9.2/avr51\libgcc.a(_udivmodhi4.o)
                0x000059fe                __udivmodhi4
 .text.libgcc.div
                0x00005a26       0x28 c:/program files (x86)/atmel/studio/7.0/toolchain/avr8/avr8-gnu-toolchain/bin/../lib/gcc/avr/4.9.2/avr51\libgcc.a(_divmodhi4.o)
                0x00005a26                _div
                0x00005a26                __divmodhi4
 .text.libgcc.div
                0x00005a4e       0x44 c:/program files (x86)/atmel/studio/7.0/toolchain/avr8/avr8-gnu-toolchain/bin/../lib/gcc/avr/4.9.2/avr51\libgcc.a(_udivmodsi4.o)
                0x00005a4e                __udivmodsi4
 .text.libgcc   0x00005a92       0x12 c:/program files (x86)/atmel/studio/7.0/toolchain/avr8/avr8-gnu-toolchain/bin/../lib/gcc/avr/4.9.2/avr51\libgcc.a(_tablejump2.o)
                0x00005a92                __tablejump2__
 .text.libgcc.builtins
                0x00005aa4       0x3c c:/program files (x86)/atmel/studio/7.0/toolchain/avr8/avr8-gnu-toolchain/bin/../lib/gcc/avr/4.9.2/avr51\libgcc.a(_ashrdi3.o)
                0x00005aa4                __ashrdi3
                0x00005aa8                __lshrdi3
 .text.avr-libc
                0x00005ae0      0x25a c:/program files (x86)/atmel/studio/7.0/toolchain/avr8/avr8-gnu-toolchain/bin/../lib/gcc/avr/4.9.2/../../../../avr/lib/avr51\libc.a(malloc.o)
                0x00005ae0                malloc
                0x00005c0a                free
 .text.avr-libc
                0x00005d3a       0xb4 c:/program files (x86)/atmel/studio/7.0/toolchain/avr8/avr8-gnu-toolchain/bin/../lib/gcc/avr/4.9.2/../../../../avr/lib/avr51\libc.a(rand.o)
                0x00005dcc                rand_r
                0x00005dd0                rand
                0x00005dd8                srand
 .text.avr-libc
                0x00005dee      0x270 c:/program files (x86)/atmel/studio/7.0/toolchain/avr8/avr8-gnu-toolchain/bin/../lib/gcc/avr/4.9.2/../../../../avr/lib/avr51\libc.a(strtoul.o)
                0x00005dee                strtoul
 .text.avr-libc
                0x0000605e        0x8 c:/program files (x86)/atmel/studio/7.0/toolchain/avr8/avr8-gnu-toolchain/bin/../lib/gcc/avr/4.9.2/../../../../avr/lib/avr51\libc.a(atof.o)
                0x0000605e                atof
 .text.avr-libc
                0x00006066       0x3c c:/program files (x86)/atmel/studio/7.0/toolchain/avr8/avr8-gnu-toolchain/bin/../lib/gcc/avr/4.9.2/../../../../avr/lib/avr51\libc.a(atoi.o)
                0x00006066                atoi
 .text.avr-libc
                0x000060a2      0x1b0 c:/program files (x86)/atmel/studio/7.0/toolchain/avr8/avr8-gnu-toolchain/bin/../lib/gcc/avr/4.9.2/../../../../avr/lib/avr51\libc.a(ftoa_engine.o)
                0x000060a2                __ftoa_engine
 .text.avr-libc
                0x00006252       0x12 c:/program files (x86)/atmel/studio/7.0/toolchain/avr8/avr8-gnu-toolchain/bin/../lib/gcc/avr/4.9.2/../../../../avr/lib/avr51\libc.a(isspace.o)
                0x00006252                isspace
 .text.avr-libc
                0x00006264       0x16 c:/program files (x86)/atmel/studio/7.0/toolchain/avr8/avr8-gnu-toolchain/bin/../lib/gcc/avr/4.9.2/../../../../avr/lib/avr51\libc.a(strnlen_P.o)
                0x00006264                strnlen_P
 .text.avr-libc
                0x0000627a       0x1a c:/program files (x86)/atmel/studio/7.0/toolchain/avr8/avr8-gnu-toolchain/bin/../lib/gcc/avr/4.9.2/../../../../avr/lib/avr51\libc.a(memcmp.o)
                0x0000627a                memcmp
 .text.avr-libc
                0x00006294       0x12 c:/program files (x86)/atmel/studio/7.0/toolchain/avr8/avr8-gnu-toolchain/bin/../lib/gcc/avr/4.9.2/../../../../avr/lib/avr51\libc.a(memcpy.o)
                0x00006294                memcpy
 .text.avr-libc
                0x000062a6       0x16 c:/program files (x86)/atmel/studio/7.0/toolchain/avr8/avr8-gnu-toolchain/bin/../lib/gcc/avr/4.9.2/../../../../avr/lib/avr51\libc.a(strchr.o)
                0x000062a6                strchr
 .text.avr-libc
                0x000062bc       0x12 c:/program files (x86)/atmel/studio/7.0/toolchain/avr8/avr8-gnu-toolchain/bin/../lib/gcc/avr/4.9.2/../../../../avr/lib/avr51\libc.a(strcmp.o)
                0x000062bc                strcmp
 .text.avr-libc
                0x000062ce        0xe c:/program files (x86)/atmel/studio/7.0/toolchain/avr8/avr8-gnu-toolchain/bin/../lib/gcc/avr/4.9.2/../../../../avr/lib/avr51\libc.a(strcpy.o)
                0x000062ce                strcpy
 .text.avr-libc
                0x000062dc       0x1e c:/program files (x86)/atmel/studio/7.0/toolchain/avr8/avr8-gnu-toolchain/bin/../lib/gcc/avr/4.9.2/../../../../avr/lib/avr51\libc.a(strncpy.o)
                0x000062dc                strncpy
 .text.avr-libc
                0x000062fa       0x16 c:/program files (x86)/atmel/studio/7.0/toolchain/avr8/avr8-gnu-toolchain/bin/../lib/gcc/avr/4.9.2/../../../../avr/lib/avr51\libc.a(strnlen.o)
                0x000062fa                strnlen
 .text.avr-libc
                0x00006310       0x34 c:/program files (x86)/atmel/studio/7.0/toolchain/avr8/avr8-gnu-toolchain/bin/../lib/gcc/avr/4.9.2/../../../../avr/lib/avr51\libc.a(strstr.o)
                0x00006310                strstr
 .text.avr-libc
                0x00006344       0x10 c:/program files (x86)/atmel/studio/7.0/toolchain/avr8/avr8-gnu-toolchain/bin/../lib/gcc/avr/4.9.2/../../../../avr/lib/avr51\libc.a(mul10.o)
                0x00006344                __mulhi_const_10
 .text.avr-libc
                0x00006354       0x44 c:/program files (x86)/atmel/studio/7.0/toolchain/avr8/avr8-gnu-toolchain/bin/../lib/gcc/avr/4.9.2/../../../../avr/lib/avr51\libc.a(ultoa_ncheck.o)
                0x00006354                __ultoa_ncheck
                0x00006356                __ultoa_common
 .text.avr-libc
                0x00006398       0x70 c:/program files (x86)/atmel/studio/7.0/toolchain/avr8/avr8-gnu-toolchain/bin/../lib/gcc/avr/4.9.2/../../../../avr/lib/avr51\libc.a(fputc.o)
                0x00006398                fputc
 .text.avr-libc
                0x00006408       0x60 c:/program files (x86)/atmel/studio/7.0/toolchain/avr8/avr8-gnu-toolchain/bin/../lib/gcc/avr/4.9.2/../../../../avr/lib/avr51\libc.a(sprintf.o)
                0x00006408                sprintf
 .text.avr-libc
                0x00006468       0xbc c:/program files (x86)/atmel/studio/7.0/toolchain/avr8/avr8-gnu-toolchain/bin/../lib/gcc/avr/4.9.2/../../../../avr/lib/avr51\libc.a(ultoa_invert.o)
                0x00006468                __ultoa_invert
 .text.avr-libc
                0x00006524      0x2de c:/program files (x86)/atmel/studio/7.0/toolchain/avr8/avr8-gnu-toolchain/bin/../lib/gcc/avr/4.9.2/../../../../avr/lib/avr51\libc.a(strtod.o)
                0x00006524                strtod
 .text.avr-libc
                0x00006802        0x6 c:/program files (x86)/atmel/studio/7.0/toolchain/avr8/avr8-gnu-toolchain/bin/../lib/gcc/avr/4.9.2/../../../../avr/lib/avr51\libc.a(cty_isfalse.o)
                0x00006802                __ctype_isfalse
                0x00006806                __ctype_istrue
 .text.avr-libc
                0x00006808       0x30 c:/program files (x86)/atmel/studio/7.0/toolchain/avr8/avr8-gnu-toolchain/bin/../lib/gcc/avr/4.9.2/../../../../avr/lib/avr51\libc.a(strncasecmp_P.o)
                0x00006808                strncasecmp_P
 .text.avr-libc
                0x00006838       0x20 c:/program files (x86)/atmel/studio/7.0/toolchain/avr8/avr8-gnu-toolchain/bin/../lib/gcc/avr/4.9.2/../../../../avr/lib/avr51\libc.a(strrev.o)
                0x00006838                strrev
 .text.avr-libc.fplib
                0x00006858        0xa c:/program files (x86)/atmel/studio/7.0/toolchain/avr8/avr8-gnu-toolchain/bin/../lib/gcc/avr/4.9.2/../../../../avr/lib/avr51\libc.a(cmpsf2.o)
                0x00006858                __nesf2
                0x00006858                __eqsf2
                0x00006858                __cmpsf2
                0x00006858                __ltsf2
                0x00006858                __lesf2
 .text.avr-libc.fplib
                0x00006862       0x48 c:/program files (x86)/atmel/studio/7.0/toolchain/avr8/avr8-gnu-toolchain/bin/../lib/gcc/avr/4.9.2/../../../../avr/lib/avr51\libc.a(fp_cmp.o)
                0x00006862                __fp_cmp
 .text.avr-libc
                0x000068aa       0x20 C:/Program Files (x86)/Atmel/Studio/7.0/Packs/atmel/ATmega_DFP/1.1.130/gcc/dev/atmega128rfa1/avr51\libatmega128rfa1.a(eerd_block.o)
                0x000068aa                eeprom_read_block
                0x000068ae                eeprom_read_blraw
 .text.avr-libc
                0x000068ca       0x24 C:/Program Files (x86)/Atmel/Studio/7.0/Packs/atmel/ATmega_DFP/1.1.130/gcc/dev/atmega128rfa1/avr51\libatmega128rfa1.a(eeupd_byte.o)
                0x000068ca                eeprom_update_byte
                0x000068cc                eeprom_update_r18
 .text.avr-libc
                0x000068ee       0x14 C:/Program Files (x86)/Atmel/Studio/7.0/Packs/atmel/ATmega_DFP/1.1.130/gcc/dev/atmega128rfa1/avr51\libatmega128rfa1.a(eewr_block.o)
                0x000068ee                eeprom_write_block
 .text.avr-libc
                0x00006902       0x1c C:/Program Files (x86)/Atmel/Studio/7.0/Packs/atmel/ATmega_DFP/1.1.130/gcc/dev/atmega128rfa1/avr51\libatmega128rfa1.a(eewr_byte.o)
                0x00006902                eeprom_write_byte
                0x00006904                eeprom_write_r18
 .text.libgcc.mul
                0x0000691e       0x20 c:/program files (x86)/atmel/studio/7.0/toolchain/avr8/avr8-gnu-toolchain/bin/../lib/gcc/avr/4.9.2/avr51\libgcc.a(_mulsi3.o)
                0x0000691e                __mulsi3
 .text.libgcc.div
                0x0000693e       0x2e c:/program files (x86)/atmel/studio/7.0/toolchain/avr8/avr8-gnu-toolchain/bin/../lib/gcc/avr/4.9.2/avr51\libgcc.a(_divmodsi4.o)
                0x0000693e                __divmodsi4
 .text.libgcc.div
                0x0000696c       0x10 c:/program files (x86)/atmel/studio/7.0/toolchain/avr8/avr8-gnu-toolchain/bin/../lib/gcc/avr/4.9.2/avr51\libgcc.a(_negsi2.o)
                0x0000696c                __negsi2
 .text.libgcc.mul
                0x0000697c       0x16 c:/program files (x86)/atmel/studio/7.0/toolchain/avr8/avr8-gnu-toolchain/bin/../lib/gcc/avr/4.9.2/avr51\libgcc.a(_muluhisi3.o)
                0x0000697c                __muluhisi3
 .text.libgcc.mul
                0x00006992       0x10 c:/program files (x86)/atmel/studio/7.0/toolchain/avr8/avr8-gnu-toolchain/bin/../lib/gcc/avr/4.9.2/avr51\libgcc.a(_mulshisi3.o)
                0x00006992                __mulshisi3
                0x00006998                __mulohisi3
 .text.libgcc.mul
                0x000069a2       0x1e c:/program files (x86)/atmel/studio/7.0/toolchain/avr8/avr8-gnu-toolchain/bin/../lib/gcc/avr/4.9.2/avr51\libgcc.a(_umulhisi3.o)
                0x000069a2                __umulhisi3
                0x000069c0                . = ALIGN (0x2)
 *(.fini9)
 .fini9         0x000069c0        0x0 c:/program files (x86)/atmel/studio/7.0/toolchain/avr8/avr8-gnu-toolchain/bin/../lib/gcc/avr/4.9.2/avr51\libgcc.a(_exit.o)
                0x000069c0                _exit
                0x000069c0                exit
 *(.fini9)
 *(.fini8)
 *(.fini8)
 *(.fini7)
 *(.fini7)
 *(.fini6)
 *(.fini6)
 *(.fini5)
 *(.fini5)
 *(.fini4)
 *(.fini4)
 *(.fini3)
 *(.fini3)
 *(.fini2)
 *(.fini2)
 *(.fini1)
 *(.fini1)
 *(.fini0)
 .fini0         0x000069c0        0x4 c:/program files (x86)/atmel/studio/7.0/toolchain/avr8/avr8-gnu-toolchain/bin/../lib/gcc/avr/4.9.2/avr51\libgcc.a(_exit.o)
 *(.fini0)
                0x000069c4                _etext = .

.data           0x00800200      0x374 load address 0x000069c4
                0x00800200                PROVIDE (__data_start, .)
 *(.data)
 .data          0x00800200        0x6 c:/program files (x86)/atmel/studio/7.0/toolchain/avr8/avr8-gnu-toolchain/bin/../lib/gcc/avr/4.9.2/../../../../avr/lib/avr51\libc.a(malloc.o)
                0x00800200                __malloc_heap_end
                0x00800202                __malloc_heap_start
                0x00800204                __malloc_margin
 .data          0x00800206        0x4 c:/program files (x86)/atmel/studio/7.0/toolchain/avr8/avr8-gnu-toolchain/bin/../lib/gcc/avr/4.9.2/../../../../avr/lib/avr51\libc.a(rand.o)
 *(.data*)
 .data.msgNumber
                0x0080020a       0x11 Application/display.o
                0x0080020a                msgNumber
 .data.scanChannel
                0x0080021b        0x1 RUM/mac_scan.o
                0x0080021b                scanChannel
 .data.secondTimer
                0x0080021c        0x2 Timer/avr_timer.o
 .data.uiFunctionEntered
                0x0080021e        0x2 Application/application.o
                0x0080021e                uiFunctionEntered
 .data.SETUP_TIMEOUT
                0x00800220        0x1 Application/application.o
                0x00800220                SETUP_TIMEOUT
 *(.rodata)
 .rodata        0x00800221        0x8 Application/BowComm.o
 .rodata        0x00800229        0x8 Application/SpeedQueen.o
 .rodata        0x00800231        0x6 Application/application.o
 *(.rodata*)
 .rodata.str1.1
                0x00800237      0x2a7 Application/BowComm.o
                                0x2a9 (size before relaxing)
 .rodata.CSWTCH.23
                0x008004de       0x10 mifare/Mifare.o
 .rodata.CSWTCH.22
                0x008004ee       0x10 mifare/Mifare.o
 .rodata.CSWTCH.21
                0x008004fe       0x10 mifare/Mifare.o
 .rodata.CSWTCH.20
                0x0080050e       0x20 mifare/Mifare.o
 .rodata.str1.1
                0x0080052e       0x45 Application/application.o
                                 0x4c (size before relaxing)
 *(.gnu.linkonce.d*)
                0x00800574                . = ALIGN (0x2)
 *fill*         0x00800573        0x1 
                0x00800574                _edata = .
                0x00800574                PROVIDE (__data_end, .)

.bss            0x00800574      0x74a
                0x00800574                PROVIDE (__bss_start, .)
 *(.bss)
 *(.bss*)
 .bss.oLTTimerId.3850
                0x00800574        0x1 Application/BowComm.o
 .bss.MpIsrInfo
                0x00800575        0x2 mifare/Mifare.o
                0x00800575                MpIsrInfo
 .bss.radio_part_number.3586
                0x00800577        0x1 Radio/radio.o
 .bss.rssi_val  0x00800578        0x1 Radio/radio.o
 .bss.once.3484
                0x00800579        0x1 Radio/hal_avr.o
 .bss.childNodes
                0x0080057a      0x12c RUM/mac_associate.o
 .bss.associationTimer
                0x008006a6        0x1 RUM/mac_associate.o
 .bss.pingType  0x008006a7        0x2 RUM/mac_data.o
 .bss.pingAddr  0x008006a9        0x2 RUM/mac_data.o
 .bss.scanInProcess
                0x008006ab        0x1 RUM/mac_scan.o
 .bss.currentTimerID.3609
                0x008006ac        0x1 Timer/avr_timer.o
 .bss.tickTimer
                0x008006ad        0x2 Timer/avr_timer.o
 .bss.timerRunning
                0x008006af        0x1 Timer/avr_timer.o
 .bss.longTimerEvents
                0x008006b0       0x64 Timer/avr_timer.o
 .bss.timerEvents
                0x00800714       0x64 Timer/avr_timer.o
 .bss.WDTFlag   0x00800778        0x1 Timer/timer_enddevice.o
                0x00800778                WDTFlag
 .bss.GenericTimerFlag
                0x00800779        0x1 Timer/timer_enddevice.o
                0x00800779                GenericTimerFlag
 .bss.pause     0x0080077a        0x1 UART/serial.o
 .bss.rx        0x0080077b        0x1 UART/serial.o
 .bss.rx_handler
                0x0080077c        0x2 UART/serial.o
 .bss.rxbuf     0x0080077e       0x82 UART/serial.o
 .bss.txbuf     0x00800800       0x82 UART/serial.o
 .bss.Len.4448  0x00800882        0x1 Application/application.o
 .bss.ucDataLength.4348
                0x00800883        0x1 Application/application.o
 .bss.failCount
                0x00800884        0x1 Application/application.o
 .bss.VALIDATION_TIMEOUT
                0x00800885        0x1 Application/application.o
                0x00800885                VALIDATION_TIMEOUT
 .bss.KPTOFlag  0x00800886        0x1 Application/application.o
                0x00800886                KPTOFlag
 .bss.TOFlag    0x00800887        0x1 Application/application.o
                0x00800887                TOFlag
 *(COMMON)
 COMMON         0x00800888      0x11d Application/BowComm.o
                0x00800888                CurrentAccount
                0x00800892                ucNumberOfRetry
                0x00800893                ReaderStateFlag
                0x00800895                OP
                0x00800896                ucDeviceStateFlag
                0x00800897                ReaderSetup
                0x008008df                timeout
                0x008008e0                ucSendDataBuffer
                0x008009a0                deviceStatus
                0x008009a3                ucSendDataSize
                0x008009a4                deviceFlag
 COMMON         0x008009a5       0x77 Application/display.o
                0x008009a5                MdcAuditData
                0x008009ca                MachineSetupData
                0x00800a0e                ucMachineWait
                0x00800a0f                ucCardStatus
                0x00800a10                MdcStatus
 COMMON         0x00800a1c       0x1c mifare/Mifare.o
                0x00800a1c                SerBuffer
                0x00800a30                MInfo
 COMMON         0x00800a38      0x11d RUM/mac.o
                0x00800a38                mac_buffer_rx
                0x00800aba                mac_buffer_tx
                0x00800b3c                macConfig
 COMMON         0x00800b55       0x5c RUM/mac_event.o
                0x00800b55                event_queue
 COMMON         0x00800bb1       0x16 RUM/mac_scan.o
                0x00800bb1                panDescriptor
 COMMON         0x00800bc7        0xb Application/machine.o
                0x00800bc7                cardId
                0x00800bc9                ucTopOffTime
                0x00800bca                ucCardErrorCode
                0x00800bcb                ucTimerCount
                0x00800bcc                vendPrice
                0x00800bd0                ucCardBalance
 COMMON         0x00800bd2       0xe6 Application/application.o
                0x00800bd2                ParamStr
                0x00800c36                INSUFFCIENT_FUNDS
                0x00800c37                DataBuffer
                0x00800cb7                gotPanCoordPing
 COMMON         0x00800cb8        0x4 c:/program files (x86)/atmel/studio/7.0/toolchain/avr8/avr8-gnu-toolchain/bin/../lib/gcc/avr/4.9.2/../../../../avr/lib/avr51\libc.a(malloc.o)
                0x00800cb8                __brkval
                0x00800cba                __flp
 COMMON         0x00800cbc        0x2 c:/program files (x86)/atmel/studio/7.0/toolchain/avr8/avr8-gnu-toolchain/bin/../lib/gcc/avr/4.9.2/../../../../avr/lib/avr51\libc.a(errno.o)
                0x00800cbc                errno
                0x00800cbe                PROVIDE (__bss_end, .)
                0x000069c4                __data_load_start = LOADADDR (.data)
                0x00006d38                __data_load_end = (__data_load_start + SIZEOF (.data))

.noinit         0x00800cbe        0x0
                [!provide]                PROVIDE (__noinit_start, .)
 *(.noinit*)
                [!provide]                PROVIDE (__noinit_end, .)
                0x00800cbe                _end = .
                0x00800cbe                PROVIDE (__heap_start, .)

.eeprom         0x00810000        0x0
 *(.eeprom*)
                0x00810000                __eeprom_end = .

.fuse
 *(.fuse)
 *(.lfuse)
 *(.hfuse)
 *(.efuse)

.lock
 *(.lock*)

.signature
 *(.signature*)

.user_signatures
 *(.user_signatures*)

.stab
 *(.stab)

.stabstr
 *(.stabstr)

.stab.excl
 *(.stab.excl)

.stab.exclstr
 *(.stab.exclstr)

.stab.index
 *(.stab.index)

.stab.indexstr
 *(.stab.indexstr)

.comment        0x00000000       0x5c
 *(.comment)
 .comment       0x00000000       0x30 Application/BowComm.o
                                 0x31 (size before relaxing)
 .comment       0x00000030       0x31 Application/display.o
 .comment       0x00000030       0x31 Application/reader.o
 .comment       0x00000030       0x31 Application/SpeedQueen.o
 .comment       0x00000030       0x31 mifare/Mifare.o
 .comment       0x00000030       0x31 mifare/RegCtrl.o
 .comment       0x00000030       0x31 SPI/spi.o
 .comment       0x00000030       0x31 main.o
 .comment       0x00000030       0x31 Application/sleep.o
 .comment       0x00000030       0x31 Radio/radio.o
 .comment       0x00000030       0x31 Radio/hal_avr.o
 .comment       0x00000030       0x31 RUM/mac.o
 .comment       0x00000030       0x31 RUM/mac_associate.o
 .comment       0x00000030       0x31 RUM/mac_beacon.o
 .comment       0x00000030       0x31 RUM/mac_data.o
 .comment       0x00000030       0x31 RUM/mac_event.o
 .comment       0x00000030       0x31 RUM/mac_route.o
 .comment       0x00000030       0x31 RUM/mac_scan.o
 .comment       0x00000030       0x31 Timer/avr_timer.o
 .comment       0x00000030       0x31 Timer/timer_enddevice.o
 .comment       0x00000030       0x31 Application/machine.o
 .comment       0x00000030       0x31 UART/serial.o
 .comment       0x00000030       0x31 Application/application.o
 .comment       0x00000030       0x2c c:/program files (x86)/atmel/studio/7.0/toolchain/avr8/avr8-gnu-toolchain/bin/../lib/gcc/avr/4.9.2/../../../../avr/lib/avr51\libprintf_flt.a(vfprintf_flt.o)
                                 0x2d (size before relaxing)
 .comment       0x0000005c       0x31 c:/program files (x86)/atmel/studio/7.0/toolchain/avr8/avr8-gnu-toolchain/bin/../lib/gcc/avr/4.9.2/../../../../avr/lib/avr51\libc.a(malloc.o)
 .comment       0x0000005c       0x31 c:/program files (x86)/atmel/studio/7.0/toolchain/avr8/avr8-gnu-toolchain/bin/../lib/gcc/avr/4.9.2/../../../../avr/lib/avr51\libc.a(rand.o)
 .comment       0x0000005c       0x31 c:/program files (x86)/atmel/studio/7.0/toolchain/avr8/avr8-gnu-toolchain/bin/../lib/gcc/avr/4.9.2/../../../../avr/lib/avr51\libc.a(strtoul.o)
 .comment       0x0000005c       0x31 c:/program files (x86)/atmel/studio/7.0/toolchain/avr8/avr8-gnu-toolchain/bin/../lib/gcc/avr/4.9.2/../../../../avr/lib/avr51\libc.a(fputc.o)
 .comment       0x0000005c       0x31 c:/program files (x86)/atmel/studio/7.0/toolchain/avr8/avr8-gnu-toolchain/bin/../lib/gcc/avr/4.9.2/../../../../avr/lib/avr51\libc.a(sprintf.o)
 .comment       0x0000005c       0x2d c:/program files (x86)/atmel/studio/7.0/toolchain/avr8/avr8-gnu-toolchain/bin/../lib/gcc/avr/4.9.2/../../../../avr/lib/avr51\libc.a(errno.o)
 .comment       0x0000005c       0x31 c:/program files (x86)/atmel/studio/7.0/toolchain/avr8/avr8-gnu-toolchain/bin/../lib/gcc/avr/4.9.2/../../../../avr/lib/avr51\libc.a(strtod.o)

.note.gnu.avr.deviceinfo
                0x00000000       0x40
 .note.gnu.avr.deviceinfo
                0x00000000       0x40 C:/Program Files (x86)/Atmel/Studio/7.0/Packs/atmel/ATmega_DFP/1.1.130/gcc/dev/atmega128rfa1/avr51/crtatmega128rfa1.o

.note.gnu.build-id
 *(.note.gnu.build-id)

.debug
 *(.debug)

.line
 *(.line)

.debug_srcinfo
 *(.debug_srcinfo)

.debug_sfnames
 *(.debug_sfnames)

.debug_aranges  0x00000000      0xb20
 *(.debug_aranges)
 .debug_aranges
                0x00000000       0x80 Application/BowComm.o
 .debug_aranges
                0x00000080       0x28 Application/display.o
 .debug_aranges
                0x000000a8       0x40 Application/reader.o
 .debug_aranges
                0x000000e8      0x110 Application/SpeedQueen.o
 .debug_aranges
                0x000001f8       0x98 mifare/Mifare.o
 .debug_aranges
                0x00000290       0x40 mifare/RegCtrl.o
 .debug_aranges
                0x000002d0       0x48 SPI/spi.o
 .debug_aranges
                0x00000318       0x28 main.o
 .debug_aranges
                0x00000340       0x20 Application/sleep.o
 .debug_aranges
                0x00000360      0x100 Radio/radio.o
 .debug_aranges
                0x00000460       0x60 Radio/hal_avr.o
 .debug_aranges
                0x000004c0       0x28 RUM/mac.o
 .debug_aranges
                0x000004e8       0xf0 RUM/mac_associate.o
 .debug_aranges
                0x000005d8       0x20 RUM/mac_beacon.o
 .debug_aranges
                0x000005f8       0x70 RUM/mac_data.o
 .debug_aranges
                0x00000668       0x38 RUM/mac_event.o
 .debug_aranges
                0x000006a0       0x48 RUM/mac_route.o
 .debug_aranges
                0x000006e8       0x60 RUM/mac_scan.o
 .debug_aranges
                0x00000748       0x58 Timer/avr_timer.o
 .debug_aranges
                0x000007a0       0x68 Timer/timer_enddevice.o
 .debug_aranges
                0x00000808       0x70 Application/machine.o
 .debug_aranges
                0x00000878       0xd8 UART/serial.o
 .debug_aranges
                0x00000950      0x150 Application/application.o
 .debug_aranges
                0x00000aa0       0x20 C:/Program Files (x86)/Atmel/Studio/7.0/Packs/atmel/ATmega_DFP/1.1.130/gcc/dev/atmega128rfa1/avr51\libatmega128rfa1.a(eerd_block.o)
 .debug_aranges
                0x00000ac0       0x20 C:/Program Files (x86)/Atmel/Studio/7.0/Packs/atmel/ATmega_DFP/1.1.130/gcc/dev/atmega128rfa1/avr51\libatmega128rfa1.a(eeupd_byte.o)
 .debug_aranges
                0x00000ae0       0x20 C:/Program Files (x86)/Atmel/Studio/7.0/Packs/atmel/ATmega_DFP/1.1.130/gcc/dev/atmega128rfa1/avr51\libatmega128rfa1.a(eewr_block.o)
 .debug_aranges
                0x00000b00       0x20 C:/Program Files (x86)/Atmel/Studio/7.0/Packs/atmel/ATmega_DFP/1.1.130/gcc/dev/atmega128rfa1/avr51\libatmega128rfa1.a(eewr_byte.o)

.debug_pubnames
 *(.debug_pubnames)

.debug_info     0x00000000    0x10fad
 *(.debug_info .gnu.linkonce.wi.*)
 .debug_info    0x00000000     0x1160 C:/Program Files (x86)/Atmel/Studio/7.0/Packs/atmel/ATmega_DFP/1.1.130/gcc/dev/atmega128rfa1/avr51/crtatmega128rfa1.o
 .debug_info    0x00001160     0x168f Application/BowComm.o
 .debug_info    0x000027ef      0x72e Application/display.o
 .debug_info    0x00002f1d      0xf77 Application/reader.o
 .debug_info    0x00003e94     0x15f5 Application/SpeedQueen.o
 .debug_info    0x00005489     0x12ab mifare/Mifare.o
 .debug_info    0x00006734      0x28d mifare/RegCtrl.o
 .debug_info    0x000069c1      0x1aa SPI/spi.o
 .debug_info    0x00006b6b      0x7a5 main.o
 .debug_info    0x00007310      0x143 Application/sleep.o
 .debug_info    0x00007453      0xfb8 Radio/radio.o
 .debug_info    0x0000840b      0x515 Radio/hal_avr.o
 .debug_info    0x00008920      0x534 RUM/mac.o
 .debug_info    0x00008e54      0xd3b RUM/mac_associate.o
 .debug_info    0x00009b8f      0x339 RUM/mac_beacon.o
 .debug_info    0x00009ec8      0xa04 RUM/mac_data.o
 .debug_info    0x0000a8cc      0x88d RUM/mac_event.o
 .debug_info    0x0000b159      0x8d9 RUM/mac_route.o
 .debug_info    0x0000ba32      0x8c8 RUM/mac_scan.o
 .debug_info    0x0000c2fa      0x4aa Timer/avr_timer.o
 .debug_info    0x0000c7a4      0x29d Timer/timer_enddevice.o
 .debug_info    0x0000ca41      0xdc3 Application/machine.o
 .debug_info    0x0000d804      0xaf0 UART/serial.o
 .debug_info    0x0000e2f4     0x29f6 Application/application.o
 .debug_info    0x00010cea       0xb1 C:/Program Files (x86)/Atmel/Studio/7.0/Packs/atmel/ATmega_DFP/1.1.130/gcc/dev/atmega128rfa1/avr51\libatmega128rfa1.a(eerd_block.o)
 .debug_info    0x00010d9b       0xb1 C:/Program Files (x86)/Atmel/Studio/7.0/Packs/atmel/ATmega_DFP/1.1.130/gcc/dev/atmega128rfa1/avr51\libatmega128rfa1.a(eeupd_byte.o)
 .debug_info    0x00010e4c       0xb1 C:/Program Files (x86)/Atmel/Studio/7.0/Packs/atmel/ATmega_DFP/1.1.130/gcc/dev/atmega128rfa1/avr51\libatmega128rfa1.a(eewr_block.o)
 .debug_info    0x00010efd       0xb0 C:/Program Files (x86)/Atmel/Studio/7.0/Packs/atmel/ATmega_DFP/1.1.130/gcc/dev/atmega128rfa1/avr51\libatmega128rfa1.a(eewr_byte.o)

.debug_abbrev   0x00000000     0x4801
 *(.debug_abbrev)
 .debug_abbrev  0x00000000     0x1072 C:/Program Files (x86)/Atmel/Studio/7.0/Packs/atmel/ATmega_DFP/1.1.130/gcc/dev/atmega128rfa1/avr51/crtatmega128rfa1.o
 .debug_abbrev  0x00001072      0x39f Application/BowComm.o
 .debug_abbrev  0x00001411      0x124 Application/display.o
 .debug_abbrev  0x00001535      0x1e6 Application/reader.o
 .debug_abbrev  0x0000171b      0x3df Application/SpeedQueen.o
 .debug_abbrev  0x00001afa      0x296 mifare/Mifare.o
 .debug_abbrev  0x00001d90      0x16c mifare/RegCtrl.o
 .debug_abbrev  0x00001efc       0xfb SPI/spi.o
 .debug_abbrev  0x00001ff7      0x1a9 main.o
 .debug_abbrev  0x000021a0       0xa6 Application/sleep.o
 .debug_abbrev  0x00002246      0x464 Radio/radio.o
 .debug_abbrev  0x000026aa      0x1ef Radio/hal_avr.o
 .debug_abbrev  0x00002899      0x1bd RUM/mac.o
 .debug_abbrev  0x00002a56      0x2d6 RUM/mac_associate.o
 .debug_abbrev  0x00002d2c      0x129 RUM/mac_beacon.o
 .debug_abbrev  0x00002e55      0x319 RUM/mac_data.o
 .debug_abbrev  0x0000316e      0x22f RUM/mac_event.o
 .debug_abbrev  0x0000339d      0x208 RUM/mac_route.o
 .debug_abbrev  0x000035a5      0x2f2 RUM/mac_scan.o
 .debug_abbrev  0x00003897      0x238 Timer/avr_timer.o
 .debug_abbrev  0x00003acf      0x164 Timer/timer_enddevice.o
 .debug_abbrev  0x00003c33      0x2e0 Application/machine.o
 .debug_abbrev  0x00003f13      0x3b8 UART/serial.o
 .debug_abbrev  0x000042cb      0x4e6 Application/application.o
 .debug_abbrev  0x000047b1       0x14 C:/Program Files (x86)/Atmel/Studio/7.0/Packs/atmel/ATmega_DFP/1.1.130/gcc/dev/atmega128rfa1/avr51\libatmega128rfa1.a(eerd_block.o)
 .debug_abbrev  0x000047c5       0x14 C:/Program Files (x86)/Atmel/Studio/7.0/Packs/atmel/ATmega_DFP/1.1.130/gcc/dev/atmega128rfa1/avr51\libatmega128rfa1.a(eeupd_byte.o)
 .debug_abbrev  0x000047d9       0x14 C:/Program Files (x86)/Atmel/Studio/7.0/Packs/atmel/ATmega_DFP/1.1.130/gcc/dev/atmega128rfa1/avr51\libatmega128rfa1.a(eewr_block.o)
 .debug_abbrev  0x000047ed       0x14 C:/Program Files (x86)/Atmel/Studio/7.0/Packs/atmel/ATmega_DFP/1.1.130/gcc/dev/atmega128rfa1/avr51\libatmega128rfa1.a(eewr_byte.o)

.debug_line     0x00000000     0xad5b
 *(.debug_line .debug_line.* .debug_line_end)
 .debug_line    0x00000000      0x247 C:/Program Files (x86)/Atmel/Studio/7.0/Packs/atmel/ATmega_DFP/1.1.130/gcc/dev/atmega128rfa1/avr51/crtatmega128rfa1.o
 .debug_line    0x00000247      0x907 Application/BowComm.o
 .debug_line    0x00000b4e      0x426 Application/display.o
 .debug_line    0x00000f74      0x625 Application/reader.o
 .debug_line    0x00001599     0x1360 Application/SpeedQueen.o
 .debug_line    0x000028f9      0xb6a mifare/Mifare.o
 .debug_line    0x00003463      0x333 mifare/RegCtrl.o
 .debug_line    0x00003796      0x31b SPI/spi.o
 .debug_line    0x00003ab1      0x578 main.o
 .debug_line    0x00004029      0x3ea Application/sleep.o
 .debug_line    0x00004413      0xb59 Radio/radio.o
 .debug_line    0x00004f6c      0x5d7 Radio/hal_avr.o
 .debug_line    0x00005543      0x4a2 RUM/mac.o
 .debug_line    0x000059e5      0x76a RUM/mac_associate.o
 .debug_line    0x0000614f      0x417 RUM/mac_beacon.o
 .debug_line    0x00006566      0x5df RUM/mac_data.o
 .debug_line    0x00006b45      0x59a RUM/mac_event.o
 .debug_line    0x000070df      0x5ea RUM/mac_route.o
 .debug_line    0x000076c9      0x5e0 RUM/mac_scan.o
 .debug_line    0x00007ca9      0x667 Timer/avr_timer.o
 .debug_line    0x00008310      0x571 Timer/timer_enddevice.o
 .debug_line    0x00008881      0x8ea Application/machine.o
 .debug_line    0x0000916b      0x855 UART/serial.o
 .debug_line    0x000099c0     0x111c Application/application.o
 .debug_line    0x0000aadc       0xab C:/Program Files (x86)/Atmel/Studio/7.0/Packs/atmel/ATmega_DFP/1.1.130/gcc/dev/atmega128rfa1/avr51\libatmega128rfa1.a(eerd_block.o)
 .debug_line    0x0000ab87       0xb6 C:/Program Files (x86)/Atmel/Studio/7.0/Packs/atmel/ATmega_DFP/1.1.130/gcc/dev/atmega128rfa1/avr51\libatmega128rfa1.a(eeupd_byte.o)
 .debug_line    0x0000ac3d       0x80 C:/Program Files (x86)/Atmel/Studio/7.0/Packs/atmel/ATmega_DFP/1.1.130/gcc/dev/atmega128rfa1/avr51\libatmega128rfa1.a(eewr_block.o)
 .debug_line    0x0000acbd       0x9e C:/Program Files (x86)/Atmel/Studio/7.0/Packs/atmel/ATmega_DFP/1.1.130/gcc/dev/atmega128rfa1/avr51\libatmega128rfa1.a(eewr_byte.o)

.debug_frame    0x00000000     0x1e04
 *(.debug_frame)
 .debug_frame   0x00000000      0x2a4 Application/BowComm.o
 .debug_frame   0x000002a4       0x3c Application/display.o
 .debug_frame   0x000002e0       0x84 Application/reader.o
 .debug_frame   0x00000364      0x3bc Application/SpeedQueen.o
 .debug_frame   0x00000720      0x280 mifare/Mifare.o
 .debug_frame   0x000009a0       0x98 mifare/RegCtrl.o
 .debug_frame   0x00000a38       0x84 SPI/spi.o
 .debug_frame   0x00000abc       0x34 main.o
 .debug_frame   0x00000af0       0x24 Application/sleep.o
 .debug_frame   0x00000b14      0x24c Radio/radio.o
 .debug_frame   0x00000d60      0x214 Radio/hal_avr.o
 .debug_frame   0x00000f74       0x4c RUM/mac.o
 .debug_frame   0x00000fc0      0x1d0 RUM/mac_associate.o
 .debug_frame   0x00001190       0x24 RUM/mac_beacon.o
 .debug_frame   0x000011b4      0x110 RUM/mac_data.o
 .debug_frame   0x000012c4       0x78 RUM/mac_event.o
 .debug_frame   0x0000133c       0x84 RUM/mac_route.o
 .debug_frame   0x000013c0       0xc0 RUM/mac_scan.o
 .debug_frame   0x00001480      0x144 Timer/avr_timer.o
 .debug_frame   0x000015c4       0xe8 Timer/timer_enddevice.o
 .debug_frame   0x000016ac      0x12c Application/machine.o
 .debug_frame   0x000017d8      0x268 UART/serial.o
 .debug_frame   0x00001a40      0x3c4 Application/application.o

.debug_str      0x00000000    0x21b28
 *(.debug_str)
 .debug_str     0x00000000      0x6de C:/Program Files (x86)/Atmel/Studio/7.0/Packs/atmel/ATmega_DFP/1.1.130/gcc/dev/atmega128rfa1/avr51/crtatmega128rfa1.o
 .debug_str     0x000006de    0x19a28 Application/BowComm.o
                              0x19ce5 (size before relaxing)
 .debug_str     0x0001a106     0x1184 Application/display.o
                              0x17183 (size before relaxing)
 .debug_str     0x0001b28a       0x91 Application/reader.o
                              0x17be8 (size before relaxing)
 .debug_str     0x0001b31b      0x2dd Application/SpeedQueen.o
                              0x1a707 (size before relaxing)
 .debug_str     0x0001b5f8     0x1fbc mifare/Mifare.o
                               0x4ffd (size before relaxing)
 .debug_str     0x0001d5b4      0x140 mifare/RegCtrl.o
                               0xe488 (size before relaxing)
 .debug_str     0x0001d6f4       0x7c SPI/spi.o
                               0xd54d (size before relaxing)
 .debug_str     0x0001d770      0x2c8 main.o
                              0x1c0f6 (size before relaxing)
 .debug_str     0x0001da38      0x26d Application/sleep.o
                              0x18f6d (size before relaxing)
 .debug_str     0x0001dca5      0x78f Radio/radio.o
                              0x16663 (size before relaxing)
 .debug_str     0x0001e434      0x20e Radio/hal_avr.o
                              0x1617f (size before relaxing)
 .debug_str     0x0001e642       0x47 RUM/mac.o
                              0x16290 (size before relaxing)
 .debug_str     0x0001e689      0x331 RUM/mac_associate.o
                              0x163c3 (size before relaxing)
 .debug_str     0x0001e9ba       0x88 RUM/mac_beacon.o
                              0x16053 (size before relaxing)
 .debug_str     0x0001ea42      0x17e RUM/mac_data.o
                              0x16247 (size before relaxing)
 .debug_str     0x0001ebc0      0x12f RUM/mac_event.o
                              0x163bb (size before relaxing)
 .debug_str     0x0001ecef       0x57 RUM/mac_route.o
                              0x161b8 (size before relaxing)
 .debug_str     0x0001ed46      0x2c7 RUM/mac_scan.o
                              0x163a4 (size before relaxing)
 .debug_str     0x0001f00d      0x124 Timer/avr_timer.o
                              0x161fa (size before relaxing)
 .debug_str     0x0001f131      0x871 Timer/timer_enddevice.o
                              0x18aea (size before relaxing)
 .debug_str     0x0001f9a2      0x101 Application/machine.o
                              0x1b044 (size before relaxing)
 .debug_str     0x0001faa3      0x318 UART/serial.o
                              0x18ec4 (size before relaxing)
 .debug_str     0x0001fdbb     0x1d6d Application/application.o
                              0x1ef7d (size before relaxing)

.debug_loc      0x00000000     0x67f1
 *(.debug_loc)
 .debug_loc     0x00000000      0x96b Application/BowComm.o
 .debug_loc     0x0000096b       0x8e Application/display.o
 .debug_loc     0x000009f9       0xfd Application/reader.o
 .debug_loc     0x00000af6      0xbb8 Application/SpeedQueen.o
 .debug_loc     0x000016ae     0x1553 mifare/Mifare.o
 .debug_loc     0x00002c01      0x2b6 mifare/RegCtrl.o
 .debug_loc     0x00002eb7       0xae SPI/spi.o
 .debug_loc     0x00002f65      0x826 Radio/radio.o
 .debug_loc     0x0000378b      0x6be Radio/hal_avr.o
 .debug_loc     0x00003e49       0xa1 RUM/mac.o
 .debug_loc     0x00003eea      0x3dd RUM/mac_associate.o
 .debug_loc     0x000042c7       0x18 RUM/mac_beacon.o
 .debug_loc     0x000042df      0x3e5 RUM/mac_data.o
 .debug_loc     0x000046c4      0x24d RUM/mac_event.o
 .debug_loc     0x00004911      0x113 RUM/mac_route.o
 .debug_loc     0x00004a24       0xe4 RUM/mac_scan.o
 .debug_loc     0x00004b08      0x57e Timer/avr_timer.o
 .debug_loc     0x00005086      0x141 Timer/timer_enddevice.o
 .debug_loc     0x000051c7      0x34e Application/machine.o
 .debug_loc     0x00005515      0x6a4 UART/serial.o
 .debug_loc     0x00005bb9      0xc38 Application/application.o

.debug_macinfo
 *(.debug_macinfo)

.debug_weaknames
 *(.debug_weaknames)

.debug_funcnames
 *(.debug_funcnames)

.debug_typenames
 *(.debug_typenames)

.debug_varnames
 *(.debug_varnames)

.debug_pubtypes
 *(.debug_pubtypes)

.debug_ranges   0x00000000      0x990
 *(.debug_ranges)
 .debug_ranges  0x00000000       0x70 Application/BowComm.o
 .debug_ranges  0x00000070       0x18 Application/display.o
 .debug_ranges  0x00000088       0x30 Application/reader.o
 .debug_ranges  0x000000b8      0x100 Application/SpeedQueen.o
 .debug_ranges  0x000001b8       0x88 mifare/Mifare.o
 .debug_ranges  0x00000240       0x30 mifare/RegCtrl.o
 .debug_ranges  0x00000270       0x38 SPI/spi.o
 .debug_ranges  0x000002a8       0x18 main.o
 .debug_ranges  0x000002c0       0x10 Application/sleep.o
 .debug_ranges  0x000002d0      0x120 Radio/radio.o
 .debug_ranges  0x000003f0       0x50 Radio/hal_avr.o
 .debug_ranges  0x00000440       0x18 RUM/mac.o
 .debug_ranges  0x00000458       0xe0 RUM/mac_associate.o
 .debug_ranges  0x00000538       0x10 RUM/mac_beacon.o
 .debug_ranges  0x00000548       0x60 RUM/mac_data.o
 .debug_ranges  0x000005a8       0x28 RUM/mac_event.o
 .debug_ranges  0x000005d0       0x38 RUM/mac_route.o
 .debug_ranges  0x00000608       0x68 RUM/mac_scan.o
 .debug_ranges  0x00000670       0x60 Timer/avr_timer.o
 .debug_ranges  0x000006d0       0x58 Timer/timer_enddevice.o
 .debug_ranges  0x00000728       0x60 Application/machine.o
 .debug_ranges  0x00000788       0xc8 UART/serial.o
 .debug_ranges  0x00000850      0x140 Application/application.o

.debug_macro    0x00000000     0xc188
 *(.debug_macro)
 .debug_macro   0x00000000      0x21c Application/BowComm.o
 .debug_macro   0x0000021c      0xb02 Application/BowComm.o
 .debug_macro   0x00000d1e      0x1c9 Application/BowComm.o
 .debug_macro   0x00000ee7       0x22 Application/BowComm.o
 .debug_macro   0x00000f09       0x2e Application/BowComm.o
 .debug_macro   0x00000f37       0x35 Application/BowComm.o
 .debug_macro   0x00000f6c       0x16 Application/BowComm.o
 .debug_macro   0x00000f82       0x97 Application/BowComm.o
 .debug_macro   0x00001019       0x16 Application/BowComm.o
 .debug_macro   0x0000102f       0x10 Application/BowComm.o
 .debug_macro   0x0000103f      0x302 Application/BowComm.o
 .debug_macro   0x00001341       0x9e Application/BowComm.o
 .debug_macro   0x000013df     0x3aaf Application/BowComm.o
 .debug_macro   0x00004e8e       0x9a Application/BowComm.o
 .debug_macro   0x00004f28       0x81 Application/BowComm.o
 .debug_macro   0x00004fa9       0x34 Application/BowComm.o
 .debug_macro   0x00004fdd       0x18 Application/BowComm.o
 .debug_macro   0x00004ff5       0x6c Application/BowComm.o
 .debug_macro   0x00005061       0x69 Application/BowComm.o
 .debug_macro   0x000050ca       0x10 Application/BowComm.o
 .debug_macro   0x000050da      0x160 Application/BowComm.o
 .debug_macro   0x0000523a       0xef Application/BowComm.o
 .debug_macro   0x00005329       0x33 Application/BowComm.o
 .debug_macro   0x0000535c      0x1bd Application/BowComm.o
 .debug_macro   0x00005519     0x1b5a Application/BowComm.o
 .debug_macro   0x00007073      0x265 Application/BowComm.o
 .debug_macro   0x000072d8       0x58 Application/BowComm.o
 .debug_macro   0x00007330       0x10 Application/BowComm.o
 .debug_macro   0x00007340       0x35 Application/BowComm.o
 .debug_macro   0x00007375       0xf2 Application/BowComm.o
 .debug_macro   0x00007467       0x43 Application/BowComm.o
 .debug_macro   0x000074aa       0x83 Application/BowComm.o
 .debug_macro   0x0000752d      0x10e Application/BowComm.o
 .debug_macro   0x0000763b      0x18e Application/BowComm.o
 .debug_macro   0x000077c9       0xdc Application/BowComm.o
 .debug_macro   0x000078a5       0x4a Application/BowComm.o
 .debug_macro   0x000078ef       0x87 Application/BowComm.o
 .debug_macro   0x00007976       0x10 Application/BowComm.o
 .debug_macro   0x00007986      0x175 Application/BowComm.o
 .debug_macro   0x00007afb       0x4a Application/BowComm.o
 .debug_macro   0x00007b45       0x28 Application/BowComm.o
 .debug_macro   0x00007b6d       0x1c Application/BowComm.o
 .debug_macro   0x00007b89       0x5a Application/BowComm.o
 .debug_macro   0x00007be3       0x68 Application/BowComm.o
 .debug_macro   0x00007c4b       0x88 Application/BowComm.o
 .debug_macro   0x00007cd3      0x1a4 Application/display.o
 .debug_macro   0x00007e77       0x1c Application/display.o
 .debug_macro   0x00007e93      0x112 Application/display.o
 .debug_macro   0x00007fa5       0x4c Application/display.o
 .debug_macro   0x00007ff1      0x22a Application/display.o
 .debug_macro   0x0000821b      0x1e5 Application/reader.o
 .debug_macro   0x00008400      0x10e Application/reader.o
 .debug_macro   0x0000850e       0x66 Application/reader.o
 .debug_macro   0x00008574       0x20 Application/reader.o
 .debug_macro   0x00008594       0x7f Application/reader.o
 .debug_macro   0x00008613      0x1fb Application/SpeedQueen.o
 .debug_macro   0x0000880e       0x5c mifare/Mifare.o
 .debug_macro   0x0000886a      0x3d8 mifare/Mifare.o
 .debug_macro   0x00008c42      0x269 mifare/Mifare.o
 .debug_macro   0x00008eab       0xea mifare/Mifare.o
 .debug_macro   0x00008f95       0xd6 mifare/Mifare.o
 .debug_macro   0x0000906b       0xb2 mifare/RegCtrl.o
 .debug_macro   0x0000911d      0x2fc mifare/RegCtrl.o
 .debug_macro   0x00009419       0x22 mifare/RegCtrl.o
 .debug_macro   0x0000943b       0x96 SPI/spi.o
 .debug_macro   0x000094d1      0x2ad main.o
 .debug_macro   0x0000977e       0xaa main.o
 .debug_macro   0x00009828       0x63 main.o
 .debug_macro   0x0000988b       0x82 main.o
 .debug_macro   0x0000990d       0x3b main.o
 .debug_macro   0x00009948       0x10 main.o
 .debug_macro   0x00009958       0x28 main.o
 .debug_macro   0x00009980      0x1ce Application/sleep.o
 .debug_macro   0x00009b4e       0x10 Application/sleep.o
 .debug_macro   0x00009b5e       0x88 Application/sleep.o
 .debug_macro   0x00009be6       0x3b Application/sleep.o
 .debug_macro   0x00009c21      0x1c4 Radio/radio.o
 .debug_macro   0x00009de5      0x1da Radio/hal_avr.o
 .debug_macro   0x00009fbf      0x1e0 RUM/mac.o
 .debug_macro   0x0000a19f       0x43 RUM/mac.o
 .debug_macro   0x0000a1e2      0x1d4 RUM/mac_associate.o
 .debug_macro   0x0000a3b6      0x1be RUM/mac_beacon.o
 .debug_macro   0x0000a574       0x16 RUM/mac_beacon.o
 .debug_macro   0x0000a58a      0x1d7 RUM/mac_data.o
 .debug_macro   0x0000a761      0x166 RUM/mac_data.o
 .debug_macro   0x0000a8c7       0x2e RUM/mac_data.o
 .debug_macro   0x0000a8f5      0x1ff RUM/mac_event.o
 .debug_macro   0x0000aaf4      0x1cd RUM/mac_route.o
 .debug_macro   0x0000acc1      0x1d9 RUM/mac_scan.o
 .debug_macro   0x0000ae9a      0x1f8 Timer/avr_timer.o
 .debug_macro   0x0000b092      0x1c2 Timer/timer_enddevice.o
 .debug_macro   0x0000b254      0x175 Timer/timer_enddevice.o
 .debug_macro   0x0000b3c9       0x12 Timer/timer_enddevice.o
 .debug_macro   0x0000b3db       0x34 Timer/timer_enddevice.o
 .debug_macro   0x0000b40f       0x16 Timer/timer_enddevice.o
 .debug_macro   0x0000b425      0x256 Application/machine.o
 .debug_macro   0x0000b67b      0x183 Application/machine.o
 .debug_macro   0x0000b7fe      0x1e0 UART/serial.o
 .debug_macro   0x0000b9de      0x179 UART/serial.o
 .debug_macro   0x0000bb57      0x32e Application/application.o
 .debug_macro   0x0000be85       0x97 Application/application.o
 .debug_macro   0x0000bf1c      0x10c Application/application.o
 .debug_macro   0x0000c028      0x160 Application/application.o
OUTPUT(RDR_MDC_20161115_V0.4.4.elf elf32-avr)
LOAD linker stubs
