Archive member included to satisfy reference by file (symbol)

c:/program files (x86)/atmel/studio/7.0/toolchain/avr8/avr8-gnu-toolchain/bin/../lib/gcc/avr/4.9.2/../../../../avr/lib/avr51\libprintf_flt.a(vfprintf_flt.o)
                              (vfprintf)
c:/program files (x86)/atmel/studio/7.0/toolchain/avr8/avr8-gnu-toolchain/bin/../lib/gcc/avr/4.9.2/../../../../avr/lib/avr51\libm.a(addsf3.o)
                              Application/application.o (__subsf3)
c:/program files (x86)/atmel/studio/7.0/toolchain/avr8/avr8-gnu-toolchain/bin/../lib/gcc/avr/4.9.2/../../../../avr/lib/avr51\libm.a(addsf3x.o)
                              c:/program files (x86)/atmel/studio/7.0/toolchain/avr8/avr8-gnu-toolchain/bin/../lib/gcc/avr/4.9.2/../../../../avr/lib/avr51\libm.a(addsf3.o) (__addsf3x)
c:/program files (x86)/atmel/studio/7.0/toolchain/avr8/avr8-gnu-toolchain/bin/../lib/gcc/avr/4.9.2/../../../../avr/lib/avr51\libm.a(divsf3.o)
                              Application/BowComm.o (__divsf3)
c:/program files (x86)/atmel/studio/7.0/toolchain/avr8/avr8-gnu-toolchain/bin/../lib/gcc/avr/4.9.2/../../../../avr/lib/avr51\libm.a(divsf3x.o)
                              c:/program files (x86)/atmel/studio/7.0/toolchain/avr8/avr8-gnu-toolchain/bin/../lib/gcc/avr/4.9.2/../../../../avr/lib/avr51\libm.a(divsf3.o) (__divsf3x)
c:/program files (x86)/atmel/studio/7.0/toolchain/avr8/avr8-gnu-toolchain/bin/../lib/gcc/avr/4.9.2/../../../../avr/lib/avr51\libm.a(fixunssfsi.o)
                              Application/application.o (__fixunssfsi)
c:/program files (x86)/atmel/studio/7.0/toolchain/avr8/avr8-gnu-toolchain/bin/../lib/gcc/avr/4.9.2/../../../../avr/lib/avr51\libm.a(floatsisf.o)
                              Application/BowComm.o (__floatunsisf)
c:/program files (x86)/atmel/studio/7.0/toolchain/avr8/avr8-gnu-toolchain/bin/../lib/gcc/avr/4.9.2/../../../../avr/lib/avr51\libm.a(fp_inf.o)
                              c:/program files (x86)/atmel/studio/7.0/toolchain/avr8/avr8-gnu-toolchain/bin/../lib/gcc/avr/4.9.2/../../../../avr/lib/avr51\libm.a(addsf3x.o) (__fp_inf)
c:/program files (x86)/atmel/studio/7.0/toolchain/avr8/avr8-gnu-toolchain/bin/../lib/gcc/avr/4.9.2/../../../../avr/lib/avr51\libm.a(fp_nan.o)
                              c:/program files (x86)/atmel/studio/7.0/toolchain/avr8/avr8-gnu-toolchain/bin/../lib/gcc/avr/4.9.2/../../../../avr/lib/avr51\libm.a(addsf3x.o) (__fp_nan)
c:/program files (x86)/atmel/studio/7.0/toolchain/avr8/avr8-gnu-toolchain/bin/../lib/gcc/avr/4.9.2/../../../../avr/lib/avr51\libm.a(fp_pscA.o)
                              c:/program files (x86)/atmel/studio/7.0/toolchain/avr8/avr8-gnu-toolchain/bin/../lib/gcc/avr/4.9.2/../../../../avr/lib/avr51\libm.a(addsf3x.o) (__fp_pscA)
c:/program files (x86)/atmel/studio/7.0/toolchain/avr8/avr8-gnu-toolchain/bin/../lib/gcc/avr/4.9.2/../../../../avr/lib/avr51\libm.a(fp_pscB.o)
                              c:/program files (x86)/atmel/studio/7.0/toolchain/avr8/avr8-gnu-toolchain/bin/../lib/gcc/avr/4.9.2/../../../../avr/lib/avr51\libm.a(addsf3x.o) (__fp_pscB)
c:/program files (x86)/atmel/studio/7.0/toolchain/avr8/avr8-gnu-toolchain/bin/../lib/gcc/avr/4.9.2/../../../../avr/lib/avr51\libm.a(fp_round.o)
                              c:/program files (x86)/atmel/studio/7.0/toolchain/avr8/avr8-gnu-toolchain/bin/../lib/gcc/avr/4.9.2/../../../../avr/lib/avr51\libm.a(addsf3.o) (__fp_round)
c:/program files (x86)/atmel/studio/7.0/toolchain/avr8/avr8-gnu-toolchain/bin/../lib/gcc/avr/4.9.2/../../../../avr/lib/avr51\libm.a(fp_split3.o)
                              c:/program files (x86)/atmel/studio/7.0/toolchain/avr8/avr8-gnu-toolchain/bin/../lib/gcc/avr/4.9.2/../../../../avr/lib/avr51\libm.a(addsf3x.o) (__fp_split3)
c:/program files (x86)/atmel/studio/7.0/toolchain/avr8/avr8-gnu-toolchain/bin/../lib/gcc/avr/4.9.2/../../../../avr/lib/avr51\libm.a(fp_zero.o)
                              c:/program files (x86)/atmel/studio/7.0/toolchain/avr8/avr8-gnu-toolchain/bin/../lib/gcc/avr/4.9.2/../../../../avr/lib/avr51\libm.a(addsf3x.o) (__fp_zero)
c:/program files (x86)/atmel/studio/7.0/toolchain/avr8/avr8-gnu-toolchain/bin/../lib/gcc/avr/4.9.2/../../../../avr/lib/avr51\libm.a(mulsf3.o)
                              Application/application.o (__mulsf3)
c:/program files (x86)/atmel/studio/7.0/toolchain/avr8/avr8-gnu-toolchain/bin/../lib/gcc/avr/4.9.2/../../../../avr/lib/avr51\libm.a(mulsf3x.o)
                              c:/program files (x86)/atmel/studio/7.0/toolchain/avr8/avr8-gnu-toolchain/bin/../lib/gcc/avr/4.9.2/../../../../avr/lib/avr51\libm.a(mulsf3.o) (__mulsf3x)
c:/program files (x86)/atmel/studio/7.0/toolchain/avr8/avr8-gnu-toolchain/bin/../lib/gcc/avr/4.9.2/avr51\libgcc.a(_udivmodhi4.o)
                              mifare/Mifare.o (__udivmodhi4)
c:/program files (x86)/atmel/studio/7.0/toolchain/avr8/avr8-gnu-toolchain/bin/../lib/gcc/avr/4.9.2/avr51\libgcc.a(_divmodhi4.o)
                              RUM/mac_event.o (__divmodhi4)
[...]
Memory Configuration

Name             Origin             Length             Attributes
text             0x00000000         0x00020000         xr
data             0x00800100         0x0000ff00         rw !x
eeprom           0x00810000         0x00010000         rw !x
fuse             0x00820000         0x00000003         rw !x
lock             0x00830000         0x00000400         rw !x
signature        0x00840000         0x00000400         rw !x
user_signatures  0x00850000         0x00000400         rw !x
*default*        0x00000000         0xffffffff

Linker script and memory map

Address of section .data set to 0x800200
LOAD C:/Program Files (x86)/Atmel/Studio/7.0/Packs/atmel/ATmega_DFP/1.1.130/gcc/dev/atmega128rfa1/avr51/crtatmega128rfa1.o
LOAD Application/BowComm.o
LOAD Application/display.o
LOAD Application/reader.o
LOAD Application/SpeedQueen.o
LOAD Keypad/Keypad.o
LOAD mifare/Mifare.o
LOAD mifare/RegCtrl.o
LOAD SPI/spi.o
LOAD TWI/i2cbitbang.o
LOAD TWI/twi.o
LOAD main.o
LOAD Application/sleep.o
LOAD Radio/radio.o
LOAD Radio/hal_avr.o
LOAD RUM/mac_start.o
LOAD RUM/mac.o
LOAD RUM/mac_associate.o
LOAD RUM/mac_beacon.o
LOAD RUM/mac_data.o
LOAD RUM/mac_event.o
LOAD RUM/mac_route.o
LOAD RUM/mac_scan.o
LOAD Timer/avr_timer.o
LOAD Timer/timer_enddevice.o
LOAD Application/machine.o
LOAD UART/serial.o
LOAD Application/application.o
LOAD RUM/sensors.o
LOAD RUM/sixlowpan_wake.o
START GROUP
LOAD c:/program files (x86)/atmel/studio/7.0/toolchain/avr8/avr8-gnu-toolchain/bin/../lib/gcc/avr/4.9.2/../../../../avr/lib/avr51\libprintf_flt.a
LOAD c:/program files (x86)/atmel/studio/7.0/toolchain/avr8/avr8-gnu-toolchain/bin/../lib/gcc/avr/4.9.2/../../../../avr/lib/avr51\libm.a
END GROUP
Address of section .data set to 0x800200
START GROUP
LOAD c:/program files (x86)/atmel/studio/7.0/toolchain/avr8/avr8-gnu-toolchain/bin/../lib/gcc/avr/4.9.2/avr51\libgcc.a
LOAD c:/program files (x86)/atmel/studio/7.0/toolchain/avr8/avr8-gnu-toolchain/bin/../lib/gcc/avr/4.9.2/../../../../avr/lib/avr51\libm.a
LOAD c:/program files (x86)/atmel/studio/7.0/toolchain/avr8/avr8-gnu-toolchain/bin/../lib/gcc/avr/4.9.2/../../../../avr/lib/avr51\libc.a
LOAD C:/Program Files (x86)/Atmel/Studio/7.0/Packs/atmel/ATmega_DFP/1.1.130/gcc/dev/atmega128rfa1/avr51\libatmega128rfa1.a
END GROUP
                0x00020000                __TEXT_REGION_LENGTH__ = DEFINED (__TEXT_REGION_LENGTH__)?__TEXT_REGION_LENGTH__:0x20000
                0x0000ff00                __DATA_REGION_LENGTH__ = DEFINED (__DATA_REGION_LENGTH__)?__DATA_REGION_LENGTH__:0xff00
                0x00010000                __EEPROM_REGION_LENGTH__ = DEFINED (__EEPROM_REGION_LENGTH__)?__EEPROM_REGION_LENGTH__:0x10000
                [0x00000003]                __FUSE_REGION_LENGTH__ = DEFINED (__FUSE_REGION_LENGTH__)?__FUSE_REGION_LENGTH__:0x400
                0x00000400                __LOCK_REGION_LENGTH__ = DEFINED (__LOCK_REGION_LENGTH__)?__LOCK_REGION_LENGTH__:0x400
                0x00000400                __SIGNATURE_REGION_LENGTH__ = DEFINED (__SIGNATURE_REGION_LENGTH__)?__SIGNATURE_REGION_LENGTH__:0x400
                0x00000400                __USER_SIGNATURE_REGION_LENGTH__ = DEFINED (__USER_SIGNATURE_REGION_LENGTH__)?__USER_SIGNATURE_REGION_LENGTH__:0x400

.hash
 *(.hash)

.dynsym
 *(.dynsym)

.dynstr
 *(.dynstr)

.gnu.version
 *(.gnu.version)

.gnu.version_d
 *(.gnu.version_d)

.gnu.version_r
 *(.gnu.version_r)

.rel.init
 *(.rel.init)

.rela.init
 *(.rela.init)

.rel.text
 *(.rel.text)
 *(.rel.text.*)
 *(.rel.gnu.linkonce.t*)

.rela.text
 *(.rela.text)
 *(.rela.text.*)
 *(.rela.gnu.linkonce.t*)

.rel.fini
 *(.rel.fini)

.rela.fini
 *(.rela.fini)

.rel.rodata
 *(.rel.rodata)
 *(.rel.rodata.*)
 *(.rel.gnu.linkonce.r*)

.rela.rodata
 *(.rela.rodata)
 *(.rela.rodata.*)
 *(.rela.gnu.linkonce.r*)

.rel.data
 *(.rel.data)
 *(.rel.data.*)
 *(.rel.gnu.linkonce.d*)

.rela.data
 *(.rela.data)
 *(.rela.data.*)
 *(.rela.gnu.linkonce.d*)

.rel.ctors
 *(.rel.ctors)

.rela.ctors
 *(.rela.ctors)

.rel.dtors
 *(.rel.dtors)

.rela.dtors
 *(.rela.dtors)

.rel.got
 *(.rel.got)

.rela.got
 *(.rela.got)

.rel.bss
 *(.rel.bss)

.rela.bss
 *(.rela.bss)

.rel.plt
 *(.rel.plt)

.rela.plt
 *(.rela.plt)

.text           0x00000000     0x69d6
 *(.vectors)
 .vectors       0x00000000      0x120 C:/Program Files (x86)/Atmel/Studio/7.0/Packs/atmel/ATmega_DFP/1.1.130/gcc/dev/atmega128rfa1/avr51/crtatmega128rfa1.o
                0x00000000                __vector_default
                0x00000000                __vectors
 *(.vectors)
 *(.progmem.gcc*)
 .progmem.gcc_sw_table.macTask
                0x00000120       0x14 RUM/mac_event.o
 .progmem.gcc_sw_table.APP_TaskHandler
                0x00000134       0x50 Application/application.o
                0x00000184                . = ALIGN (0x2)
                0x00000184                __trampolines_start = .
 *(.trampolines)
 .trampolines   0x00000184        0x0 linker stubs
 *(.trampolines*)
                0x00000184                __trampolines_end = .
 *libprintf_flt.a:*(.progmem.data)
 .progmem.data  0x00000184        0x8 c:/program files (x86)/atmel/studio/7.0/toolchain/avr8/avr8-gnu-toolchain/bin/../lib/gcc/avr/4.9.2/../../../../avr/lib/avr51\libprintf_flt.a(vfprintf_flt.o)
 *libc.a:*(.progmem.data)
 .progmem.data  0x0000018c       0xfa c:/program files (x86)/atmel/studio/7.0/toolchain/avr8/avr8-gnu-toolchain/bin/../lib/gcc/avr/4.9.2/../../../../avr/lib/avr51\libc.a(ftoa_engine.o)
 .progmem.data  0x00000286       0x3b c:/program files (x86)/atmel/studio/7.0/toolchain/avr8/avr8-gnu-toolchain/bin/../lib/gcc/avr/4.9.2/../../../../avr/lib/avr51\libc.a(strtod.o)
 *(.progmem*)
                0x000002c2                . = ALIGN (0x2)
 *fill*         0x000002c1        0x1 
 *(.jumptables)
 *(.jumptables*)
 *(.lowtext)
 *(.lowtext*)
                0x000002c2                __ctors_start = .
 *(.ctors)
                0x000002c2                __ctors_end = .
                0x000002c2                __dtors_start = .
 *(.dtors)
                0x000002c2                __dtors_end = .
 SORT(*)(.ctors)
 SORT(*)(.dtors)
 *(.init0)
 .init0         0x000002c2        0x0 C:/Program Files (x86)/Atmel/Studio/7.0/Packs/atmel/ATmega_DFP/1.1.130/gcc/dev/atmega128rfa1/avr51/crtatmega128rfa1.o
                0x000002c2                __init
 *(.init0)
 *(.init1)
 *(.init1)
 *(.init2)
 .init2         0x000002c2        0xc C:/Program Files (x86)/Atmel/Studio/7.0/Packs/atmel/ATmega_DFP/1.1.130/gcc/dev/atmega128rfa1/avr51/crtatmega128rfa1.o
 *(.init2)
 *(.init3)
 *(.init3)
 *(.init4)
 .init4         0x000002ce       0x1a c:/program files (x86)/atmel/studio/7.0/toolchain/avr8/avr8-gnu-toolchain/bin/../lib/gcc/avr/4.9.2/avr51\libgcc.a(_copy_data.o)
                0x000002ce                __do_copy_data
 .init4         0x000002e8       0x10 c:/program files (x86)/atmel/studio/7.0/toolchain/avr8/avr8-gnu-toolchain/bin/../lib/gcc/avr/4.9.2/avr51\libgcc.a(_clear_bss.o)
                0x000002e8                __do_clear_bss
 *(.init4)
 *(.init5)
 *(.init5)
 *(.init6)
 *(.init6)
 *(.init7)
 *(.init7)
 *(.init8)
 *(.init8)
 *(.init9)
 .init9         0x000002f8        0x8 C:/Program Files (x86)/Atmel/Studio/7.0/Packs/atmel/ATmega_DFP/1.1.130/gcc/dev/atmega128rfa1/avr51/crtatmega128rfa1.o
 *(.init9)
 *(.text)
 .text          0x00000300        0x4 C:/Program Files (x86)/Atmel/Studio/7.0/Packs/atmel/ATmega_DFP/1.1.130/gcc/dev/atmega128rfa1/avr51/crtatmega128rfa1.o
                0x00000300                __vector_38
                0x00000300                __vector_22
                0x00000300                __vector_28
                0x00000300                __vector_67
                0x00000300                __vector_1
                0x00000300                __vector_71
                0x00000300                __vector_34
                0x00000300                __vector_62
                0x00000300                __vector_24
                0x00000300                __vector_55
                0x00000300                __vector_69
                0x00000300                __vector_46
                0x00000300                __bad_interrupt
                0x00000300                __vector_6
                0x00000300                __vector_31
                0x00000300                __vector_39
                0x00000300                __vector_3
                0x00000300                __vector_23
                0x00000300                __vector_68
                0x00000300                __vector_30
                0x00000300                __vector_45
                0x00000300                __vector_25
                0x00000300                __vector_11
                0x00000300                __vector_54
                0x00000300                __vector_13
                0x00000300                __vector_17
                0x00000300                __vector_19
                0x00000300                __vector_56
                0x00000300                __vector_7
                0x00000300                __vector_49
                0x00000300                __vector_41
                0x00000300                __vector_64
                0x00000300                __vector_43
                0x00000300                __vector_27
                0x00000300                __vector_5
                0x00000300                __vector_33
                0x00000300                __vector_47
                0x00000300                __vector_52
                0x00000300                __vector_4
                0x00000300                __vector_44
                0x00000300                __vector_51
                0x00000300                __vector_9
                0x00000300                __vector_2
                0x00000300                __vector_15
                0x00000300                __vector_66
                0x00000300                __vector_58
                0x00000300                __vector_70
                0x00000300                __vector_29
                0x00000300                __vector_40
                0x00000300                __vector_8
                0x00000300                __vector_26
                0x00000300                __vector_48
                0x00000300                __vector_14
                0x00000300                __vector_57
                0x00000300                __vector_53
                0x00000300                __vector_10
                0x00000300                __vector_50
                0x00000300                __vector_16
                0x00000300                __vector_18
                0x00000300                __vector_20
                0x00000300                __vector_42
                0x00000300                __vector_65
                0x00000304                . = ALIGN (0x2)
 *(.text.*)
 .text.timeoutWaitingForOLTReponse
                0x00000304        0xc Application/BowComm.o
 .text.asciiStringToNibble
                0x00000310       0x78 Application/BowComm.o
                0x00000310                asciiStringToNibble
 .text.constructOutgoingString
                0x00000388      0x140 Application/BowComm.o
                0x00000388                constructOutgoingString
 .text.sendReaderFirmwareVersion
                0x000004c8       0x5c Application/BowComm.o
                0x000004c8                sendReaderFirmwareVersion
 .text.sendSetupRequest
                0x00000524       0x52 Application/BowComm.o
                0x00000524                sendSetupRequest
 .text.sendValidationRequest
                0x00000576       0x4e Application/BowComm.o
                0x00000576                sendValidationRequest
 .text.sendMachineLabel
                0x000005c4       0x4e Application/BowComm.o
                0x000005c4                sendMachineLabel
 .text.sendMachineDescription
                0x00000612       0x52 Application/BowComm.o
                0x00000612                sendMachineDescription
 .text.sendNumberOfOLT
                0x00000664       0x4e Application/BowComm.o
                0x00000664                sendNumberOfOLT
 .text.extractIncomingMessage
                0x000006b2      0x472 Application/BowComm.o
                0x000006b2                extractIncomingMessage
 .text.sendCCTransaction
                0x00000b24      0x114 Application/BowComm.o
                0x00000b24                sendCCTransaction
 .text.displayMsg
                0x00000c38       0x50 Application/display.o
                0x00000c38                displayMsg
 .text.displayVersion
                0x00000c88        0x4 Application/display.o
                0x00000c88                displayVersion
 .text.initReader
                0x00000c8c       0xe0 Application/reader.o
                0x00000c8c                initReader
 .text.storeOfflineTransaction
                0x00000d6c      0x158 Application/reader.o
                0x00000d6c                storeOfflineTransaction
 .text.sendStoredTransaction
                0x00000ec4       0xc2 Application/reader.o
                0x00000ec4                sendStoredTransaction
 .text.getSQSetupData
                0x00000f86      0x2ec Application/SpeedQueen.o
                0x00000f86                getSQSetupData
 .text.sendSQData
                0x00001272       0xc2 Application/SpeedQueen.o
                0x00001272                sendSQData
 .text.sendSQVendPrice
                0x00001334       0xaa Application/SpeedQueen.o
                0x00001334                sendSQVendPrice
 .text.getSQData
                0x000013de       0x6e Application/SpeedQueen.o
                0x000013de                getSQData
 .text.getSQStatusData
                0x0000144c       0xf8 Application/SpeedQueen.o
                0x0000144c                getSQStatusData
 .text.getSQMachineStatus
                0x00001544       0x70 Application/SpeedQueen.o
                0x00001544                getSQMachineStatus
 .text.getSQInitData
                0x000015b4       0x4e Application/SpeedQueen.o
                0x000015b4                getSQInitData
 .text.isQuantum
                0x00001602       0x4c Application/SpeedQueen.o
                0x00001602                isQuantum
 .text.waitSQStartKey
                0x0000164e       0x34 Application/SpeedQueen.o
                0x0000164e                waitSQStartKey
 .text.isSQCycleRunning
                0x00001682       0x1c Application/SpeedQueen.o
                0x00001682                isSQCycleRunning
 .text.sendSQCashCardInserted
                0x0000169e       0x68 Application/SpeedQueen.o
                0x0000169e                sendSQCashCardInserted
 .text.sendSQCashCardInsetedForTopoff
                0x00001706       0x74 Application/SpeedQueen.o
                0x00001706                sendSQCashCardInsetedForTopoff
 .text.sendSQCardRemoved
                0x0000177a       0x24 Application/SpeedQueen.o
                0x0000177a                sendSQCardRemoved
 .text.sendSQCashCardRemoved
                0x0000179e       0x6e Application/SpeedQueen.o
                0x0000179e                sendSQCashCardRemoved
 .text.sendSQDisplayCommand
                0x0000180c       0x50 Application/SpeedQueen.o
                0x0000180c                sendSQDisplayCommand
 .text.displaySQReaderVersion
                0x0000185c       0x2e Application/SpeedQueen.o
                0x0000185c                displaySQReaderVersion
 .text.displaySQCardError
                0x0000188a       0x58 Application/SpeedQueen.o
                0x0000188a                displaySQCardError
 .text.cardRemoved
                0x000018e2       0x1e Application/SpeedQueen.o
                0x000018e2                cardRemoved
 .text.cardInserted
                0x00001900       0x24 Application/SpeedQueen.o
                0x00001900                cardInserted
 .text.isMachineCycleRunning
                0x00001924        0x4 Application/SpeedQueen.o
                0x00001924                isMachineCycleRunning
 .text.waitForMachineStartKey
                0x00001928        0x4 Application/SpeedQueen.o
                0x00001928                waitForMachineStartKey
 .text.MachineStatus
                0x0000192c       0x10 Application/SpeedQueen.o
                0x0000192c                MachineStatus
 .text.initMachine
                0x0000193c       0x34 Application/SpeedQueen.o
                0x0000193c                initMachine
 .text.setupMachine
                0x00001970      0x418 Application/SpeedQueen.o
                0x00001970                setupMachine
 .text.startMachineCycle
                0x00001d88       0x24 Application/SpeedQueen.o
                0x00001d88                startMachineCycle
 .text.SetTimeOut
                0x00001dac       0x5c mifare/Mifare.o
                0x00001dac                SetTimeOut
 .text.Rc522Init
                0x00001e08       0xc4 mifare/Mifare.o
                0x00001e08                Rc522Init
 .text.M522PcdCmd
                0x00001ecc      0x280 mifare/Mifare.o
                0x00001ecc                M522PcdCmd
 .text.Request  0x0000214c       0xb0 mifare/Mifare.o
                0x0000214c                Request
 .text.CascAnticoll
                0x000021fc      0x1f2 mifare/Mifare.o
                0x000021fc                CascAnticoll
 .text.Select   0x000023ee       0xbe mifare/Mifare.o
                0x000023ee                Select
 .text.AnticollSelect
                0x000024ac      0x156 mifare/Mifare.o
                0x000024ac                AnticollSelect
 .text.Authentication
                0x00002602       0x90 mifare/Mifare.o
                0x00002602                Authentication
 .text.Read     0x00002692       0xb4 mifare/Mifare.o
                0x00002692                Read
 .text.readCardID
                0x00002746        0xe mifare/Mifare.o
                0x00002746                readCardID
 .text.RcSetReg
                0x00002754       0x28 mifare/RegCtrl.o
                0x00002754                RcSetReg
 .text.RcGetReg
                0x0000277c       0x14 mifare/RegCtrl.o
                0x0000277c                RcGetReg
 .text.RcModifyReg
                0x00002790       0x3a mifare/RegCtrl.o
                0x00002790                RcModifyReg
 .text.Spi_initialize
                0x000027ca       0x30 SPI/spi.o
                0x000027ca                Spi_initialize
 .text.Spi_send
                0x000027fa        0xa SPI/spi.o
                0x000027fa                Spi_send
 .text.Spi_receive
                0x00002804        0xe SPI/spi.o
                0x00002804                Spi_receive
 .text.mifareInit
                0x00002812        0x8 main.o
                0x00002812                mifareInit
 .text.startup.main
                0x0000281a       0x3e main.o
                0x0000281a                main
 .text.nodeSleep
                0x00002858        0x2 Application/sleep.o
                0x00002858                nodeSleep
 .text.isSleeping
                0x0000285a        0xa Radio/radio.o
 .text.radioGetPartnum
                0x00002864       0x16 Radio/radio.o
                0x00002864                radioGetPartnum
 .text.radioRxStartEvent
                0x0000287a       0x10 Radio/radio.o
                0x0000287a                radioRxStartEvent
 .text.radioGetSavedRssiValue
                0x0000288a       0x12 Radio/radio.o
                0x0000288a                radioGetSavedRssiValue
 .text.radioGetSavedLqiValue
                0x0000289c        0x6 Radio/radio.o
                0x0000289c                radioGetSavedLqiValue
 .text.radioSetOperatingChannel
                0x000028a2       0x62 Radio/radio.o
                0x000028a2                radioSetOperatingChannel
 .text.radioSetClockSpeed
                0x00002904       0x2e Radio/radio.o
                0x00002904                radioSetClockSpeed
 .text.radioGetTrxState
                0x00002932        0x8 Radio/radio.o
                0x00002932                radioGetTrxState
 .text.radioResetStateMachine
                0x0000293a       0x28 Radio/radio.o
                0x0000293a                radioResetStateMachine
 .text.radioResetTrx
                0x00002962       0x20 Radio/radio.o
                0x00002962                radioResetTrx
 .text.radioInit
                0x00002982       0x58 Radio/radio.o
                0x00002982                radioInit
 .text.radioUseAutoTxCrc
                0x000029da       0x3c Radio/radio.o
                0x000029da                radioUseAutoTxCrc
 .text.radioIsBusy
                0x00002a16       0x20 Radio/radio.o
                0x00002a16                radioIsBusy
 .text.radioSetTrxState
                0x00002a36       0xd6 Radio/radio.o
                0x00002a36                radioSetTrxState
 .text.radioTrxEndEvent
                0x00002b0c      0x168 Radio/radio.o
                0x00002b0c                radioTrxEndEvent
 .text.radioSendData
                0x00002c74       0x6e Radio/radio.o
                0x00002c74                radioSendData
 .text.radioSetDeviceRole
                0x00002ce2        0xe Radio/radio.o
                0x00002ce2                radioSetDeviceRole
 .text.radioSetPanId
                0x00002cf0        0xa Radio/radio.o
                0x00002cf0                radioSetPanId
 .text.radioSetShortAddress
                0x00002cfa        0xa Radio/radio.o
                0x00002cfa                radioSetShortAddress
 .text.radioSetExtendedAddress
                0x00002d04       0x16 Radio/radio.o
                0x00002d04                radioSetExtendedAddress
 .text.radioRandom
                0x00002d1a       0x5e Radio/radio.o
                0x00002d1a                radioRandom
 .text.radioSetup900
                0x00002d78        0x2 Radio/radio.o
                0x00002d78                radioSetup900
 .text.__vector_59
                0x00002d7a       0x50 Radio/hal_avr.o
                0x00002d7a                __vector_59
 .text.__vector_60
                0x00002dca       0x50 Radio/hal_avr.o
                0x00002dca                __vector_60
 .text.__vector_63
                0x00002e1a       0x5a Radio/hal_avr.o
                0x00002e1a                __vector_63
 .text.__vector_61
                0x00002e74       0x50 Radio/hal_avr.o
                0x00002e74                __vector_61
 .text.calibrate_rc_osc
                0x00002ec4       0xea Radio/hal_avr.o
                0x00002ec4                calibrate_rc_osc
 .text.halGetEeprom
                0x00002fae       0x2a Radio/hal_avr.o
                0x00002fae                halGetEeprom
 .text.halPutEeprom
                0x00002fd8       0x2a Radio/hal_avr.o
                0x00002fd8                halPutEeprom
 .text.macInit  0x00003002       0xf6 RUM/mac.o
                0x00003002                macInit
 .text.macSetOperatingChannel
                0x000030f8        0x8 RUM/mac.o
                0x000030f8                macSetOperatingChannel
 .text.macAssociationConfirm
                0x00003100       0x14 RUM/mac_associate.o
                0x00003100                macAssociationConfirm
 .text.macAssociate
                0x00003114       0xa4 RUM/mac_associate.o
                0x00003114                macAssociate
 .text.macIsChild
                0x000031b8       0x24 RUM/mac_associate.o
                0x000031b8                macIsChild
 .text.macAddChild
                0x000031dc       0x82 RUM/mac_associate.o
                0x000031dc                macAddChild
 .text.macRemoveChild
                0x0000325e       0x36 RUM/mac_associate.o
                0x0000325e                macRemoveChild
 .text.macInitNodes
                0x00003294        0x2 RUM/mac_associate.o
                0x00003294                macInitNodes
 .text.macWakeChildNode
                0x00003296        0x2 RUM/mac_associate.o
                0x00003296                macWakeChildNode
 .text.macChildIsAwake
                0x00003298        0xa RUM/mac_associate.o
                0x00003298                macChildIsAwake
 .text.sendBeaconFrame
                0x000032a2       0x56 RUM/mac_beacon.o
                0x000032a2                sendBeaconFrame
 .text.mdr_timer
                0x000032f8        0xc RUM/mac_data.o
                0x000032f8                mdr_timer
 .text.macDataRequestInt
                0x00003304      0x106 RUM/mac_data.o
 .text.macDataRequest
                0x0000340a        0x6 RUM/mac_data.o
                0x0000340a                macDataRequest
 .text.macDataIndication
                0x00003410       0x6e RUM/mac_data.o
                0x00003410                macDataIndication
 .text.mp       0x0000347e       0x8e RUM/mac_data.o
                0x0000347e                mp
 .text.macPing  0x0000350c       0x34 RUM/mac_data.o
                0x0000350c                macPing
 .text.mac_event_pending
                0x00003540       0x12 RUM/mac_event.o
                0x00003540                mac_event_pending
 .text.mac_put_event
                0x00003552       0x58 RUM/mac_event.o
                0x00003552                mac_put_event
 .text.mac_get_event
                0x000035aa       0x3e RUM/mac_event.o
                0x000035aa                mac_get_event
 .text.macTask  0x000035e8      0x114 RUM/mac_event.o
                0x000035e8                macTask
 .text.macForwardRoutingPacket
                0x000036fc       0x98 RUM/mac_route.o
                0x000036fc                macForwardRoutingPacket
 .text.macRouteAssociateResponse
                0x00003794      0x11e RUM/mac_route.o
                0x00003794                macRouteAssociateResponse
 .text.macRouteAssociateRequest
                0x000038b2      0x142 RUM/mac_route.o
                0x000038b2                macRouteAssociateRequest
 .text.macRouteData
                0x000039f4       0xb2 RUM/mac_route.o
                0x000039f4                macRouteData
 .text.macSendRoutingPacket
                0x00003aa6        0x4 RUM/mac_route.o
                0x00003aa6                macSendRoutingPacket
 .text.store_pandescriptors
                0x00003aaa       0x4c RUM/mac_scan.o
 .text.macIsScanning
                0x00003af6        0x6 RUM/mac_scan.o
                0x00003af6                macIsScanning
 .text.mac_logPanDescriptors
                0x00003afc       0x72 RUM/mac_scan.o
                0x00003afc                mac_logPanDescriptors
 .text.mac_scanConfirm
                0x00003b6e       0x4e RUM/mac_scan.o
                0x00003b6e                mac_scanConfirm
 .text.macScan  0x00003bbc       0xb6 RUM/mac_scan.o
                0x00003bbc                macScan
 .text.macEdCallback
                0x00003c72        0x2 RUM/mac_scan.o
                0x00003c72                macEdCallback
 .text.getUniqueID
                0x00003c74       0x4e Timer/avr_timer.o
 .text.timerStart
                0x00003cc2       0x1e Timer/avr_timer.o
 .text.macSetAlarm
                0x00003ce0       0x92 Timer/avr_timer.o
                0x00003ce0                macSetAlarm
 .text.macSetLongAlarm
                0x00003d72       0x7a Timer/avr_timer.o
                0x00003d72                macSetLongAlarm
 .text.macTimerEnd
                0x00003dec       0x60 Timer/avr_timer.o
                0x00003dec                macTimerEnd
 .text.timerInit
                0x00003e4c       0x22 Timer/avr_timer.o
                0x00003e4c                timerInit
 .text.__vector_32
                0x00003e6e      0x118 Timer/avr_timer.o
                0x00003e6e                __vector_32
 .text.__vector_35
                0x00003f86       0x1e Timer/timer_enddevice.o
                0x00003f86                __vector_35
 .text.__vector_12
                0x00003fa4       0x1e Timer/timer_enddevice.o
                0x00003fa4                __vector_12
 .text.WaitForMachine
                0x00003fc2        0x8 Application/machine.o
                0x00003fc2                WaitForMachine
 .text.InitTimerZero
                0x00003fca       0x10 Application/machine.o
                0x00003fca                InitTimerZero
 .text.StopTimerZero
                0x00003fda        0x4 Application/machine.o
                0x00003fda                StopTimerZero
 .text.StartTimerZero
                0x00003fde        0xe Application/machine.o
                0x00003fde                StartTimerZero
 .text.__vector_21
                0x00003fec       0x22 Application/machine.o
                0x00003fec                __vector_21
 .text.SetDefaultMachineSetup
                0x0000400e       0x3c Application/machine.o
                0x0000400e                SetDefaultMachineSetup
 .text.get_from_circ_buf
                0x0000404a       0x24 UART/serial.o
 .text.init_rx_buf
                0x0000406e        0xa UART/serial.o
                0x0000406e                init_rx_buf
 .text.serial_init
                0x00004078       0x30 UART/serial.o
                0x00004078                serial_init
 .text.serial_putchar
                0x000040a8       0x5e UART/serial.o
                0x000040a8                serial_putchar
 .text.rx_buf_count
                0x00004106       0x18 UART/serial.o
                0x00004106                rx_buf_count
 .text.serial_getchar
                0x0000411e       0x22 UART/serial.o
                0x0000411e                serial_getchar
 .text.__vector_36
                0x00004140       0x8a UART/serial.o
                0x00004140                __vector_36
 .text.__vector_37
                0x000041ca       0x70 UART/serial.o
                0x000041ca                __vector_37
 .text.Ascii_to_nible
                0x0000423a       0x28 UART/serial.o
                0x0000423a                Ascii_to_nible
 .text.ledoff1  0x00004262        0x4 Application/application.o
                0x00004262                ledoff1
 .text.ledoff2  0x00004266        0x4 Application/application.o
                0x00004266                ledoff2
 .text.ValidationTimeout
                0x0000426a        0x8 Application/application.o
                0x0000426a                ValidationTimeout
 .text.CommTimeOut
                0x00004272       0x12 Application/application.o
                0x00004272                CommTimeOut
 .text.KeypressTimeOut
                0x00004284        0x8 Application/application.o
                0x00004284                KeypressTimeOut
 .text.SetupTimeout
                0x0000428c        0x8 Application/application.o
                0x0000428c                SetupTimeout
 .text.SetDeviceState
                0x00004294        0x8 Application/application.o
                0x00004294                SetDeviceState
 .text.appStartScan
                0x0000429c        0xa Application/application.o
                0x0000429c                appStartScan
 .text.appAssociate
                0x000042a6        0xe Application/application.o
                0x000042a6                appAssociate
 .text.appPingReq
                0x000042b4        0x8 Application/application.o
                0x000042b4                appPingReq
 .text.appPingRsp
                0x000042bc       0x10 Application/application.o
                0x000042bc                appPingRsp
 .text.appPacketSendSucceed
                0x000042cc       0x1c Application/application.o
                0x000042cc                appPacketSendSucceed
 .text.appPacketSendAccessFail
                0x000042e8        0x2 Application/application.o
                0x000042e8                appPacketSendAccessFail
 .text.appPacketSendFailed
                0x000042ea       0x8e Application/application.o
                0x000042ea                appPacketSendFailed
 .text.appDataIndication
                0x00004378       0x52 Application/application.o
                0x00004378                appDataIndication
 .text.appChildAssociated
                0x000043ca        0xe Application/application.o
                0x000043ca                appChildAssociated
 .text.appAssociateConfirm
                0x000043d8       0x1e Application/application.o
                0x000043d8                appAssociateConfirm
 .text.appScanConfirm
                0x000043f6       0x1a Application/application.o
                0x000043f6                appScanConfirm
 .text.checkEeprom
                0x00004410      0x160 Application/application.o
                0x00004410                checkEeprom
 .text.appInit  0x00004570      0x150 Application/application.o
                0x00004570                appInit
 .text.GetParam
                0x000046c0       0x68 Application/application.o
                0x000046c0                GetParam
 .text.DevicePoll
                0x00004728       0x10 Application/application.o
                0x00004728                DevicePoll
 .text.padLeft  0x00004738       0xb0 Application/application.o
                0x00004738                padLeft
 .text.APP_TaskHandler
                0x000047e8      0x6cc Application/application.o
                0x000047e8                APP_TaskHandler
 .text.avr-libc
                0x00004eb4      0x74a c:/program files (x86)/atmel/studio/7.0/toolchain/avr8/avr8-gnu-toolchain/bin/../lib/gcc/avr/4.9.2/../../../../avr/lib/avr51\libprintf_flt.a(vfprintf_flt.o)
                0x00004eb4                vfprintf
 .text.avr-libc.fplib
                0x000055fe        0xe c:/program files (x86)/atmel/studio/7.0/toolchain/avr8/avr8-gnu-toolchain/bin/../lib/gcc/avr/4.9.2/../../../../avr/lib/avr51\libm.a(addsf3.o)
                0x000055fe                __subsf3
                0x00005600                __addsf3
 .text.avr-libc.fplib
                0x0000560c       0xcc c:/program files (x86)/atmel/studio/7.0/toolchain/avr8/avr8-gnu-toolchain/bin/../lib/gcc/avr/4.9.2/../../../../avr/lib/avr51\libm.a(addsf3x.o)
                0x0000562e                __addsf3x
 .text.avr-libc.fplib
                0x000056d8        0x8 c:/program files (x86)/atmel/studio/7.0/toolchain/avr8/avr8-gnu-toolchain/bin/../lib/gcc/avr/4.9.2/../../../../avr/lib/avr51\libm.a(divsf3.o)
                0x000056d8                __divsf3
 .text.avr-libc.fplib
                0x000056e0       0xdc c:/program files (x86)/atmel/studio/7.0/toolchain/avr8/avr8-gnu-toolchain/bin/../lib/gcc/avr/4.9.2/../../../../avr/lib/avr51\libm.a(divsf3x.o)
                0x00005700                __divsf3x
                0x00005706                __divsf3_pse
 .text.avr-libc.fplib
                0x000057bc       0x5e c:/program files (x86)/atmel/studio/7.0/toolchain/avr8/avr8-gnu-toolchain/bin/../lib/gcc/avr/4.9.2/../../../../avr/lib/avr51\libm.a(fixunssfsi.o)
                0x000057bc                __fixunssfsi
 .text.avr-libc.fplib
                0x0000581a       0x7a c:/program files (x86)/atmel/studio/7.0/toolchain/avr8/avr8-gnu-toolchain/bin/../lib/gcc/avr/4.9.2/../../../../avr/lib/avr51\libm.a(floatsisf.o)
                0x0000581a                __floatunsisf
                0x0000581e                __floatsisf
 .text.avr-libc.fplib
                0x00005894        0xc c:/program files (x86)/atmel/studio/7.0/toolchain/avr8/avr8-gnu-toolchain/bin/../lib/gcc/avr/4.9.2/../../../../avr/lib/avr51\libm.a(fp_inf.o)
                0x00005894                __fp_inf
 .text.avr-libc.fplib
                0x000058a0        0x6 c:/program files (x86)/atmel/studio/7.0/toolchain/avr8/avr8-gnu-toolchain/bin/../lib/gcc/avr/4.9.2/../../../../avr/lib/avr51\libm.a(fp_nan.o)
                0x000058a0                __fp_nan
 .text.avr-libc.fplib
                0x000058a6        0xe c:/program files (x86)/atmel/studio/7.0/toolchain/avr8/avr8-gnu-toolchain/bin/../lib/gcc/avr/4.9.2/../../../../avr/lib/avr51\libm.a(fp_pscA.o)
                0x000058a6                __fp_pscA
 .text.avr-libc.fplib
                0x000058b4        0xe c:/program files (x86)/atmel/studio/7.0/toolchain/avr8/avr8-gnu-toolchain/bin/../lib/gcc/avr/4.9.2/../../../../avr/lib/avr51\libm.a(fp_pscB.o)
                0x000058b4                __fp_pscB
 .text.avr-libc.fplib
                0x000058c2       0x22 c:/program files (x86)/atmel/studio/7.0/toolchain/avr8/avr8-gnu-toolchain/bin/../lib/gcc/avr/4.9.2/../../../../avr/lib/avr51\libm.a(fp_round.o)
                0x000058c2                __fp_round
 .text.avr-libc.fplib
                0x000058e4       0x44 c:/program files (x86)/atmel/studio/7.0/toolchain/avr8/avr8-gnu-toolchain/bin/../lib/gcc/avr/4.9.2/../../../../avr/lib/avr51\libm.a(fp_split3.o)
                0x000058e4                __fp_split3
                0x000058f4                __fp_splitA
 .text.avr-libc.fplib
                0x00005928        0xe c:/program files (x86)/atmel/studio/7.0/toolchain/avr8/avr8-gnu-toolchain/bin/../lib/gcc/avr/4.9.2/../../../../avr/lib/avr51\libm.a(fp_zero.o)
                0x00005928                __fp_zero
                0x0000592a                __fp_szero
 .text.avr-libc.fplib
                0x00005936        0x8 c:/program files (x86)/atmel/studio/7.0/toolchain/avr8/avr8-gnu-toolchain/bin/../lib/gcc/avr/4.9.2/../../../../avr/lib/avr51\libm.a(mulsf3.o)
                0x00005936                __mulsf3
 .text.avr-libc.fplib
                0x0000593e       0xd2 c:/program files (x86)/atmel/studio/7.0/toolchain/avr8/avr8-gnu-toolchain/bin/../lib/gcc/avr/4.9.2/../../../../avr/lib/avr51\libm.a(mulsf3x.o)
                0x0000595c                __mulsf3x
                0x00005962                __mulsf3_pse
 .text.libgcc.div
                0x00005a10       0x28 c:/program files (x86)/atmel/studio/7.0/toolchain/avr8/avr8-gnu-toolchain/bin/../lib/gcc/avr/4.9.2/avr51\libgcc.a(_udivmodhi4.o)
                0x00005a10                __udivmodhi4
 .text.libgcc.div
                0x00005a38       0x28 c:/program files (x86)/atmel/studio/7.0/toolchain/avr8/avr8-gnu-toolchain/bin/../lib/gcc/avr/4.9.2/avr51\libgcc.a(_divmodhi4.o)
                0x00005a38                _div
                0x00005a38                __divmodhi4
 .text.libgcc.div
                0x00005a60       0x44 c:/program files (x86)/atmel/studio/7.0/toolchain/avr8/avr8-gnu-toolchain/bin/../lib/gcc/avr/4.9.2/avr51\libgcc.a(_udivmodsi4.o)
                0x00005a60                __udivmodsi4
 .text.libgcc   0x00005aa4       0x12 c:/program files (x86)/atmel/studio/7.0/toolchain/avr8/avr8-gnu-toolchain/bin/../lib/gcc/avr/4.9.2/avr51\libgcc.a(_tablejump2.o)
                0x00005aa4                __tablejump2__
 .text.libgcc.builtins
                0x00005ab6       0x3c c:/program files (x86)/atmel/studio/7.0/toolchain/avr8/avr8-gnu-toolchain/bin/../lib/gcc/avr/4.9.2/avr51\libgcc.a(_ashrdi3.o)
                0x00005ab6                __ashrdi3
                0x00005aba                __lshrdi3
 .text.avr-libc
                0x00005af2      0x25a c:/program files (x86)/atmel/studio/7.0/toolchain/avr8/avr8-gnu-toolchain/bin/../lib/gcc/avr/4.9.2/../../../../avr/lib/avr51\libc.a(malloc.o)
                0x00005af2                malloc
                0x00005c1c                free
 .text.avr-libc
                0x00005d4c       0xb4 c:/program files (x86)/atmel/studio/7.0/toolchain/avr8/avr8-gnu-toolchain/bin/../lib/gcc/avr/4.9.2/../../../../avr/lib/avr51\libc.a(rand.o)
                0x00005dde                rand_r
                0x00005de2                rand
                0x00005dea                srand
 .text.avr-libc
                0x00005e00      0x270 c:/program files (x86)/atmel/studio/7.0/toolchain/avr8/avr8-gnu-toolchain/bin/../lib/gcc/avr/4.9.2/../../../../avr/lib/avr51\libc.a(strtoul.o)
                0x00005e00                strtoul
 .text.avr-libc
                0x00006070        0x8 c:/program files (x86)/atmel/studio/7.0/toolchain/avr8/avr8-gnu-toolchain/bin/../lib/gcc/avr/4.9.2/../../../../avr/lib/avr51\libc.a(atof.o)
                0x00006070                atof
 .text.avr-libc
                0x00006078       0x3c c:/program files (x86)/atmel/studio/7.0/toolchain/avr8/avr8-gnu-toolchain/bin/../lib/gcc/avr/4.9.2/../../../../avr/lib/avr51\libc.a(atoi.o)
                0x00006078                atoi
 .text.avr-libc
                0x000060b4      0x1b0 c:/program files (x86)/atmel/studio/7.0/toolchain/avr8/avr8-gnu-toolchain/bin/../lib/gcc/avr/4.9.2/../../../../avr/lib/avr51\libc.a(ftoa_engine.o)
                0x000060b4                __ftoa_engine
 .text.avr-libc
                0x00006264       0x12 c:/program files (x86)/atmel/studio/7.0/toolchain/avr8/avr8-gnu-toolchain/bin/../lib/gcc/avr/4.9.2/../../../../avr/lib/avr51\libc.a(isspace.o)
                0x00006264                isspace
 .text.avr-libc
                0x00006276       0x16 c:/program files (x86)/atmel/studio/7.0/toolchain/avr8/avr8-gnu-toolchain/bin/../lib/gcc/avr/4.9.2/../../../../avr/lib/avr51\libc.a(strnlen_P.o)
                0x00006276                strnlen_P
 .text.avr-libc
                0x0000628c       0x1a c:/program files (x86)/atmel/studio/7.0/toolchain/avr8/avr8-gnu-toolchain/bin/../lib/gcc/avr/4.9.2/../../../../avr/lib/avr51\libc.a(memcmp.o)
                0x0000628c                memcmp
 .text.avr-libc
                0x000062a6       0x12 c:/program files (x86)/atmel/studio/7.0/toolchain/avr8/avr8-gnu-toolchain/bin/../lib/gcc/avr/4.9.2/../../../../avr/lib/avr51\libc.a(memcpy.o)
                0x000062a6                memcpy
 .text.avr-libc
                0x000062b8       0x16 c:/program files (x86)/atmel/studio/7.0/toolchain/avr8/avr8-gnu-toolchain/bin/../lib/gcc/avr/4.9.2/../../../../avr/lib/avr51\libc.a(strchr.o)
                0x000062b8                strchr
 .text.avr-libc
                0x000062ce       0x12 c:/program files (x86)/atmel/studio/7.0/toolchain/avr8/avr8-gnu-toolchain/bin/../lib/gcc/avr/4.9.2/../../../../avr/lib/avr51\libc.a(strcmp.o)
                0x000062ce                strcmp
 .text.avr-libc
                0x000062e0        0xe c:/program files (x86)/atmel/studio/7.0/toolchain/avr8/avr8-gnu-toolchain/bin/../lib/gcc/avr/4.9.2/../../../../avr/lib/avr51\libc.a(strcpy.o)
                0x000062e0                strcpy
 .text.avr-libc
                0x000062ee       0x1e c:/program files (x86)/atmel/studio/7.0/toolchain/avr8/avr8-gnu-toolchain/bin/../lib/gcc/avr/4.9.2/../../../../avr/lib/avr51\libc.a(strncpy.o)
                0x000062ee                strncpy
 .text.avr-libc
                0x0000630c       0x16 c:/program files (x86)/atmel/studio/7.0/toolchain/avr8/avr8-gnu-toolchain/bin/../lib/gcc/avr/4.9.2/../../../../avr/lib/avr51\libc.a(strnlen.o)
                0x0000630c                strnlen
 .text.avr-libc
                0x00006322       0x34 c:/program files (x86)/atmel/studio/7.0/toolchain/avr8/avr8-gnu-toolchain/bin/../lib/gcc/avr/4.9.2/../../../../avr/lib/avr51\libc.a(strstr.o)
                0x00006322                strstr
 .text.avr-libc
                0x00006356       0x10 c:/program files (x86)/atmel/studio/7.0/toolchain/avr8/avr8-gnu-toolchain/bin/../lib/gcc/avr/4.9.2/../../../../avr/lib/avr51\libc.a(mul10.o)
                0x00006356                __mulhi_const_10
 .text.avr-libc
                0x00006366       0x44 c:/program files (x86)/atmel/studio/7.0/toolchain/avr8/avr8-gnu-toolchain/bin/../lib/gcc/avr/4.9.2/../../../../avr/lib/avr51\libc.a(ultoa_ncheck.o)
                0x00006366                __ultoa_ncheck
                0x00006368                __ultoa_common
 .text.avr-libc
                0x000063aa       0x70 c:/program files (x86)/atmel/studio/7.0/toolchain/avr8/avr8-gnu-toolchain/bin/../lib/gcc/avr/4.9.2/../../../../avr/lib/avr51\libc.a(fputc.o)
                0x000063aa                fputc
 .text.avr-libc
                0x0000641a       0x60 c:/program files (x86)/atmel/studio/7.0/toolchain/avr8/avr8-gnu-toolchain/bin/../lib/gcc/avr/4.9.2/../../../../avr/lib/avr51\libc.a(sprintf.o)
                0x0000641a                sprintf
 .text.avr-libc
                0x0000647a       0xbc c:/program files (x86)/atmel/studio/7.0/toolchain/avr8/avr8-gnu-toolchain/bin/../lib/gcc/avr/4.9.2/../../../../avr/lib/avr51\libc.a(ultoa_invert.o)
                0x0000647a                __ultoa_invert
 .text.avr-libc
                0x00006536      0x2de c:/program files (x86)/atmel/studio/7.0/toolchain/avr8/avr8-gnu-toolchain/bin/../lib/gcc/avr/4.9.2/../../../../avr/lib/avr51\libc.a(strtod.o)
                0x00006536                strtod
 .text.avr-libc
                0x00006814        0x6 c:/program files (x86)/atmel/studio/7.0/toolchain/avr8/avr8-gnu-toolchain/bin/../lib/gcc/avr/4.9.2/../../../../avr/lib/avr51\libc.a(cty_isfalse.o)
                0x00006814                __ctype_isfalse
                0x00006818                __ctype_istrue
 .text.avr-libc
                0x0000681a       0x30 c:/program files (x86)/atmel/studio/7.0/toolchain/avr8/avr8-gnu-toolchain/bin/../lib/gcc/avr/4.9.2/../../../../avr/lib/avr51\libc.a(strncasecmp_P.o)
                0x0000681a                strncasecmp_P
 .text.avr-libc
                0x0000684a       0x20 c:/program files (x86)/atmel/studio/7.0/toolchain/avr8/avr8-gnu-toolchain/bin/../lib/gcc/avr/4.9.2/../../../../avr/lib/avr51\libc.a(strrev.o)
                0x0000684a                strrev
 .text.avr-libc.fplib
                0x0000686a        0xa c:/program files (x86)/atmel/studio/7.0/toolchain/avr8/avr8-gnu-toolchain/bin/../lib/gcc/avr/4.9.2/../../../../avr/lib/avr51\libc.a(cmpsf2.o)
                0x0000686a                __nesf2
                0x0000686a                __eqsf2
                0x0000686a                __cmpsf2
                0x0000686a                __ltsf2
                0x0000686a                __lesf2
 .text.avr-libc.fplib
                0x00006874       0x48 c:/program files (x86)/atmel/studio/7.0/toolchain/avr8/avr8-gnu-toolchain/bin/../lib/gcc/avr/4.9.2/../../../../avr/lib/avr51\libc.a(fp_cmp.o)
                0x00006874                __fp_cmp
 .text.avr-libc
                0x000068bc       0x20 C:/Program Files (x86)/Atmel/Studio/7.0/Packs/atmel/ATmega_DFP/1.1.130/gcc/dev/atmega128rfa1/avr51\libatmega128rfa1.a(eerd_block.o)
                0x000068bc                eeprom_read_block
                0x000068c0                eeprom_read_blraw
 .text.avr-libc
                0x000068dc       0x24 C:/Program Files (x86)/Atmel/Studio/7.0/Packs/atmel/ATmega_DFP/1.1.130/gcc/dev/atmega128rfa1/avr51\libatmega128rfa1.a(eeupd_byte.o)
                0x000068dc                eeprom_update_byte
                0x000068de                eeprom_update_r18
 .text.avr-libc
                0x00006900       0x14 C:/Program Files (x86)/Atmel/Studio/7.0/Packs/atmel/ATmega_DFP/1.1.130/gcc/dev/atmega128rfa1/avr51\libatmega128rfa1.a(eewr_block.o)
                0x00006900                eeprom_write_block
 .text.avr-libc
                0x00006914       0x1c C:/Program Files (x86)/Atmel/Studio/7.0/Packs/atmel/ATmega_DFP/1.1.130/gcc/dev/atmega128rfa1/avr51\libatmega128rfa1.a(eewr_byte.o)
                0x00006914                eeprom_write_byte
                0x00006916                eeprom_write_r18
 .text.libgcc.mul
                0x00006930       0x20 c:/program files (x86)/atmel/studio/7.0/toolchain/avr8/avr8-gnu-toolchain/bin/../lib/gcc/avr/4.9.2/avr51\libgcc.a(_mulsi3.o)
                0x00006930                __mulsi3
 .text.libgcc.div
                0x00006950       0x2e c:/program files (x86)/atmel/studio/7.0/toolchain/avr8/avr8-gnu-toolchain/bin/../lib/gcc/avr/4.9.2/avr51\libgcc.a(_divmodsi4.o)
                0x00006950                __divmodsi4
 .text.libgcc.div
                0x0000697e       0x10 c:/program files (x86)/atmel/studio/7.0/toolchain/avr8/avr8-gnu-toolchain/bin/../lib/gcc/avr/4.9.2/avr51\libgcc.a(_negsi2.o)
                0x0000697e                __negsi2
 .text.libgcc.mul
                0x0000698e       0x16 c:/program files (x86)/atmel/studio/7.0/toolchain/avr8/avr8-gnu-toolchain/bin/../lib/gcc/avr/4.9.2/avr51\libgcc.a(_muluhisi3.o)
                0x0000698e                __muluhisi3
 .text.libgcc.mul
                0x000069a4       0x10 c:/program files (x86)/atmel/studio/7.0/toolchain/avr8/avr8-gnu-toolchain/bin/../lib/gcc/avr/4.9.2/avr51\libgcc.a(_mulshisi3.o)
                0x000069a4                __mulshisi3
                0x000069aa                __mulohisi3
 .text.libgcc.mul
                0x000069b4       0x1e c:/program files (x86)/atmel/studio/7.0/toolchain/avr8/avr8-gnu-toolchain/bin/../lib/gcc/avr/4.9.2/avr51\libgcc.a(_umulhisi3.o)
                0x000069b4                __umulhisi3
                0x000069d2                . = ALIGN (0x2)
 *(.fini9)
 .fini9         0x000069d2        0x0 c:/program files (x86)/atmel/studio/7.0/toolchain/avr8/avr8-gnu-toolchain/bin/../lib/gcc/avr/4.9.2/avr51\libgcc.a(_exit.o)
                0x000069d2                _exit
                0x000069d2                exit
 *(.fini9)
 *(.fini8)
 *(.fini8)
 *(.fini7)
 *(.fini7)
 *(.fini6)
 *(.fini6)
 *(.fini5)
 *(.fini5)
 *(.fini4)
 *(.fini4)
 *(.fini3)
 *(.fini3)
 *(.fini2)
 *(.fini2)
 *(.fini1)
 *(.fini1)
 *(.fini0)
 .fini0         0x000069d2        0x4 c:/program files (x86)/atmel/studio/7.0/toolchain/avr8/avr8-gnu-toolchain/bin/../lib/gcc/avr/4.9.2/avr51\libgcc.a(_exit.o)
 *(.fini0)
                0x000069d6                _etext = .

.data           0x00800200      0x374 load address 0x000069d6
                0x00800200                PROVIDE (__data_start, .)
 *(.data)
 .data          0x00800200        0x6 c:/program files (x86)/atmel/studio/7.0/toolchain/avr8/avr8-gnu-toolchain/bin/../lib/gcc/avr/4.9.2/../../../../avr/lib/avr51\libc.a(malloc.o)
                0x00800200                __malloc_heap_end
                0x00800202                __malloc_heap_start
                0x00800204                __malloc_margin
 .data          0x00800206        0x4 c:/program files (x86)/atmel/studio/7.0/toolchain/avr8/avr8-gnu-toolchain/bin/../lib/gcc/avr/4.9.2/../../../../avr/lib/avr51\libc.a(rand.o)
 *(.data*)
 .data.msgNumber
                0x0080020a       0x11 Application/display.o
                0x0080020a                msgNumber
 .data.scanChannel
                0x0080021b        0x1 RUM/mac_scan.o
                0x0080021b                scanChannel
 .data.secondTimer
                0x0080021c        0x2 Timer/avr_timer.o
 .data.uiFunctionEntered
                0x0080021e        0x2 Application/application.o
                0x0080021e                uiFunctionEntered
 .data.SETUP_TIMEOUT
                0x00800220        0x1 Application/application.o
                0x00800220                SETUP_TIMEOUT
 *(.rodata)
 .rodata        0x00800221        0x8 Application/BowComm.o
 .rodata        0x00800229        0x8 Application/SpeedQueen.o
 .rodata        0x00800231        0x6 Application/application.o
 *(.rodata*)
 .rodata.str1.1
                0x00800237      0x2a7 Application/BowComm.o
                                0x2a9 (size before relaxing)
 .rodata.CSWTCH.23
                0x008004de       0x10 mifare/Mifare.o
 .rodata.CSWTCH.22
                0x008004ee       0x10 mifare/Mifare.o
 .rodata.CSWTCH.21
                0x008004fe       0x10 mifare/Mifare.o
 .rodata.CSWTCH.20
                0x0080050e       0x20 mifare/Mifare.o
 .rodata.str1.1
                0x0080052e       0x45 Application/application.o
                                 0x4c (size before relaxing)
 *(.gnu.linkonce.d*)
                0x00800574                . = ALIGN (0x2)
 *fill*         0x00800573        0x1 
                0x00800574                _edata = .
                0x00800574                PROVIDE (__data_end, .)

.bss            0x00800574      0x74c
                0x00800574                PROVIDE (__bss_start, .)
 *(.bss)
 *(.bss*)
 .bss.oLTTimerId.3903
                0x00800574        0x1 Application/BowComm.o
 .bss.MpIsrInfo
                0x00800575        0x2 mifare/Mifare.o
                0x00800575                MpIsrInfo
 .bss.radio_part_number.3586
                0x00800577        0x1 Radio/radio.o
 .bss.rssi_val  0x00800578        0x1 Radio/radio.o
 .bss.once.3484
                0x00800579        0x1 Radio/hal_avr.o
 .bss.childNodes
                0x0080057a      0x12c RUM/mac_associate.o
 .bss.associationTimer
                0x008006a6        0x1 RUM/mac_associate.o
 .bss.pingType  0x008006a7        0x2 RUM/mac_data.o
 .bss.pingAddr  0x008006a9        0x2 RUM/mac_data.o
 .bss.scanInProcess
                0x008006ab        0x1 RUM/mac_scan.o
 .bss.currentTimerID.3609
                0x008006ac        0x1 Timer/avr_timer.o
 .bss.tickTimer
                0x008006ad        0x2 Timer/avr_timer.o
 .bss.timerRunning
                0x008006af        0x1 Timer/avr_timer.o
 .bss.longTimerEvents
                0x008006b0       0x64 Timer/avr_timer.o
 .bss.timerEvents
                0x00800714       0x64 Timer/avr_timer.o
 .bss.WDTFlag   0x00800778        0x1 Timer/timer_enddevice.o
                0x00800778                WDTFlag
 .bss.GenericTimerFlag
                0x00800779        0x1 Timer/timer_enddevice.o
                0x00800779                GenericTimerFlag
 .bss.pause     0x0080077a        0x1 UART/serial.o
 .bss.rx        0x0080077b        0x1 UART/serial.o
 .bss.rx_handler
                0x0080077c        0x2 UART/serial.o
 .bss.rxbuf     0x0080077e       0x82 UART/serial.o
 .bss.txbuf     0x00800800       0x82 UART/serial.o
 .bss.Len.4499  0x00800882        0x1 Application/application.o
 .bss.ucDataLength.4399
                0x00800883        0x1 Application/application.o
 .bss.failCount
                0x00800884        0x1 Application/application.o
 .bss.VALIDATION_TIMEOUT
                0x00800885        0x1 Application/application.o
                0x00800885                VALIDATION_TIMEOUT
 .bss.KPTOFlag  0x00800886        0x1 Application/application.o
                0x00800886                KPTOFlag
 .bss.TOFlag    0x00800887        0x1 Application/application.o
                0x00800887                TOFlag
 *(COMMON)
 COMMON         0x00800888      0x11d Application/BowComm.o
                0x00800888                CurrentAccount
                0x00800892                ucNumberOfRetry
                0x00800893                ReaderStateFlag
                0x00800895                OP
                0x00800896                ucDeviceStateFlag
                0x00800897                ReaderSetup
                0x008008df                timeout
                0x008008e0                ucSendDataBuffer
                0x008009a0                deviceStatus
                0x008009a3                ucSendDataSize
                0x008009a4                deviceFlag
 COMMON         0x008009a5       0x79 Application/display.o
                0x008009a5                MdcAuditData
                0x008009ca                MachineSetupData
                0x00800a0e                ucMachineWait
                0x00800a0f                ucCardStatus
                0x00800a10                MdcStatus
 COMMON         0x00800a1e       0x1c mifare/Mifare.o
                0x00800a1e                SerBuffer
                0x00800a32                MInfo
 COMMON         0x00800a3a      0x11d RUM/mac.o
                0x00800a3a                mac_buffer_rx
                0x00800abc                mac_buffer_tx
                0x00800b3e                macConfig
 COMMON         0x00800b57       0x5c RUM/mac_event.o
                0x00800b57                event_queue
 COMMON         0x00800bb3       0x16 RUM/mac_scan.o
                0x00800bb3                panDescriptor
 COMMON         0x00800bc9        0xb Application/machine.o
                0x00800bc9                cardId
                0x00800bcb                ucTopOffTime
                0x00800bcc                ucCardErrorCode
                0x00800bcd                ucTimerCount
                0x00800bce                vendPrice
                0x00800bd2                ucCardBalance
 COMMON         0x00800bd4       0xe6 Application/application.o
                0x00800bd4                ParamStr
                0x00800c38                INSUFFCIENT_FUNDS
                0x00800c39                DataBuffer
                0x00800cb9                gotPanCoordPing
 COMMON         0x00800cba        0x4 c:/program files (x86)/atmel/studio/7.0/toolchain/avr8/avr8-gnu-toolchain/bin/../lib/gcc/avr/4.9.2/../../../../avr/lib/avr51\libc.a(malloc.o)
                0x00800cba                __brkval
                0x00800cbc                __flp
 COMMON         0x00800cbe        0x2 c:/program files (x86)/atmel/studio/7.0/toolchain/avr8/avr8-gnu-toolchain/bin/../lib/gcc/avr/4.9.2/../../../../avr/lib/avr51\libc.a(errno.o)
                0x00800cbe                errno
                0x00800cc0                PROVIDE (__bss_end, .)
                0x000069d6                __data_load_start = LOADADDR (.data)
                0x00006d4a                __data_load_end = (__data_load_start + SIZEOF (.data))

.noinit         0x00800cc0        0x0
                [!provide]                PROVIDE (__noinit_start, .)
 *(.noinit*)
                [!provide]                PROVIDE (__noinit_end, .)
                0x00800cc0                _end = .
                0x00800cc0                PROVIDE (__heap_start, .)

.eeprom         0x00810000        0x0
 *(.eeprom*)
                0x00810000                __eeprom_end = .

.fuse
 *(.fuse)
 *(.lfuse)
 *(.hfuse)
 *(.efuse)

.lock
 *(.lock*)

.signature
 *(.signature*)

.user_signatures
 *(.user_signatures*)

.stab
 *(.stab)

.stabstr
 *(.stabstr)

.stab.excl
 *(.stab.excl)

.stab.exclstr
 *(.stab.exclstr)

.stab.index
 *(.stab.index)

.stab.indexstr
 *(.stab.indexstr)

.comment        0x00000000       0x5c
 *(.comment)
 .comment       0x00000000       0x30 Application/BowComm.o
                                 0x31 (size before relaxing)
 .comment       0x00000030       0x31 Application/display.o
 .comment       0x00000030       0x31 Application/reader.o
 .comment       0x00000030       0x31 Application/SpeedQueen.o
 .comment       0x00000030       0x31 mifare/Mifare.o
 .comment       0x00000030       0x31 mifare/RegCtrl.o
 .comment       0x00000030       0x31 SPI/spi.o
 .comment       0x00000030       0x31 main.o
 .comment       0x00000030       0x31 Application/sleep.o
 .comment       0x00000030       0x31 Radio/radio.o
 .comment       0x00000030       0x31 Radio/hal_avr.o
 .comment       0x00000030       0x31 RUM/mac.o
 .comment       0x00000030       0x31 RUM/mac_associate.o
 .comment       0x00000030       0x31 RUM/mac_beacon.o
 .comment       0x00000030       0x31 RUM/mac_data.o
 .comment       0x00000030       0x31 RUM/mac_event.o
 .comment       0x00000030       0x31 RUM/mac_route.o
 .comment       0x00000030       0x31 RUM/mac_scan.o
 .comment       0x00000030       0x31 Timer/avr_timer.o
 .comment       0x00000030       0x31 Timer/timer_enddevice.o
 .comment       0x00000030       0x31 Application/machine.o
 .comment       0x00000030       0x31 UART/serial.o
 .comment       0x00000030       0x31 Application/application.o
 .comment       0x00000030       0x2c c:/program files (x86)/atmel/studio/7.0/toolchain/avr8/avr8-gnu-toolchain/bin/../lib/gcc/avr/4.9.2/../../../../avr/lib/avr51\libprintf_flt.a(vfprintf_flt.o)
                                 0x2d (size before relaxing)
 .comment       0x0000005c       0x31 c:/program files (x86)/atmel/studio/7.0/toolchain/avr8/avr8-gnu-toolchain/bin/../lib/gcc/avr/4.9.2/../../../../avr/lib/avr51\libc.a(malloc.o)
 .comment       0x0000005c       0x31 c:/program files (x86)/atmel/studio/7.0/toolchain/avr8/avr8-gnu-toolchain/bin/../lib/gcc/avr/4.9.2/../../../../avr/lib/avr51\libc.a(rand.o)
 .comment       0x0000005c       0x31 c:/program files (x86)/atmel/studio/7.0/toolchain/avr8/avr8-gnu-toolchain/bin/../lib/gcc/avr/4.9.2/../../../../avr/lib/avr51\libc.a(strtoul.o)
 .comment       0x0000005c       0x31 c:/program files (x86)/atmel/studio/7.0/toolchain/avr8/avr8-gnu-toolchain/bin/../lib/gcc/avr/4.9.2/../../../../avr/lib/avr51\libc.a(fputc.o)
 .comment       0x0000005c       0x31 c:/program files (x86)/atmel/studio/7.0/toolchain/avr8/avr8-gnu-toolchain/bin/../lib/gcc/avr/4.9.2/../../../../avr/lib/avr51\libc.a(sprintf.o)
 .comment       0x0000005c       0x2d c:/program files (x86)/atmel/studio/7.0/toolchain/avr8/avr8-gnu-toolchain/bin/../lib/gcc/avr/4.9.2/../../../../avr/lib/avr51\libc.a(errno.o)
 .comment       0x0000005c       0x31 c:/program files (x86)/atmel/studio/7.0/toolchain/avr8/avr8-gnu-toolchain/bin/../lib/gcc/avr/4.9.2/../../../../avr/lib/avr51\libc.a(strtod.o)

.note.gnu.avr.deviceinfo
                0x00000000       0x40
 .note.gnu.avr.deviceinfo
                0x00000000       0x40 C:/Program Files (x86)/Atmel/Studio/7.0/Packs/atmel/ATmega_DFP/1.1.130/gcc/dev/atmega128rfa1/avr51/crtatmega128rfa1.o

.note.gnu.build-id
 *(.note.gnu.build-id)

.debug
 *(.debug)

.line
 *(.line)

.debug_srcinfo
 *(.debug_srcinfo)

.debug_sfnames
 *(.debug_sfnames)

.debug_aranges  0x00000000      0xb28
 *(.debug_aranges)
 .debug_aranges
                0x00000000       0x88 Application/BowComm.o
 .debug_aranges
                0x00000088       0x28 Application/display.o
 .debug_aranges
                0x000000b0       0x40 Application/reader.o
 .debug_aranges
                0x000000f0      0x110 Application/SpeedQueen.o
 .debug_aranges
                0x00000200       0x98 mifare/Mifare.o
 .debug_aranges
                0x00000298       0x40 mifare/RegCtrl.o
 .debug_aranges
                0x000002d8       0x48 SPI/spi.o
 .debug_aranges
                0x00000320       0x28 main.o
 .debug_aranges
                0x00000348       0x20 Application/sleep.o
 .debug_aranges
                0x00000368      0x100 Radio/radio.o
 .debug_aranges
                0x00000468       0x60 Radio/hal_avr.o
 .debug_aranges
                0x000004c8       0x28 RUM/mac.o
 .debug_aranges
                0x000004f0       0xf0 RUM/mac_associate.o
 .debug_aranges
                0x000005e0       0x20 RUM/mac_beacon.o
 .debug_aranges
                0x00000600       0x70 RUM/mac_data.o
 .debug_aranges
                0x00000670       0x38 RUM/mac_event.o
 .debug_aranges
                0x000006a8       0x48 RUM/mac_route.o
 .debug_aranges
                0x000006f0       0x60 RUM/mac_scan.o
 .debug_aranges
                0x00000750       0x58 Timer/avr_timer.o
 .debug_aranges
                0x000007a8       0x68 Timer/timer_enddevice.o
 .debug_aranges
                0x00000810       0x70 Application/machine.o
 .debug_aranges
                0x00000880       0xd8 UART/serial.o
 .debug_aranges
                0x00000958      0x150 Application/application.o
 .debug_aranges
                0x00000aa8       0x20 C:/Program Files (x86)/Atmel/Studio/7.0/Packs/atmel/ATmega_DFP/1.1.130/gcc/dev/atmega128rfa1/avr51\libatmega128rfa1.a(eerd_block.o)
 .debug_aranges
                0x00000ac8       0x20 C:/Program Files (x86)/Atmel/Studio/7.0/Packs/atmel/ATmega_DFP/1.1.130/gcc/dev/atmega128rfa1/avr51\libatmega128rfa1.a(eeupd_byte.o)
 .debug_aranges
                0x00000ae8       0x20 C:/Program Files (x86)/Atmel/Studio/7.0/Packs/atmel/ATmega_DFP/1.1.130/gcc/dev/atmega128rfa1/avr51\libatmega128rfa1.a(eewr_block.o)
 .debug_aranges
                0x00000b08       0x20 C:/Program Files (x86)/Atmel/Studio/7.0/Packs/atmel/ATmega_DFP/1.1.130/gcc/dev/atmega128rfa1/avr51\libatmega128rfa1.a(eewr_byte.o)

.debug_pubnames
 *(.debug_pubnames)

.debug_info     0x00000000    0x110b8
 *(.debug_info .gnu.linkonce.wi.*)
 .debug_info    0x00000000     0x1160 C:/Program Files (x86)/Atmel/Studio/7.0/Packs/atmel/ATmega_DFP/1.1.130/gcc/dev/atmega128rfa1/avr51/crtatmega128rfa1.o
 .debug_info    0x00001160     0x1709 Application/BowComm.o
 .debug_info    0x00002869      0x743 Application/display.o
 .debug_info    0x00002fac      0xf8c Application/reader.o
 .debug_info    0x00003f38     0x160a Application/SpeedQueen.o
 .debug_info    0x00005542     0x12ab mifare/Mifare.o
 .debug_info    0x000067ed      0x28d mifare/RegCtrl.o
 .debug_info    0x00006a7a      0x1aa SPI/spi.o
 .debug_info    0x00006c24      0x7ba main.o
 .debug_info    0x000073de      0x143 Application/sleep.o
 .debug_info    0x00007521      0xfb8 Radio/radio.o
 .debug_info    0x000084d9      0x515 Radio/hal_avr.o
 .debug_info    0x000089ee      0x534 RUM/mac.o
 .debug_info    0x00008f22      0xd3b RUM/mac_associate.o
 .debug_info    0x00009c5d      0x339 RUM/mac_beacon.o
 .debug_info    0x00009f96      0xa04 RUM/mac_data.o
 .debug_info    0x0000a99a      0x88d RUM/mac_event.o
 .debug_info    0x0000b227      0x8d9 RUM/mac_route.o
 .debug_info    0x0000bb00      0x8c8 RUM/mac_scan.o
 .debug_info    0x0000c3c8      0x4aa Timer/avr_timer.o
 .debug_info    0x0000c872      0x29d Timer/timer_enddevice.o
 .debug_info    0x0000cb0f      0xdeb Application/machine.o
 .debug_info    0x0000d8fa      0xaf0 UART/serial.o
 .debug_info    0x0000e3ea     0x2a0b Application/application.o
 .debug_info    0x00010df5       0xb1 C:/Program Files (x86)/Atmel/Studio/7.0/Packs/atmel/ATmega_DFP/1.1.130/gcc/dev/atmega128rfa1/avr51\libatmega128rfa1.a(eerd_block.o)
 .debug_info    0x00010ea6       0xb1 C:/Program Files (x86)/Atmel/Studio/7.0/Packs/atmel/ATmega_DFP/1.1.130/gcc/dev/atmega128rfa1/avr51\libatmega128rfa1.a(eeupd_byte.o)
 .debug_info    0x00010f57       0xb1 C:/Program Files (x86)/Atmel/Studio/7.0/Packs/atmel/ATmega_DFP/1.1.130/gcc/dev/atmega128rfa1/avr51\libatmega128rfa1.a(eewr_block.o)
 .debug_info    0x00011008       0xb0 C:/Program Files (x86)/Atmel/Studio/7.0/Packs/atmel/ATmega_DFP/1.1.130/gcc/dev/atmega128rfa1/avr51\libatmega128rfa1.a(eewr_byte.o)

.debug_abbrev   0x00000000     0x48e2
 *(.debug_abbrev)
 .debug_abbrev  0x00000000     0x1072 C:/Program Files (x86)/Atmel/Studio/7.0/Packs/atmel/ATmega_DFP/1.1.130/gcc/dev/atmega128rfa1/avr51/crtatmega128rfa1.o
 .debug_abbrev  0x00001072      0x39f Application/BowComm.o
 .debug_abbrev  0x00001411      0x151 Application/display.o
 .debug_abbrev  0x00001562      0x213 Application/reader.o
 .debug_abbrev  0x00001775      0x40c Application/SpeedQueen.o
 .debug_abbrev  0x00001b81      0x296 mifare/Mifare.o
 .debug_abbrev  0x00001e17      0x16c mifare/RegCtrl.o
 .debug_abbrev  0x00001f83       0xfb SPI/spi.o
 .debug_abbrev  0x0000207e      0x1d6 main.o
 .debug_abbrev  0x00002254       0xa6 Application/sleep.o
 .debug_abbrev  0x000022fa      0x464 Radio/radio.o
 .debug_abbrev  0x0000275e      0x1ef Radio/hal_avr.o
 .debug_abbrev  0x0000294d      0x1bd RUM/mac.o
 .debug_abbrev  0x00002b0a      0x2d6 RUM/mac_associate.o
 .debug_abbrev  0x00002de0      0x129 RUM/mac_beacon.o
 .debug_abbrev  0x00002f09      0x319 RUM/mac_data.o
 .debug_abbrev  0x00003222      0x22f RUM/mac_event.o
 .debug_abbrev  0x00003451      0x208 RUM/mac_route.o
 .debug_abbrev  0x00003659      0x2f2 RUM/mac_scan.o
 .debug_abbrev  0x0000394b      0x238 Timer/avr_timer.o
 .debug_abbrev  0x00003b83      0x164 Timer/timer_enddevice.o
 .debug_abbrev  0x00003ce7      0x2fc Application/machine.o
 .debug_abbrev  0x00003fe3      0x3b8 UART/serial.o
 .debug_abbrev  0x0000439b      0x4f7 Application/application.o
 .debug_abbrev  0x00004892       0x14 C:/Program Files (x86)/Atmel/Studio/7.0/Packs/atmel/ATmega_DFP/1.1.130/gcc/dev/atmega128rfa1/avr51\libatmega128rfa1.a(eerd_block.o)
 .debug_abbrev  0x000048a6       0x14 C:/Program Files (x86)/Atmel/Studio/7.0/Packs/atmel/ATmega_DFP/1.1.130/gcc/dev/atmega128rfa1/avr51\libatmega128rfa1.a(eeupd_byte.o)
 .debug_abbrev  0x000048ba       0x14 C:/Program Files (x86)/Atmel/Studio/7.0/Packs/atmel/ATmega_DFP/1.1.130/gcc/dev/atmega128rfa1/avr51\libatmega128rfa1.a(eewr_block.o)
 .debug_abbrev  0x000048ce       0x14 C:/Program Files (x86)/Atmel/Studio/7.0/Packs/atmel/ATmega_DFP/1.1.130/gcc/dev/atmega128rfa1/avr51\libatmega128rfa1.a(eewr_byte.o)

.debug_line     0x00000000     0xadd8
 *(.debug_line .debug_line.* .debug_line_end)
 .debug_line    0x00000000      0x247 C:/Program Files (x86)/Atmel/Studio/7.0/Packs/atmel/ATmega_DFP/1.1.130/gcc/dev/atmega128rfa1/avr51/crtatmega128rfa1.o
 .debug_line    0x00000247      0x948 Application/BowComm.o
 .debug_line    0x00000b8f      0x426 Application/display.o
 .debug_line    0x00000fb5      0x625 Application/reader.o
 .debug_line    0x000015da     0x1372 Application/SpeedQueen.o
 .debug_line    0x0000294c      0xb6a mifare/Mifare.o
 .debug_line    0x000034b6      0x333 mifare/RegCtrl.o
 .debug_line    0x000037e9      0x31b SPI/spi.o
 .debug_line    0x00003b04      0x578 main.o
 .debug_line    0x0000407c      0x3ea Application/sleep.o
 .debug_line    0x00004466      0xb59 Radio/radio.o
 .debug_line    0x00004fbf      0x5d7 Radio/hal_avr.o
 .debug_line    0x00005596      0x4a2 RUM/mac.o
 .debug_line    0x00005a38      0x76a RUM/mac_associate.o
 .debug_line    0x000061a2      0x417 RUM/mac_beacon.o
 .debug_line    0x000065b9      0x5df RUM/mac_data.o
 .debug_line    0x00006b98      0x59a RUM/mac_event.o
 .debug_line    0x00007132      0x5ea RUM/mac_route.o
 .debug_line    0x0000771c      0x5e0 RUM/mac_scan.o
 .debug_line    0x00007cfc      0x667 Timer/avr_timer.o
 .debug_line    0x00008363      0x571 Timer/timer_enddevice.o
 .debug_line    0x000088d4      0x8f2 Application/machine.o
 .debug_line    0x000091c6      0x855 UART/serial.o
 .debug_line    0x00009a1b     0x113e Application/application.o
 .debug_line    0x0000ab59       0xab C:/Program Files (x86)/Atmel/Studio/7.0/Packs/atmel/ATmega_DFP/1.1.130/gcc/dev/atmega128rfa1/avr51\libatmega128rfa1.a(eerd_block.o)
 .debug_line    0x0000ac04       0xb6 C:/Program Files (x86)/Atmel/Studio/7.0/Packs/atmel/ATmega_DFP/1.1.130/gcc/dev/atmega128rfa1/avr51\libatmega128rfa1.a(eeupd_byte.o)
 .debug_line    0x0000acba       0x80 C:/Program Files (x86)/Atmel/Studio/7.0/Packs/atmel/ATmega_DFP/1.1.130/gcc/dev/atmega128rfa1/avr51\libatmega128rfa1.a(eewr_block.o)
 .debug_line    0x0000ad3a       0x9e C:/Program Files (x86)/Atmel/Studio/7.0/Packs/atmel/ATmega_DFP/1.1.130/gcc/dev/atmega128rfa1/avr51\libatmega128rfa1.a(eewr_byte.o)

.debug_frame    0x00000000     0x1e24
 *(.debug_frame)
 .debug_frame   0x00000000      0x2c4 Application/BowComm.o
 .debug_frame   0x000002c4       0x3c Application/display.o
 .debug_frame   0x00000300       0x84 Application/reader.o
 .debug_frame   0x00000384      0x3bc Application/SpeedQueen.o
 .debug_frame   0x00000740      0x280 mifare/Mifare.o
 .debug_frame   0x000009c0       0x98 mifare/RegCtrl.o
 .debug_frame   0x00000a58       0x84 SPI/spi.o
 .debug_frame   0x00000adc       0x34 main.o
 .debug_frame   0x00000b10       0x24 Application/sleep.o
 .debug_frame   0x00000b34      0x24c Radio/radio.o
 .debug_frame   0x00000d80      0x214 Radio/hal_avr.o
 .debug_frame   0x00000f94       0x4c RUM/mac.o
 .debug_frame   0x00000fe0      0x1d0 RUM/mac_associate.o
 .debug_frame   0x000011b0       0x24 RUM/mac_beacon.o
 .debug_frame   0x000011d4      0x110 RUM/mac_data.o
 .debug_frame   0x000012e4       0x78 RUM/mac_event.o
 .debug_frame   0x0000135c       0x84 RUM/mac_route.o
 .debug_frame   0x000013e0       0xc0 RUM/mac_scan.o
 .debug_frame   0x000014a0      0x144 Timer/avr_timer.o
 .debug_frame   0x000015e4       0xe8 Timer/timer_enddevice.o
 .debug_frame   0x000016cc      0x12c Application/machine.o
 .debug_frame   0x000017f8      0x268 UART/serial.o
 .debug_frame   0x00001a60      0x3c4 Application/application.o

.debug_str      0x00000000    0x21bda
 *(.debug_str)
 .debug_str     0x00000000      0x6de C:/Program Files (x86)/Atmel/Studio/7.0/Packs/atmel/ATmega_DFP/1.1.130/gcc/dev/atmega128rfa1/avr51/crtatmega128rfa1.o
 .debug_str     0x000006de    0x19acf Application/BowComm.o
                              0x19d8c (size before relaxing)
 .debug_str     0x0001a1ad     0x118f Application/display.o
                              0x171ba (size before relaxing)
 .debug_str     0x0001b33c       0x91 Application/reader.o
                              0x17c1f (size before relaxing)
 .debug_str     0x0001b3cd      0x2dd Application/SpeedQueen.o
                              0x1a73e (size before relaxing)
 .debug_str     0x0001b6aa     0x1fbc mifare/Mifare.o
                               0x4ffd (size before relaxing)
 .debug_str     0x0001d666      0x140 mifare/RegCtrl.o
                               0xe488 (size before relaxing)
 .debug_str     0x0001d7a6       0x7c SPI/spi.o
                               0xd54d (size before relaxing)
 .debug_str     0x0001d822      0x2c8 main.o
                              0x1c12d (size before relaxing)
 .debug_str     0x0001daea      0x26d Application/sleep.o
                              0x18f99 (size before relaxing)
 .debug_str     0x0001dd57      0x78f Radio/radio.o
                              0x16663 (size before relaxing)
 .debug_str     0x0001e4e6      0x20e Radio/hal_avr.o
                              0x1617f (size before relaxing)
 .debug_str     0x0001e6f4       0x47 RUM/mac.o
                              0x16290 (size before relaxing)
 .debug_str     0x0001e73b      0x331 RUM/mac_associate.o
                              0x163c3 (size before relaxing)
 .debug_str     0x0001ea6c       0x88 RUM/mac_beacon.o
                              0x16053 (size before relaxing)
 .debug_str     0x0001eaf4      0x17e RUM/mac_data.o
                              0x16247 (size before relaxing)
 .debug_str     0x0001ec72      0x12f RUM/mac_event.o
                              0x163bb (size before relaxing)
 .debug_str     0x0001eda1       0x57 RUM/mac_route.o
                              0x161b8 (size before relaxing)
 .debug_str     0x0001edf8      0x2c7 RUM/mac_scan.o
                              0x163a4 (size before relaxing)
 .debug_str     0x0001f0bf      0x124 Timer/avr_timer.o
                              0x161fa (size before relaxing)
 .debug_str     0x0001f1e3      0x871 Timer/timer_enddevice.o
                              0x18aea (size before relaxing)
 .debug_str     0x0001fa54      0x101 Application/machine.o
                              0x1b07b (size before relaxing)
 .debug_str     0x0001fb55      0x318 UART/serial.o
                              0x18ef0 (size before relaxing)
 .debug_str     0x0001fe6d     0x1d6d Application/application.o
                              0x1f01a (size before relaxing)

.debug_loc      0x00000000     0x6839
 *(.debug_loc)
 .debug_loc     0x00000000      0x9b3 Application/BowComm.o
 .debug_loc     0x000009b3       0x8e Application/display.o
 .debug_loc     0x00000a41       0xfd Application/reader.o
 .debug_loc     0x00000b3e      0xbb8 Application/SpeedQueen.o
 .debug_loc     0x000016f6     0x1553 mifare/Mifare.o
 .debug_loc     0x00002c49      0x2b6 mifare/RegCtrl.o
 .debug_loc     0x00002eff       0xae SPI/spi.o
 .debug_loc     0x00002fad      0x826 Radio/radio.o
 .debug_loc     0x000037d3      0x6be Radio/hal_avr.o
 .debug_loc     0x00003e91       0xa1 RUM/mac.o
 .debug_loc     0x00003f32      0x3dd RUM/mac_associate.o
 .debug_loc     0x0000430f       0x18 RUM/mac_beacon.o
 .debug_loc     0x00004327      0x3e5 RUM/mac_data.o
 .debug_loc     0x0000470c      0x24d RUM/mac_event.o
 .debug_loc     0x00004959      0x113 RUM/mac_route.o
 .debug_loc     0x00004a6c       0xe4 RUM/mac_scan.o
 .debug_loc     0x00004b50      0x57e Timer/avr_timer.o
 .debug_loc     0x000050ce      0x141 Timer/timer_enddevice.o
 .debug_loc     0x0000520f      0x34e Application/machine.o
 .debug_loc     0x0000555d      0x6a4 UART/serial.o
 .debug_loc     0x00005c01      0xc38 Application/application.o

.debug_macinfo
 *(.debug_macinfo)

.debug_weaknames
 *(.debug_weaknames)

.debug_funcnames
 *(.debug_funcnames)

.debug_typenames
 *(.debug_typenames)

.debug_varnames
 *(.debug_varnames)

.debug_pubtypes
 *(.debug_pubtypes)

.debug_ranges   0x00000000      0x998
 *(.debug_ranges)
 .debug_ranges  0x00000000       0x78 Application/BowComm.o
 .debug_ranges  0x00000078       0x18 Application/display.o
 .debug_ranges  0x00000090       0x30 Application/reader.o
 .debug_ranges  0x000000c0      0x100 Application/SpeedQueen.o
 .debug_ranges  0x000001c0       0x88 mifare/Mifare.o
 .debug_ranges  0x00000248       0x30 mifare/RegCtrl.o
 .debug_ranges  0x00000278       0x38 SPI/spi.o
 .debug_ranges  0x000002b0       0x18 main.o
 .debug_ranges  0x000002c8       0x10 Application/sleep.o
 .debug_ranges  0x000002d8      0x120 Radio/radio.o
 .debug_ranges  0x000003f8       0x50 Radio/hal_avr.o
 .debug_ranges  0x00000448       0x18 RUM/mac.o
 .debug_ranges  0x00000460       0xe0 RUM/mac_associate.o
 .debug_ranges  0x00000540       0x10 RUM/mac_beacon.o
 .debug_ranges  0x00000550       0x60 RUM/mac_data.o
 .debug_ranges  0x000005b0       0x28 RUM/mac_event.o
 .debug_ranges  0x000005d8       0x38 RUM/mac_route.o
 .debug_ranges  0x00000610       0x68 RUM/mac_scan.o
 .debug_ranges  0x00000678       0x60 Timer/avr_timer.o
 .debug_ranges  0x000006d8       0x58 Timer/timer_enddevice.o
 .debug_ranges  0x00000730       0x60 Application/machine.o
 .debug_ranges  0x00000790       0xc8 UART/serial.o
 .debug_ranges  0x00000858      0x140 Application/application.o

.debug_macro    0x00000000     0xbee1
 *(.debug_macro)
 .debug_macro   0x00000000      0x225 Application/BowComm.o
 .debug_macro   0x00000225      0xb02 Application/BowComm.o
 .debug_macro   0x00000d27      0x1c9 Application/BowComm.o
 .debug_macro   0x00000ef0       0x22 Application/BowComm.o
 .debug_macro   0x00000f12       0x2e Application/BowComm.o
 .debug_macro   0x00000f40       0x35 Application/BowComm.o
 .debug_macro   0x00000f75       0x16 Application/BowComm.o
 .debug_macro   0x00000f8b       0x97 Application/BowComm.o
 .debug_macro   0x00001022       0x16 Application/BowComm.o
 .debug_macro   0x00001038       0x10 Application/BowComm.o
 .debug_macro   0x00001048      0x302 Application/BowComm.o
 .debug_macro   0x0000134a       0x9e Application/BowComm.o
 .debug_macro   0x000013e8     0x3aaf Application/BowComm.o
 .debug_macro   0x00004e97       0x9a Application/BowComm.o
 .debug_macro   0x00004f31       0x81 Application/BowComm.o
 .debug_macro   0x00004fb2       0x34 Application/BowComm.o
 .debug_macro   0x00004fe6       0x18 Application/BowComm.o
 .debug_macro   0x00004ffe       0x6c Application/BowComm.o
 .debug_macro   0x0000506a       0x69 Application/BowComm.o
 .debug_macro   0x000050d3       0x10 Application/BowComm.o
 .debug_macro   0x000050e3      0x160 Application/BowComm.o
 .debug_macro   0x00005243       0xef Application/BowComm.o
 .debug_macro   0x00005332       0x33 Application/BowComm.o
 .debug_macro   0x00005365      0x1bd Application/BowComm.o
 .debug_macro   0x00005522     0x1b5a Application/BowComm.o
 .debug_macro   0x0000707c      0x265 Application/BowComm.o
 .debug_macro   0x000072e1       0x58 Application/BowComm.o
 .debug_macro   0x00007339       0x10 Application/BowComm.o
 .debug_macro   0x00007349       0x35 Application/BowComm.o
 .debug_macro   0x0000737e       0xf2 Application/BowComm.o
 .debug_macro   0x00007470       0x43 Application/BowComm.o
 .debug_macro   0x000074b3       0x83 Application/BowComm.o
 .debug_macro   0x00007536      0x10e Application/BowComm.o
 .debug_macro   0x00007644      0x19a Application/BowComm.o
 .debug_macro   0x000077de       0xdc Application/BowComm.o
 .debug_macro   0x000078ba       0x4a Application/BowComm.o
 .debug_macro   0x00007904       0x87 Application/BowComm.o
 .debug_macro   0x0000798b       0x10 Application/BowComm.o
 .debug_macro   0x0000799b      0x175 Application/BowComm.o
 .debug_macro   0x00007b10       0x4a Application/BowComm.o
 .debug_macro   0x00007b5a       0x28 Application/BowComm.o
 .debug_macro   0x00007b82       0x1c Application/BowComm.o
 .debug_macro   0x00007b9e       0x1c Application/BowComm.o
 .debug_macro   0x00007bba       0x5a Application/BowComm.o
 .debug_macro   0x00007c14       0x68 Application/BowComm.o
 .debug_macro   0x00007c7c       0x8e Application/BowComm.o
 .debug_macro   0x00007d0a      0x1a4 Application/display.o
 .debug_macro   0x00007eae       0x1c Application/display.o
 .debug_macro   0x00007eca      0x112 Application/display.o
 .debug_macro   0x00007fdc       0x4c Application/display.o
 .debug_macro   0x00008028      0x22f Application/display.o
 .debug_macro   0x00008257      0x1e5 Application/reader.o
 .debug_macro   0x0000843c      0x10e Application/reader.o
 .debug_macro   0x0000854a       0x66 Application/reader.o
 .debug_macro   0x000085b0       0x20 Application/reader.o
 .debug_macro   0x000085d0       0x7f Application/reader.o
 .debug_macro   0x0000864f      0x1fb Application/SpeedQueen.o
 .debug_macro   0x0000884a       0x5c mifare/Mifare.o
 .debug_macro   0x000088a6      0x3d8 mifare/Mifare.o
 .debug_macro   0x00008c7e      0x269 mifare/Mifare.o
 .debug_macro   0x00008ee7       0xea mifare/Mifare.o
 .debug_macro   0x00008fd1       0xd6 mifare/Mifare.o
 .debug_macro   0x000090a7       0xb2 mifare/RegCtrl.o
 .debug_macro   0x00009159       0x22 mifare/RegCtrl.o
 .debug_macro   0x0000917b       0x96 SPI/spi.o
 .debug_macro   0x00009211      0x2ad main.o
 .debug_macro   0x000094be       0xaa main.o
 .debug_macro   0x00009568       0x63 main.o
 .debug_macro   0x000095cb       0x82 main.o
 .debug_macro   0x0000964d       0x3b main.o
 .debug_macro   0x00009688       0x10 main.o
 .debug_macro   0x00009698       0x28 main.o
 .debug_macro   0x000096c0      0x1ce Application/sleep.o
 .debug_macro   0x0000988e       0x10 Application/sleep.o
 .debug_macro   0x0000989e       0x88 Application/sleep.o
 .debug_macro   0x00009926       0x3b Application/sleep.o
 .debug_macro   0x00009961      0x1c4 Radio/radio.o
 .debug_macro   0x00009b25      0x1da Radio/hal_avr.o
 .debug_macro   0x00009cff      0x1e0 RUM/mac.o
 .debug_macro   0x00009edf       0x43 RUM/mac.o
 .debug_macro   0x00009f22      0x1d4 RUM/mac_associate.o
 .debug_macro   0x0000a0f6      0x1be RUM/mac_beacon.o
 .debug_macro   0x0000a2b4       0x16 RUM/mac_beacon.o
 .debug_macro   0x0000a2ca      0x1d7 RUM/mac_data.o
 .debug_macro   0x0000a4a1      0x166 RUM/mac_data.o
 .debug_macro   0x0000a607       0x2e RUM/mac_data.o
 .debug_macro   0x0000a635      0x1ff RUM/mac_event.o
 .debug_macro   0x0000a834      0x1cd RUM/mac_route.o
 .debug_macro   0x0000aa01      0x1d9 RUM/mac_scan.o
 .debug_macro   0x0000abda      0x1f8 Timer/avr_timer.o
 .debug_macro   0x0000add2      0x1c2 Timer/timer_enddevice.o
 .debug_macro   0x0000af94      0x175 Timer/timer_enddevice.o
 .debug_macro   0x0000b109       0x12 Timer/timer_enddevice.o
 .debug_macro   0x0000b11b       0x34 Timer/timer_enddevice.o
 .debug_macro   0x0000b14f       0x16 Timer/timer_enddevice.o
 .debug_macro   0x0000b165      0x256 Application/machine.o
 .debug_macro   0x0000b3bb      0x183 Application/machine.o
 .debug_macro   0x0000b53e      0x1e0 UART/serial.o
 .debug_macro   0x0000b71e      0x185 UART/serial.o
 .debug_macro   0x0000b8a3      0x33b Application/application.o
 .debug_macro   0x0000bbde       0x97 Application/application.o
 .debug_macro   0x0000bc75      0x10c Application/application.o
 .debug_macro   0x0000bd81      0x160 Application/application.o
OUTPUT(RDR_MDC_20161115_V0.4.4.elf elf32-avr)
LOAD linker stubs
